******************************************************************************
                  TI ARM Linker PC v16.9.3                     
******************************************************************************
>> Linked Fri Dec 01 16:54:07 2017

OUTPUT FILE NAME:   <SeniorProjRouter.out>
ENTRY POINT SYMBOL: "ResetISR"  address: 0000839d


MEMORY CONFIGURATION

         name            origin    length      used     unused   attr    fill
----------------------  --------  ---------  --------  --------  ----  --------
  FLASH                 00000000   00020000  0000cbba  00013446  R  X
  SRAM                  20000000   00005000  0000303f  00001fc1  RW X


SEGMENT ALLOCATION MAP

run origin  load origin   length   init length attrs members
----------  ----------- ---------- ----------- ----- -------
00000000    00000000    0000003c   0000003c    r--
  00000000    00000000    0000003c   0000003c    r-- .resetVecs
00000100    00000100    0000cb38   0000cb38    r-x
  00000100    00000100    0000003c   0000003c    r-- .const:ti_sysbios_knl_Task_Object__PARAMS__C
  0000013c    0000013c    00000034   00000034    r-- .const:ti_sysbios_knl_Mailbox_Object__PARAMS__C
  00000170    00000170    00000030   00000030    r-- .const:ti_sysbios_family_arm_m3_Hwi_Object__PARAMS__C
  000001a0    000001a0    0000002c   0000002c    r-- .const:ti_sysbios_hal_Hwi_Object__PARAMS__C
  000001cc    000001cc    00000028   00000028    r-- .const:ti_sysbios_heaps_HeapMem_Module__FXNS__C
  000001f4    000001f4    00000028   00000028    r-- .const:ti_sysbios_knl_Swi_Object__PARAMS__C
  0000021c    0000021c    00000024   00000024    r-- .const:ti_sysbios_gates_GateHwi_Module__FXNS__C
  00000240    00000240    00000024   00000024    r-- .const:ti_sysbios_gates_GateMutex_Module__FXNS__C
  00000264    00000264    00000024   00000024    r-- .const:ti_sysbios_heaps_HeapMem_Object__PARAMS__C
  00000288    00000288    00000024   00000024    r-- .const:ti_sysbios_knl_Clock_Object__PARAMS__C
  000002ac    000002ac    00000024   00000024    r-- .const:ti_sysbios_knl_Semaphore_Object__PARAMS__C
  000002d0    000002d0    00000020   00000020    r-- .const:ti_sysbios_family_arm_m3_Hwi_Object__DESC__C
  000002f0    000002f0    00000020   00000020    r-- .const:ti_sysbios_gates_GateHwi_Object__DESC__C
  00000310    00000310    00000020   00000020    r-- .const:ti_sysbios_gates_GateMutex_Object__DESC__C
  00000330    00000330    00000020   00000020    r-- .const:ti_sysbios_hal_Hwi_Object__DESC__C
  00000350    00000350    00000020   00000020    r-- .const:ti_sysbios_heaps_HeapMem_Object__DESC__C
  00000370    00000370    00000020   00000020    r-- .const:ti_sysbios_knl_Clock_Object__DESC__C
  00000390    00000390    00000020   00000020    r-- .const:ti_sysbios_knl_Mailbox_Object__DESC__C
  000003b0    000003b0    00000020   00000020    r-- .const:ti_sysbios_knl_Queue_Object__DESC__C
  000003d0    000003d0    00000020   00000020    r-- .const:ti_sysbios_knl_Semaphore_Object__DESC__C
  000003f0    000003f0    00000020   00000020    r-- .const:ti_sysbios_knl_Swi_Object__DESC__C
  00000410    00000410    00000020   00000020    r-- .const:ti_sysbios_knl_Task_Object__DESC__C
  00000430    00000430    00000018   00000018    r-- .const:ti_sysbios_gates_GateHwi_Object__PARAMS__C
  00000448    00000448    00000018   00000018    r-- .const:ti_sysbios_gates_GateMutex_Object__PARAMS__C
  00000460    00000460    00000018   00000018    r-- .const:ti_sysbios_knl_Queue_Object__PARAMS__C
  00000478    00000478    00000008   00000008    r-- .const:ti_sysbios_knl_Idle_funcList__C
  00000484    00000484    00000004   00000004    r-- .const:ti_sysbios_family_arm_cc26xx_Timer_startupNeeded__C
  00000488    00000488    00000004   00000004    r-- .const:ti_sysbios_family_arm_m3_Hwi_E_alreadyDefined__C
  0000048c    0000048c    00000004   00000004    r-- .const:ti_sysbios_family_arm_m3_Hwi_E_hwiLimitExceeded__C
  00000490    00000490    00000004   00000004    r-- .const:ti_sysbios_family_arm_m3_Hwi_NUM_INTERRUPTS__C
  00000494    00000494    00000004   00000004    r-- .const:ti_sysbios_family_arm_m3_Hwi_Object__count__C
  00000498    00000498    00000004   00000004    r-- .const:ti_sysbios_family_arm_m3_Hwi_Object__table__C
  0000049c    0000049c    00000004   00000004    r-- .const:ti_sysbios_family_arm_m3_Hwi_ccr__C
  000004a0    000004a0    00000004   00000004    r-- .const:ti_sysbios_family_arm_m3_Hwi_excHandlerFunc__C
  000004a4    000004a4    00000004   00000004    r-- .const:ti_sysbios_family_arm_m3_Hwi_nullIsrFunc__C
  000004a8    000004a8    00000004   00000004    r-- .const:ti_sysbios_family_arm_m3_Hwi_numSparseInterrupts__C
  000004ac    000004ac    00000004   00000004    r-- .const:ti_sysbios_family_arm_m3_Hwi_priGroup__C
  000004b0    000004b0    00000004   00000004    r-- .const:ti_sysbios_family_arm_m3_TaskSupport_stackAlignment__C
  000004b4    000004b4    00000004   00000004    r-- .const:ti_sysbios_heaps_HeapMem_E_memory__C
  000004b8    000004b8    00000004   00000004    r-- .const:ti_sysbios_heaps_HeapMem_Module__gateObj__C
  000004bc    000004bc    00000004   00000004    r-- .const:ti_sysbios_heaps_HeapMem_Object__count__C
  000004c0    000004c0    00000004   00000004    r-- .const:ti_sysbios_heaps_HeapMem_Object__table__C
  000004c4    000004c4    00000004   00000004    r-- .const:ti_sysbios_heaps_HeapMem_reqAlign__C
  000004c8    000004c8    00000004   00000004    r-- .const:ti_sysbios_knl_Clock_serviceMargin__C
  000004cc    000004cc    00000004   00000004    r-- .const:ti_sysbios_knl_Mailbox_Object__count__C
  000004d0    000004d0    00000004   00000004    r-- .const:ti_sysbios_knl_Mailbox_Object__table__C
  000004d4    000004d4    00000004   00000004    r-- .const:ti_sysbios_knl_Queue_Object__count__C
  000004d8    000004d8    00000004   00000004    r-- .const:ti_sysbios_knl_Queue_Object__table__C
  000004dc    000004dc    00000004   00000004    r-- .const:ti_sysbios_knl_Swi_Object__count__C
  000004e0    000004e0    00000004   00000004    r-- .const:ti_sysbios_knl_Swi_Object__table__C
  000004e4    000004e4    00000004   00000004    r-- .const:ti_sysbios_knl_Swi_numPriorities__C
  000004e8    000004e8    00000004   00000004    r-- .const:ti_sysbios_knl_Task_Object__count__C
  000004ec    000004ec    00000004   00000004    r-- .const:ti_sysbios_knl_Task_Object__table__C
  000004f0    000004f0    00000004   00000004    r-- .const:ti_sysbios_knl_Task_allBlockedFunc__C
  000004f4    000004f4    00000004   00000004    r-- .const:ti_sysbios_knl_Task_defaultStackHeap__C
  000004f8    000004f8    00000004   00000004    r-- .const:ti_sysbios_knl_Task_defaultStackSize__C
  000004fc    000004fc    00000004   00000004    r-- .const:ti_sysbios_knl_Task_numConstructedTasks__C
  00000502    00000502    00000002   00000002    r-- .const:ti_sysbios_family_arm_cc26xx_Timer_Module__id__C
  00000504    00000504    00000002   00000002    r-- .const:ti_sysbios_family_arm_cc26xx_TimestampProvider_useClockTimer__C
  00000506    00000506    00000002   00000002    r-- .const:ti_sysbios_family_arm_m3_Hwi_Module__id__C
  00000508    00000508    00000002   00000002    r-- .const:ti_sysbios_gates_GateHwi_Module__id__C
  0000050a    0000050a    00000002   00000002    r-- .const:ti_sysbios_gates_GateMutex_Module__id__C
  0000050c    0000050c    00000002   00000002    r-- .const:ti_sysbios_heaps_HeapMem_Module__id__C
  0000050e    0000050e    00000002   00000002    r-- .const:ti_sysbios_knl_Task_initStackFlag__C
  00000510    00000510    00000001   00000001    r-- .const:ti_sysbios_knl_Clock_tickMode__C
  00000514    00000514    00000008   00000008    r-- .const:xdc_runtime_Startup_firstFxns__C
  0000051c    0000051c    00000008   00000008    r-- .const:xdc_runtime_Startup_lastFxns__C
  00000524    00000524    00000004   00000004    r-- .const:xdc_runtime_Assert_E_assertFailed__C
  00000528    00000528    00000004   00000004    r-- .const:xdc_runtime_Error_E_memory__C
  0000052c    0000052c    00000004   00000004    r-- .const:xdc_runtime_Error_policyFxn__C
  00000530    00000530    00000004   00000004    r-- .const:xdc_runtime_IGateProvider_Interface__BASE__C
  00000534    00000534    00000004   00000004    r-- .const:xdc_runtime_IHeap_Interface__BASE__C
  00000538    00000538    00000004   00000004    r-- .const:xdc_runtime_IModule_Interface__BASE__C
  0000053c    0000053c    00000004   00000004    r-- .const:xdc_runtime_Main_Module__diagsEnabled__C
  00000540    00000540    00000004   00000004    r-- .const:xdc_runtime_Main_Module__diagsIncluded__C
  00000544    00000544    00000004   00000004    r-- .const:xdc_runtime_Main_Module__diagsMask__C
  00000548    00000548    00000004   00000004    r-- .const:xdc_runtime_Memory_defaultHeapInstance__C
  0000054c    0000054c    00000004   00000004    r-- .const:xdc_runtime_Startup_execImpl__C
  00000550    00000550    00000004   00000004    r-- .const:xdc_runtime_Startup_maxPasses__C
  00000554    00000554    00000004   00000004    r-- .const:xdc_runtime_Startup_sfxnRts__C
  00000558    00000558    00000004   00000004    r-- .const:xdc_runtime_Startup_sfxnTab__C
  0000055c    0000055c    00000004   00000004    r-- .const:xdc_runtime_Startup_startModsFxn__C
  00000560    00000560    00000004   00000004    r-- .const:xdc_runtime_SysCallback_abortFxn__C
  00000564    00000564    00000004   00000004    r-- .const:xdc_runtime_SysCallback_exitFxn__C
  00000568    00000568    00000004   00000004    r-- .const:xdc_runtime_System_abortFxn__C
  0000056c    0000056c    00000004   00000004    r-- .const:xdc_runtime_System_exitFxn__C
  00000570    00000570    00000004   00000004    r-- .const:xdc_runtime_System_maxAtexitHandlers__C
  00000574    00000574    00000004   00000004    r-- .const:xdc_runtime_Text_charTab__C
  00000578    00000578    00000004   00000004    r-- .const:xdc_runtime_Text_nameEmpty__C
  0000057c    0000057c    00000004   00000004    r-- .const:xdc_runtime_Text_nameStatic__C
  00000580    00000580    00000004   00000004    r-- .const:xdc_runtime_Text_nameUnknown__C
  00000584    00000584    00000002   00000002    r-- .const:xdc_runtime_Main_Module__id__C
  00000586    00000586    00000002   00000002    r-- .const:xdc_runtime_Memory_Module__id__C
  00000588    00000588    00000002   00000002    r-- .const:xdc_runtime_Text_charCnt__C
  0000058a    0000058a    00000002   00000002    r-- .const:xdc_runtime_Text_isLoaded__C
  0000058c    0000058c    00000001   00000001    r-- .const:xdc_runtime_Error_policy__C
  00000590    00000590    00000004   00000004    r-- .const:ti_sysbios_rom_ROM_AONRTCChannelEnable
  00000594    00000594    00000004   00000004    r-- .const:ti_sysbios_rom_ROM_AONRTCCompareValueSet
  00000598    00000598    00000004   00000004    r-- .const:ti_sysbios_rom_ROM_AONRTCCurrentCompareValueGet
  0000059c    0000059c    00000004   00000004    r-- .const:ti_sysbios_rom_ROM_AONRTCEventClear
  000005a0    000005a0    00000004   00000004    r-- .const:ti_sysbios_rom_ROM_ti_sysbios_family_arm_cc26xx_Timer_getCount64__E
  000005a4    000005a4    00000004   00000004    r-- .const:ti_sysbios_rom_ROM_ti_sysbios_family_arm_cc26xx_Timer_getCurrentTick__E
  000005a8    000005a8    00000004   00000004    r-- .const:ti_sysbios_rom_ROM_ti_sysbios_family_arm_cc26xx_Timer_getMaxTicks__E
  000005ac    000005ac    00000004   00000004    r-- .const:ti_sysbios_rom_ROM_ti_sysbios_family_arm_cc26xx_Timer_initDevice__I
  000005b0    000005b0    00000004   00000004    r-- .const:ti_sysbios_rom_ROM_ti_sysbios_family_arm_cc26xx_Timer_setNextTick__E
  000005b4    000005b4    00000004   00000004    r-- .const:ti_sysbios_rom_ROM_ti_sysbios_family_arm_cc26xx_Timer_setThreshold__I
  000005b8    000005b8    00000004   00000004    r-- .const:ti_sysbios_rom_ROM_ti_sysbios_family_arm_cc26xx_Timer_start__E
  000005bc    000005bc    00000004   00000004    r-- .const:ti_sysbios_rom_ROM_ti_sysbios_family_arm_cc26xx_TimestampProvider_get32__E
  000005c0    000005c0    00000004   00000004    r-- .const:ti_sysbios_rom_ROM_xdc_runtime_Startup_getState__I
  000005c4    000005c4    00000004   00000004    r-- .const:ti_sysbios_rom_ROM_xdc_runtime_System_SupportProxy_abort__E
  000005c8    000005c8    00000004   00000004    r-- .const:ti_sysbios_rom_ROM_xdc_runtime_System_SupportProxy_exit__E
  000005cc    000005cc    00000004   00000004    r-- .const:ti_sysbios_gates_GateMutex_Instance_State_sem__O
  000005d0    000005d0    00000004   00000004    r-- .const:ti_sysbios_knl_Clock_Module_State_clockQ__O
  000005d4    000005d4    00000004   00000004    r-- .const:ti_sysbios_knl_Mailbox_Instance_State_dataQue__O
  000005d8    000005d8    00000004   00000004    r-- .const:ti_sysbios_knl_Mailbox_Instance_State_dataSem__O
  000005dc    000005dc    00000004   00000004    r-- .const:ti_sysbios_knl_Mailbox_Instance_State_freeQue__O
  000005e0    000005e0    00000004   00000004    r-- .const:ti_sysbios_knl_Mailbox_Instance_State_freeSem__O
  000005e4    000005e4    00000004   00000004    r-- .const:ti_sysbios_knl_Semaphore_Instance_State_pendQ__O
  000005e8    000005e8    00000004   00000004    r-- .const:ti_sysbios_knl_Task_Module_State_inactiveQ__O
  000005ec    000005ec    00009a9c   00009a9c    r-x .text
  0000a088    0000a088    0000281a   0000281a    r-- .const
  0000c8a8    0000c8a8    00000390   00000390    r-- .cinit
0001ffa8    0001ffa8    00000058   00000058    r--
  0001ffa8    0001ffa8    00000058   00000058    r-- .ccfg
20000100    20000100    00000104   00000000    rw-
  20000100    20000100    00000044   00000000    rw- .data:ti_sysbios_knl_Task_Module__state__V
  20000144    20000144    00000034   00000000    rw- .data:ti_sysbios_family_arm_m3_Hwi_Module__state__V
  20000178    20000178    0000002c   00000000    rw- .data:ti_sysbios_knl_Clock_Module__state__V
  200001a4    200001a4    00000024   00000000    rw- .data:ti_sysbios_BIOS_Module__state__V
  200001c8    200001c8    0000001c   00000000    rw- .data:ti_sysbios_knl_Swi_Module__state__V
  200001e4    200001e4    00000008   00000000    rw- .data:ti_sysbios_family_arm_cc26xx_Timer_Module__state__V
  200001ec    200001ec    00000004   00000000    rw- .data:ti_sysbios_family_arm_cc26xx_TimestampProvider_Module__state__V
  200001f0    200001f0    00000008   00000000    rw- .data:xdc_runtime_Startup_Module__state__V
  200001f8    200001f8    00000008   00000000    rw- .data:xdc_runtime_System_Module__state__V
  20000200    20000200    00000004   00000000    rw- .data:xdc_runtime_Memory_Module__state__V
20000430    20000430    00000010   00000000    rw-
  20000430    20000430    00000010   00000000    rw- .TI.bound:dmaSpi0RxControlTableEntry
20000440    20000440    00000010   00000000    rw-
  20000440    20000440    00000010   00000000    rw- .TI.bound:dmaSpi0TxControlTableEntry
20000500    20000500    00000010   00000000    rw-
  20000500    20000500    00000010   00000000    rw- .TI.bound:dmaSpi1RxControlTableEntry
20000510    20000510    00002b49   00000000    rw-
  20000510    20000510    00000010   00000000    rw- .TI.bound:dmaSpi1TxControlTableEntry
  20000520    20000520    0000256a   00000000    rw- .bss
  20002a90    20002a90    000005c9   00000000    rw- .data
20004d00    20004d00    00000300   00000000    rw-
  20004d00    20004d00    00000300   00000000    rw- .stack


SECTION ALLOCATION MAP

 output                                  attributes/
section   page    origin      length       input sections
--------  ----  ----------  ----------   ----------------
.text      0    000005ec    00009a9c     
                  000005ec    000003b8     rf_singleMode_cc26xxware.aem3 : RFCC26XX_singleMode.oem3 (.text:fsmActiveState)
                  000009a4    0000033c     rom_sysbios.aem3 : rom_sysbios.obj (.text:xdc_runtime_System_doPrint__I)
                  00000ce0    00000324     EasyLink.obj (.text:EasyLink_init)
                  00001004    000002e8     grlib.aem3 : string.oem3 (.text:GrStringDraw)
                  000012ec    00000228     drivers_cc26xxware.aem3 : PowerCC26XX.oem3 (.text:Power_sleep)
                  00001514    0000020c     NodeRFTask.obj (.text:nodeRadioTaskFunction)
                  00001720    00000204     driverlib.lib : sys_ctrl.obj (.text:NOROM_SysCtrlSetRechargeBeforePowerDown)
                  00001924    000001f4     rtsv7M3_T_le_eabi.lib : ull_div_t2.obj (.text)
                  00001b18    000001dc     rf_singleMode_cc26xxware.aem3 : RFCC26XX_singleMode.oem3 (.text:RF_postCmd)
                  00001cf4    000001d0     drivers_cc26xxware.aem3 : PowerCC26XX_calibrateRCOSC.oem3 (.text:calibrateRcoscHf1)
                  00001ec4    000001c4                             : PINCC26XX.oem3 (.text:PIN_init)
                  00002088    000001b6     rtsv7M3_T_le_eabi.lib : fd_add_t2.obj (.text)
                  0000223e    00000002     display.aem3 : DisplayUart.oem3 (.text:DisplayUart_clear)
                  00002240    000001a0     drivers_cc26xxware.aem3 : UARTCC26XX.oem3 (.text:UARTCC26XX_open)
                  000023e0    00000188     EasyLink.obj (.text:rxDoneCallback)
                  00002568    00000184     drivers_cc26xxware.aem3 : PowerCC26XX_calibrateRCOSC.oem3 (.text:PowerCC26XX_doCalibrate)
                  000026ec    00000184     NodeTask.obj (.text:nodeTaskFunction)
                  00002870    00000170     EasyLink.obj (.text:EasyLink_receiveAsync)
                  000029e0    00000168     rf_singleMode_cc26xxware.aem3 : RFCC26XX_singleMode.oem3 (.text:fsmSetupState)
                  00002b48    00000160     drivers_cc26xxware.aem3 : SPICC26XXDMA.oem3 (.text:SPICC26XXDMA_initIO)
                  00002ca8    00000160     EasyLink.obj (.text:enableTestMode)
                  00002e08    00000150     smartrf_settings.obj (.text:rf_patch_rfe_genfsk)
                  00002f58    00000150     smartrf_settings_predefined.obj (.text:rf_patch_rfe_genfsk)
                  000030a8    00000148     drivers_cc26xxware.aem3 : SPICC26XXDMA.oem3 (.text:SPICC26XXDMA_open)
                  000031f0    00000140     display.aem3 : DisplaySharp.oem3 (.text:DisplaySharp_open)
                  00003330    0000013c     EasyLink.obj (.text:EasyLink_transmit)
                  0000346c    00000130     driverlib.lib : setup_rom.obj (.text:NOROM_SetupAfterColdResetWakeupFromShutDownCfg3)
                  0000359c    00000128     rf_singleMode_cc26xxware.aem3 : RFCC26XX_singleMode.oem3 (.text:rf_init)
                  000036c4    0000011c     TempHum.obj (.text:I2CBusProj)
                  000037e0    0000011c     drivers_cc26xxware.aem3 : PowerCC26XX.oem3 (.text:Power_init)
                  000038fc    0000011c                             : UARTCC26XX.oem3 (.text:UARTCC26XX_read)
                  00003a18    00000118     rf_singleMode_cc26xxware.aem3 : RFCC26XX_singleMode.oem3 (.text:hwiFxnCpe0Active)
                  00003b30    00000114     smartrf_settings.obj (.text:rf_patch_mce_genfsk)
                  00003c44    00000114     smartrf_settings_predefined.obj (.text:rf_patch_mce_genfsk)
                  00003d58    00000110     drivers_cc26xxware.aem3 : UARTCC26XX.oem3 (.text:UARTCC26XX_hwiIntFxn)
                  00003e68    00000108     rf_singleMode_cc26xxware.aem3 : RFCC26XX_singleMode.oem3 (.text:RF_close)
                  00003f70    00000100     lcd.aem3 : SharpGrLib.oem3 (.text:SharpGrLib_flush)
                  00004070    00000100     scif_framework.obj (.text:scifInit)
                  00004170    000000fc     drivers_cc26xxware.aem3 : UARTCC26XX.oem3 (.text:UARTCC26XX_write)
                  0000426c    000000fc     rtsv7M3_T_le_eabi.lib : fd_mul_t2.obj (.text)
                  00004368    000000fa                           : fs_add_t2.obj (.text)
                  00004462    00000002     display.aem3 : DisplayUart.oem3 (.text:DisplayUart_clearLines)
                  00004464    000000f8     drivers_cc26xxware.aem3 : I2CCC26XX.oem3 (.text:I2CCC26XX_open)
                  0000455c    000000f8     SeniorProjGPS_pem3.oem3 (.text:xdc_runtime_System_printfExtend__I)
                  00004654    000000f4     drivers_cc26xxware.aem3 : SPICC26XXDMA.oem3 (.text:SPICC26XXDMA_configDMA)
                  00004748    000000f0                             : SPICC26XXDMA.oem3 (.text:SPICC26XXDMA_transferCancel)
                  00004838    000000e8                             : I2CCC26XX.oem3 (.text:I2CCC26XX_hwiFxn)
                  00004920    000000e8     rom_sysbios.aem3 : rom_sysbios.obj (.text:ti_sysbios_knl_Event_pend__E)
                  00004a08    000000e6     lcd.aem3 : SharpGrLib.oem3 (.text:SharpGrLib_rectFill)
                  00004aee    00000002     driverlib.lib : rfc.obj (.text:NOROM_RFCAdi3VcoLdoVoltageMode)
                  00004af0    000000e4                   : setup_rom.obj (.text:NOROM_SetupAfterColdResetWakeupFromShutDownCfg2)
                  00004bd4    000000e0     display.aem3 : DisplaySharp.oem3 (.text:DisplaySharp_put5)
                  00004cb4    000000e0     drivers_cc26xxware.aem3 : PINCC26XX.oem3 (.text:PINCC26XX_setIoCfg)
                  00004d94    000000e0     scif_framework.obj (.text:scifCtrlTasksNbl)
                  00004e74    000000d8     EasyLink.obj (.text:EasyLink_enableRxAddrFilter)
                  00004f4c    000000d4     power_cc26xx_tirtos.aem3 : PowerCC26XX_tirtos.oem3 (.text:PowerCC26XX_standbyPolicy)
                  00005020    000000d4     drivers_cc26xxware.aem3 : PowerCC26XX.oem3 (.text:Power_releaseDependency)
                  000050f4    000000d4                             : SPICC26XXDMA.oem3 (.text:SPICC26XXDMA_control)
                  000051c8    000000d0     display.aem3 : DisplaySharp.oem3 (.text:DisplaySharp_control)
                  00005298    000000d0     drivers_cc26xxware.aem3 : PowerCC26XX.oem3 (.text:Power_setDependency)
                  00005368    000000cc     rf_singleMode_cc26xxware.aem3 : RFCC26XX_singleMode.oem3 (.text:RF_open)
                  00005434    000000c8     drivers_cc26xxware.aem3 : UARTCC26XX.oem3 (.text:UARTCC26XX_initHw)
                  000054fc    000000c4     rf_singleMode_cc26xxware.aem3 : RFCC26XX_singleMode.oem3 (.text:fsmPowerUpState)
                  000055c0    000000c2     drivers_cc26xxware.aem3 : I2CCC26XX.oem3 (.text:I2CCC26XX_transfer)
                  00005682    00000002     driverlib.lib : rfc.obj (.text:NOROM_RFCRTrim)
                  00005684    000000c0     EasyLink.obj (.text:EasyLink_setCtrl)
                  00005744    000000c0     NodeRFTask.obj (.text:sendDmPacket)
                  00005804    000000bc     lcd.aem3 : SharpGrLib.oem3 (.text:SharpGrLib_clearScreen)
                  000058c0    000000bc     driverlib.lib : setup.obj (.text:TrimAfterColdResetWakeupFromShutDown)
                  0000597c    000000b0     drivers_cc26xxware.aem3 : SPICC26XXDMA.oem3 (.text:SPICC26XXDMA_transfer)
                  00005a2c    000000ac     NodeRFTask.obj (.text:NodeRadioTask_init)
                  00005ad8    000000aa     lcd.aem3 : SharpGrLib.oem3 (.text:SharpGrLib_lineDrawH)
                  00005b82    00000002     drivers_cc26xxware.aem3 : SPICC26XXDMA.oem3 (.text:SPICC26XXDMA_serviceISR)
                  00005b84    000000a8     driverlib.lib : setup.obj (.text:NOROM_SetupTrimDevice)
                  00005c2c    000000a2     drivers_cc26xxware.aem3 : SPICC26XXDMA.oem3 (.text:SPICC26XXDMA_hwiFxn)
                  00005cce    00000002     SceAdc.obj (.text:ctrlReadyCallback)
                  00005cd0    000000a0     auto_init.aem3 : auto_init.oem3 (.text)
                  00005d70    0000009e     rom_sysbios.aem3 : rom_sysbios.obj (.text:xdc_runtime_Text_putSite__E)
                  00005e0e    0000009c     rtsv7M3_T_le_eabi.lib : memcpy_t2.obj (.text)
                  00005eaa    00000002     rf_singleMode_cc26xxware.aem3 : RFCC26XX_singleMode.oem3 (.text:defaultErrCb)
                  00005eac    00000098     NodeTask.obj (.text:NodeTask_init)
                  00005f44    00000098     rom_sysbios.aem3 : rom_sysbios.obj (.text:ti_sysbios_knl_Clock_workFuncDynamic__E)
                  00005fdc    00000094     drivers_cc26xxware.aem3 : PINCC26XX.oem3 (.text:PIN_open)
                  00006070    00000094                             : UARTCC26XX.oem3 (.text:writeFinishedDoCallback)
                  00006104    00000094     rom_sysbios.aem3 : rom_sysbios.obj (.text:xdc_runtime_Text_putMod__E)
                  00006198    00000092     rtsv7M3_T_le_eabi.lib : fs_div_t2.obj (.text)
                  0000622a    00000002     drivers_cc26xxware.aem3 : PowerCC26XX.oem3 (.text:emptyClockFunc)
                  0000622c    00000090                             : I2CCC26XX.oem3 (.text:I2CCC26XX_cancel)
                  000062bc    00000090                             : PowerCC26XX.oem3 (.text:switchXOSCHFclockFunc)
                  0000634c    0000008c                             : I2CCC26XX.oem3 (.text:I2CCC26XX_primeTransfer)
                  000063d8    0000008c                             : UARTCC26XX.oem3 (.text:UARTCC26XX_initIO)
                  00006464    0000008c                             : UARTCC26XX.oem3 (.text:UARTCC26XX_writeCancel)
                  000064f0    0000008c     scif_framework.obj (.text:scifInitIo)
                  0000657c    00000088     grlib.aem3 : rectangle.oem3 (.text:GrRectFill)
                  00006604    00000084     TempHum.obj (.text:Temperature)
                  00006688    00000084     rf_singleMode_cc26xxware.aem3 : RFCC26XX_singleMode.oem3 (.text:swiFxnHw)
                  0000670c    00000080                                   : RFCC26XX_singleMode.oem3 (.text:RF_pendCmd)
                  0000678c    0000007c     drivers_cc26xxware.aem3 : PowerCC26XX.oem3 (.text:disableLFClockQualifiers)
                  00006808    0000007a     rtsv7M3_T_le_eabi.lib : fs_mul_t2.obj (.text)
                  00006882    0000007a                           : memset_t2.obj (.text)
                  000068fc    00000078     driverlib.lib : setup_rom.obj (.text:NOROM_SetupAfterColdResetWakeupFromShutDownCfg1)
                  00006974    00000078     drivers_cc26xxware.aem3 : UARTCC26XX.oem3 (.text:UARTCC26XX_close)
                  000069ec    00000074                             : PowerCC26XX_calibrateRCOSC.oem3 (.text:PowerCC26XX_auxISR)
                  00006a60    00000074                             : PowerCC26XX_calibrateRCOSC.oem3 (.text:calibrateRcoscHf2)
                  00006ad4    00000074     rf_singleMode_cc26xxware.aem3 : RFCC26XX_singleMode.oem3 (.text:decActiveClientCnt)
                  00006b48    00000074                                   : RFCC26XX_singleMode.oem3 (.text:fsmPowerDownState)
                  00006bbc    00000074     NodeRFTask.obj (.text:resendPacket)
                  00006c30    00000074     rom_sysbios.aem3 : rom_sysbios.obj (.text:ti_sysbios_family_arm_cc26xx_Timer_start__E)
                  00006ca4    00000074     drivers_cc26xxware.aem3 : UARTCC26XX.oem3 (.text:writeTxFifoFlush)
                  00006d18    00000070     driverlib.lib : chipinfo.obj (.text:NOROM_ChipInfo_GetHwRevision)
                  00006d88    00000070     scif_framework.obj (.text:scifGetTaskStruct)
                  00006df8    00000070     rom_sysbios.aem3 : rom_sysbios.obj (.text:ti_sysbios_knl_Event_post__E)
                  00006e68    0000006e     rtsv7M3_T_le_eabi.lib : fd_tos_t2.obj (.text)
                  00006ed6    00000002     smartrf_settings.obj (.text:enterGenfskSysPatch)
                  00006ed8    0000006d     rom_sysbios.aem3 : rom_sysbios.obj (.text:xdc_runtime_System_formatNum__I)
                  00006f45    00000001     --HOLE-- [fill = 0]
                  00006f46    00000002     smartrf_settings_predefined.obj (.text:enterGenfskSysPatch)
                  00006f48    0000006c     driverlib.lib : setup_rom.obj (.text:NOROM_SetupGetTrimForAmpcompCtrl)
                  00006fb4    0000006c     drivers_cc26xxware.aem3 : PINCC26XX.oem3 (.text:PIN_add)
                  00007020    0000006c                             : PowerCC26XX.oem3 (.text:PowerCC26XX_calibrate)
                  0000708c    0000006c                             : UARTCC26XX.oem3 (.text:UARTCC26XX_readCancel)
                  000070f8    00000068     driverlib.lib : setup_rom.obj (.text:NOROM_SetupGetTrimForAnabypassValue1)
                  00007160    00000068                   : sys_ctrl.obj (.text:NOROM_SysCtrl_DCDC_VoltageConditionalControl)
                  000071c8    00000068     rf_singleMode_cc26xxware.aem3 : RFCC26XX_singleMode.oem3 (.text:RF_getCurrentTime)
                  00007230    00000068     rtsv7M3_T_le_eabi.lib : copy_decompress_lzss.obj (.text:decompress:lzss)
                  00007298    00000064     drivers_cc26xxware.aem3 : I2CCC26XX.oem3 (.text:I2CCC26XX_close)
                  000072fc    00000064                             : I2CCC26XX.oem3 (.text:I2CCC26XX_initIO)
                  00007360    00000064                             : UARTCC26XX.oem3 (.text:UARTCC26XX_control)
                  000073c4    00000060     display.aem3 : DisplaySharp.oem3 (.text:DisplaySharp_clearLines)
                  00007424    00000060     drivers_cc26xxware.aem3 : PowerCC26XX_calibrateRCOSC.oem3 (.text:PowerCC26XX_RCOSC_clockFunc)
                  00007484    00000060                             : SPICC26XXDMA.oem3 (.text:SPICC26XXDMA_initHw)
                  000074e4    00000060     rf_singleMode_cc26xxware.aem3 : RFCC26XX_singleMode.oem3 (.text:fsmXOSCState)
                  00007544    00000060     drivers_cc26xxware.aem3 : PowerCC26XX_calibrateRCOSC.oem3 (.text:updateSubSecInc)
                  000075a4    0000005c     driverlib.lib : osc.obj (.text:NOROM_OSCHF_AttemptToSwitchToXosc)
                  00007600    0000005c                   : sys_ctrl.obj (.text:NOROM_SysCtrlAdjustRechargeAfterPowerDown)
                  0000765c    0000005c     NodeRFTask.obj (.text:NodeRadioTask_sendAdcData)
                  000076b8    0000005c     drivers_cc26xxware.aem3 : PINCC26XX.oem3 (.text:PIN_remove)
                  00007714    0000005c                             : UDMACC26XX.oem3 (.text:UDMACC26XX_open)
                  00007770    0000005c     SeniorProjGPS_pem3.oem3 (.text:xdc_runtime_Startup_getState__I)
                  000077cc    0000005b     rom_sysbios.aem3 : rom_sysbios.obj (.text:xdc_runtime_Text_putLab__E)
                  00007827    00000001     --HOLE-- [fill = 0]
                  00007828    0000005a     drivers_cc26xxware.aem3 : SPICC26XXDMA.oem3 (.text:SPICC26XXDMA_close)
                  00007882    00000058     display.aem3 : DisplayUart.oem3 (.text:DisplayUart_put5)
                  000078da    00000058     drivers_cc26xxware.aem3 : I2CCC26XX.oem3 (.text:I2CCC26XX_swiFxn)
                  00007932    00000002     rtsv7M3_T_le_eabi.lib : i_div0.obj (.text)
                  00007934    00000058     drivers_cc26xxware.aem3 : PowerCC26XX_calibrateRCOSC.oem3 (.text:PowerCC26XX_initiateCalibration)
                  0000798c    00000058     lcd.aem3 : SharpGrLib.oem3 (.text:SharpGrLib_lineDrawV)
                  000079e4    00000058     NodeRFTask.obj (.text:rxDoneCallback)
                  00007a3c    00000058     scif_framework.obj (.text:scifReinitIo)
                  00007a94    00000058     scif_framework.obj (.text:scifUninitIo)
                  00007aec    00000054     TempHum.obj (.text:Humidity)
                  00007b40    00000054     drivers_cc26xxware.aem3 : SPICC26XXDMA.oem3 (.text:SPICC26XXDMA_swiFxn)
                  00007b94    00000054     SceAdc.obj (.text:SceAdc_init)
                  00007be8    00000054     drivers_cc26xxware.aem3 : PowerCC26XX.oem3 (.text:configureXOSCHF)
                  00007c3c    00000054     rf_singleMode_cc26xxware.aem3 : RFCC26XX_singleMode.oem3 (.text:hwiFxnHw)
                  00007c90    00000054                                   : RFCC26XX_singleMode.oem3 (.text:ratChanFree)
                  00007ce4    00000050     driverlib.lib : setup_rom.obj (.text:NOROM_SetupSetCacheModeAccordingToCcfgSetting)
                  00007d34    00000050     rf_singleMode_cc26xxware.aem3 : RFCC26XX_singleMode.oem3 (.text:dispatchOpWhen)
                  00007d84    00000050                                   : RFCC26XX_singleMode.oem3 (.text:syncCb)
                  00007dd4    0000004e     grlib.aem3 : line.oem3 (.text:GrLineDrawH)
                  00007e22    0000004c     display.aem3 : DisplayUart.oem3 (.text:DisplayUart_open)
                  00007e6e    00000002     rom_sysbios.aem3 : rom_sysbios.obj (.text:ti_sysbios_BIOS_linkedWithIncorrectBootLibrary__E)
                  00007e70    0000004c     driverlib.lib : chipinfo.obj (.text:NOROM_ChipInfo_GetChipType)
                  00007ebc    0000004c                   : osc.obj (.text:NOROM_OSCClockSourceSet)
                  00007f08    0000004c     TempHum.obj (.text:TempHum_init)
                  00007f54    0000004c     rf_singleMode_cc26xxware.aem3 : RFCC26XX_singleMode.oem3 (.text:applyRfCorePatch)
                  00007fa0    0000004c     rtsv7M3_T_le_eabi.lib : cpy_tbl.obj (.text)
                  00007fec    0000004c     drivers_cc26xxware.aem3 : UARTCC26XX.oem3 (.text:startTxFifoEmptyClk)
                  00008038    0000004a     display.aem3 : DisplaySharp.oem3 (.text:DisplaySharp_close)
                  00008082    0000004a     lcd.aem3 : SharpGrLib.oem3 (.text:SharpGrLib_drawMultiple)
                  000080cc    00000048     display.aem3 : Display.oem3 (.text:Display_doOpen)
                  00008114    00000048     drivers_cc26xxware.aem3 : I2CCC26XX.oem3 (.text:I2CCC26XX_initHw)
                  0000815c    00000048     driverlib.lib : chipinfo.obj (.text:NOROM_ChipInfo_GetChipFamily)
                  000081a4    00000048                   : ddi.obj (.text:NOROM_DDI16BitfieldWrite)
                  000081ec    00000048     drivers_cc26xxware.aem3 : PINCC26XX.oem3 (.text:PIN_setOutputEnable)
                  00008234    00000048                             : PINCC26XX.oem3 (.text:PIN_swi)
                  0000827c    00000048     rf_singleMode_cc26xxware.aem3 : RFCC26XX_singleMode.oem3 (.text:RF_runCmd)
                  000082c4    00000048     SeniorProjRouter.obj (.text:main)
                  0000830c    00000048     drivers_cc26xxware.aem3 : PowerCC26XX.oem3 (.text:notify)
                  00008354    00000046                             : RingBuf.oem3 (.text:RingBuf_put)
                  0000839a    00000002     SeniorProjGPS_pem3.oem3 (.text:ti_sysbios_BIOS_nullFunc__I)
                  0000839c    00000044     boot.aem3 : boot.oem3 (.text)
                  000083e0    00000044     scif.obj (.text:scifStartRtcTicks)
                  00008424    00000044     rom_sysbios.aem3 : rom_sysbios.obj (.text:xdc_runtime_Text_xprintf__I)
                  00008468    00000042     lcd.aem3 : SharpGrLib.oem3 (.text:SharpGrLib_pixelDraw)
                  000084aa    00000002     rom_sysbios.aem3 : rom_sysbios.obj (.text:ti_sysbios_knl_Clock_triggerFunc__I)
                  000084ac    00000040     driverlib.lib : ddi.obj (.text:NOROM_DDI16BitfieldRead)
                  000084ec    00000040     drivers_cc26xxware.aem3 : RingBuf.oem3 (.text:RingBuf_get)
                  0000852c    00000040     rtsv7M3_T_le_eabi.lib : u_divt2.obj (.text)
                  0000856c    00000040     scif.obj (.text:scifStartRtcTicksNow)
                  000085ac    0000003c     driverlib.lib : osc.obj (.text:NOROM_OSC_HPOSCRelativeFrequencyOffsetGet)
                  000085e8    0000003c                   : rfc.obj (.text:NOROM_RFCSynthPowerDown)
                  00008624    0000003c     drivers_cc26xxware.aem3 : PINCC26XX.oem3 (.text:PINCC26XX_getConfig)
                  00008660    0000003c                             : PINCC26XX.oem3 (.text:PIN_setOutputValue)
                  0000869c    0000003c                             : SPICC26XXDMA.oem3 (.text:SPICC26XXDMA_csnCallback)
                  000086d8    0000003c                             : UARTCC26XX.oem3 (.text:UARTCC26XX_swiIntFxn)
                  00008714    0000003c     smartrf_settings.obj (.text:configureGenfskPatch)
                  00008750    0000003c     smartrf_settings_predefined.obj (.text:configureGenfskPatch)
                  0000878c    00000038     drivers_cc26xxware.aem3 : I2C.oem3 (.text:I2C_init)
                  000087c4    00000038                             : PINCC26XX.oem3 (.text:PIN_setInterrupt)
                  000087fc    00000038                             : UARTCC26XX.oem3 (.text:readData)
                  00008834    00000038     rtsv7M3_T_le_eabi.lib : fs_tod_t2.obj (.text)
                  0000886c    00000038                           : fs_toi_t2.obj (.text)
                  000088a4    00000038     rom_sysbios.aem3 : rom_sysbios.obj (.text:ti_sysbios_family_arm_cc26xx_Timer_getCurrentTick__E)
                  000088dc    00000038     drivers_cc26xxware.aem3 : UARTCC26XX.oem3 (.text:writeData)
                  00008914    00000036                             : UDMACC26XX.oem3 (.text:UDMACC26XX_close)
                  0000894a    00000036     rf_singleMode_cc26xxware.aem3 : RFCC26XX_singleMode.oem3 (.text:updateImplicitState)
                  00008980    00000034     driverlib.lib : osc.obj (.text:NOROM_OSCHF_SwitchToRcOscTurnOffXosc)
                  000089b4    00000034     drivers_cc26xxware.aem3 : PINCC26XX.oem3 (.text:PIN_setConfig)
                  000089e8    00000034     rf_singleMode_cc26xxware.aem3 : RFCC26XX_singleMode.oem3 (.text:Q_push)
                  00008a1c    00000034     NodeTask.obj (.text:buttonCallback)
                  00008a50    00000034     drivers_cc26xxware.aem3 : UARTCC26XX.oem3 (.text:readData2RingBuf)
                  00008a84    00000034     rtsv7M3_T_le_eabi.lib : fs_tou_t2.obj (.text)
                  00008ab8    00000034     scif_framework.obj (.text:scifAckAlertEvents)
                  00008aec    00000034     SceAdc.obj (.text:taskAlertCallback)
                  00008b20    00000034     rom_sysbios.aem3 : rom_sysbios.obj (.text:ti_sysbios_family_arm_cc26xx_Timer_initDevice__I)
                  00008b54    00000032     display.aem3 : DisplaySharp.oem3 (.text:DisplaySharp_clear)
                  00008b86    00000032     rom_sysbios.aem3 : rom_sysbios.obj (.text:ti_sysbios_family_arm_cc26xx_Timer_setNextTick__E)
                  00008bb8    00000030     drivers_cc26xxware.aem3 : I2C.oem3 (.text:I2C_open)
                  00008be8    00000030     driverlib.lib : setup_rom.obj (.text:NOROM_SetupSetAonRtcSubSecInc)
                  00008c18    00000030     drivers_cc26xxware.aem3 : PowerCC26XX.oem3 (.text:Power_releaseConstraint)
                  00008c48    00000030                             : PowerCC26XX.oem3 (.text:Power_setConstraint)
                  00008c78    00000030                             : SPI.oem3 (.text:SPI_open)
                  00008ca8    00000030                             : UART.oem3 (.text:UART_open)
                  00008cd8    00000030     rf_singleMode_cc26xxware.aem3 : RFCC26XX_singleMode.oem3 (.text:clkPowerUpFxn)
                  00008d08    00000030     scif_framework.obj (.text:osalRegisterCtrlReadyInt)
                  00008d38    00000030     scif_framework.obj (.text:osalRegisterTaskAlertInt)
                  00008d68    00000030     SeniorProjGPS_pem3.oem3 (.text:ti_sysbios_BIOS_atExitFunc__I)
                  00008d98    00000030     SeniorProjGPS_pem3.oem3 (.text:ti_sysbios_BIOS_startFunc__I)
                  00008dc8    00000030     rom_sysbios.aem3 : rom_sysbios.obj (.text:ti_sysbios_family_arm_cc26xx_Timer_setThreshold__I)
                  00008df8    0000002f                      : rom_sysbios.obj (.text:xdc_runtime_Text_printVisFxn__I)
                  00008e27    00000001     --HOLE-- [fill = 0]
                  00008e28    0000002e     lcd.aem3 : SharpGrLib.oem3 (.text:SharpGrLib_initializeDisplayBuffer)
                  00008e56    0000002e     SeniorProjGPS_pem3.oem3 (.text:malloc)
                  00008e84    0000002c     driverlib.lib : ddi.obj (.text:NOROM_DDI32RegWrite)
                  00008eb0    0000002c                   : setup_rom.obj (.text:NOROM_SetupGetTrimForRadcExtCfg)
                  00008edc    0000002c     drivers_cc26xxware.aem3 : PINCC26XX.oem3 (.text:PINCC26XX_setMux)
                  00008f08    0000002c     lcd.aem3 : SharpGrLib.oem3 (.text:SharpGrLib_init)
                  00008f34    0000002c     EasyLink.obj (.text:asyncCmdCallback)
                  00008f60    0000002c     rf_singleMode_cc26xxware.aem3 : RFCC26XX_singleMode.oem3 (.text:getCmd)
                  00008f8c    0000002c     scif_framework.obj (.text:osalLockCtrlTaskNbl)
                  00008fb8    0000002c     rom_sysbios.aem3 : rom_sysbios.obj (.text:ti_sysbios_knl_Clock_getTicksUntilInterrupt__E)
                  00008fe4    0000002c     SeniorProjGPS_pem3.oem3 (.text:ti_sysbios_knl_Event_construct)
                  00009010    0000002c     rom_sysbios.aem3 : rom_sysbios.obj (.text:ti_sysbios_knl_Event_pendTimeout__I)
                  0000903c    0000002a                      : rom_sysbios.obj (.text:xdc_runtime_System_putchar__I)
                  00009066    00000002     SeniorProjGPS_pem3.oem3 (.text:ti_sysbios_rom_cortexm_cc26xx_CC26xx_badRomRevision__E)
                  00009068    00000028     driverlib.lib : aon_batmon.obj (.text:NOROM_AONBatMonTemperatureGetDegC)
                  00009090    00000028     drivers_cc26xxware.aem3 : PowerCC26XX.oem3 (.text:Power_registerNotify)
                  000090b8    00000028     rf_singleMode_cc26xxware.aem3 : RFCC26XX_singleMode.oem3 (.text:Q_end)
                  000090e0    00000028     drivers_cc26xxware.aem3 : SPICC26XXDMA.oem3 (.text:SPICC26XXDMA_flushFifos)
                  00009108    00000028     driverlib.lib : adi.obj (.text:SafeHapiVoid)
                  00009130    00000026     drivers_cc26xxware.aem3 : List.oem3 (.text:List_put)
                  00009156    00000002     rom_sysbios.aem3 : rom_sysbios.obj (.text:xdc_runtime_SysCallback_defaultAbort)
                  00009158    00000024     drivers_cc26xxware.aem3 : PINCC26XX.oem3 (.text:PINCC26XX_getPinCount)
                  0000917c    00000024     SceAdc.obj (.text:SceAdc_setReportInterval)
                  000091a0    00000024     NodeTask.obj (.text:adcCallback)
                  000091c4    00000024     drivers_cc26xxware.aem3 : PowerCC26XX_calibrateRCOSC.oem3 (.text:getTdcSemaphore)
                  000091e8    00000024     rf_singleMode_cc26xxware.aem3 : RFCC26XX_singleMode.oem3 (.text:hwiFxnCpe0PowerFsm)
                  0000920c    00000024     scif_framework.obj (.text:osalIndicateCtrlReady)
                  00009230    00000024     rtsv7M3_T_le_eabi.lib : u_tofs_t2.obj (.text)
                  00009254    00000024     scif_framework.obj (.text:scifOsalInit)
                  00009278    00000024     SeniorProjGPS_pem3.oem3 (.text:ti_sysbios_BIOS_registerRTSLock__I)
                  0000929c    00000024     SeniorProjGPS_pem3.oem3 (.text:ti_sysbios_BIOS_removeRTSLock__I)
                  000092c0    00000024     rom_sysbios.aem3 : rom_sysbios.obj (.text:ti_sysbios_family_arm_cc26xx_Timer_getMaxTicks__E)
                  000092e4    00000024                      : rom_sysbios.obj (.text:xdc_runtime_System_vprintf__E)
                  00009308    00000022     grlib.aem3 : context.oem3 (.text:GrContextInit)
                  0000932a    00000002     rom_sysbios.aem3 : rom_sysbios.obj (.text:xdc_runtime_SysCallback_defaultExit)
                  0000932c    00000020     driverlib.lib : rfc.obj (.text:NOROM_RFCDoorbellSendTo)
                  0000934c    00000020                   : rfc.obj (.text:NOROM_RFCRfTrimRead)
                  0000936c    00000020                   : setup_rom.obj (.text:NOROM_SetupGetTrimForXoscHfCtl)
                  0000938c    00000020     drivers_cc26xxware.aem3 : PowerCC26XX.oem3 (.text:Power_unregisterNotify)
                  000093ac    00000020     rf_singleMode_cc26xxware.aem3 : RFCC26XX_singleMode.oem3 (.text:allocCmd)
                  000093cc    00000020     NodeRFTask.obj (.text:returnRadioOperationStatus)
                  000093ec    00000020     SeniorProjGPS_pem3.oem3 (.text:ti_sysbios_BIOS_rtsLock__I)
                  0000940c    00000020     rom_sysbios.aem3 : rom_sysbios.obj (.text:ti_sysbios_family_arm_cc26xx_Timer_dynamicStub__E)
                  0000942c    00000020                      : rom_sysbios.obj (.text:ti_sysbios_knl_Clock_stop__E)
                  0000944c    00000020                      : rom_sysbios.obj (.text:ti_sysbios_knl_Event_checkEvents__I)
                  0000946c    00000020                      : rom_sysbios.obj (.text:xdc_runtime_Registry_findById__E)
                  0000948c    0000001e     drivers_cc26xxware.aem3 : PINCC26XX.oem3 (.text:PIN_close)
                  000094aa    0000001e                             : PowerCC26XX.oem3 (.text:Power_getTransitionLatency)
                  000094c8    0000001c     driverlib.lib : osc.obj (.text:NOROM_OSCClockSourceGet)
                  000094e4    0000001c                   : setup_rom.obj (.text:NOROM_SetupGetTrimForAmpcompTh2)
                  00009500    0000001c                   : setup_rom.obj (.text:NOROM_SetupGetTrimForRcOscLfRtuneCtuneTrim)
                  0000951c    0000001c     drivers_cc26xxware.aem3 : PINCC26XX.oem3 (.text:PINCC26XX_setIoCfgMux)
                  00009538    0000001c                             : PINCC26XX.oem3 (.text:PIN_hwi)
                  00009554    0000001c                             : UDMACC26XX.oem3 (.text:UDMACC26XX_initHw)
                  00009570    0000001c     smartrf_settings.obj (.text:enterGenfskCpePatch)
                  0000958c    0000001c     smartrf_settings_predefined.obj (.text:enterGenfskCpePatch)
                  000095a8    0000001c     rom_sysbios.aem3 : rom_sysbios.obj (.text:ti_sysbios_family_arm_m3_Hwi_clearInterrupt__E)
                  000095c4    0000001a     drivers_cc26xxware.aem3 : List.oem3 (.text:List_remove)
                  000095de    0000001a     grlib.aem3 : string.oem3 (.text:NumLeadingZeros)
                  000095f8    0000001a     rom_sysbios.aem3 : rom_sysbios_config.obj (.text:xdc_runtime_System_printf__E)
                  00009612    0000001a                      : rom_sysbios_config.obj (.text:xdc_runtime_System_snprintf__E)
                  0000962c    00000018     display.aem3 : DisplayUart.oem3 (.text:DisplayUart_close)
                  00009644    00000018     driverlib.lib : aon_rtc.obj (.text:NOROM_AONRTCCurrentCompareValueGet)
                  0000965c    00000018                   : chipinfo.obj (.text:NOROM_ChipInfo_GetPackageType)
                  00009674    00000018                   : osc.obj (.text:NOROM_OSCHF_TurnOnXosc)
                  0000968c    00000018                   : rfc.obj (.text:NOROM_RFCCpeIntGetAndClear)
                  000096a4    00000018                   : setup_rom.obj (.text:NOROM_SetupGetTrimForAdcShModeEn)
                  000096bc    00000018                   : setup_rom.obj (.text:NOROM_SetupGetTrimForAdcShVbufEn)
                  000096d4    00000018                   : setup_rom.obj (.text:NOROM_SetupGetTrimForAmpcompTh1)
                  000096ec    00000018                   : setup_rom.obj (.text:NOROM_SetupGetTrimForDblrLoopFilterResetVoltage)
                  00009704    00000018                   : setup_rom.obj (.text:NOROM_SetupGetTrimForRcOscLfIBiasTrim)
                  0000971c    00000018                   : setup_rom.obj (.text:NOROM_SetupGetTrimForXoscLfRegulatorAndCmirrwrRatio)
                  00009734    00000018     drivers_cc26xxware.aem3 : PINCC26XX.oem3 (.text:PIN_getConfig)
                  0000974c    00000018                             : PowerCC26XX.oem3 (.text:Power_idleFunc)
                  00009764    00000018     rf_singleMode_cc26xxware.aem3 : RFCC26XX_singleMode.oem3 (.text:Q_pop)
                  0000977c    00000018     drivers_cc26xxware.aem3 : UARTCC26XX.oem3 (.text:UARTCC26XX_init)
                  00009794    00000018                             : UART.oem3 (.text:UART_Params_init)
                  000097ac    00000018                             : PowerCC26XX.oem3 (.text:configureRFCoreClocks)
                  000097c4    00000018     SeniorProjGPS_pem3.oem3 (.text:free)
                  000097dc    00000018     lcd.aem3 : SharpGrLib.oem3 (.text:reverse)
                  000097f4    00000018     rtsv7M3_T_le_eabi.lib : args_main.obj (.text)
                  0000980c    00000018                           : ll_mul_t2.obj (.text)
                  00009824    00000018     scif_framework.obj (.text:scifClearAlertIntSource)
                  0000983c    00000018     rf_singleMode_cc26xxware.aem3 : RFCC26XX_singleMode.oem3 (.text:swiFxnFsm)
                  00009854    00000018     SeniorProjGPS_pem3.oem3 (.text:ti_sysbios_BIOS_rtsUnlock__I)
                  0000986c    00000018     rom_sysbios.aem3 : rom_sysbios.obj (.text:ti_sysbios_knl_Swi_or__E)
                  00009884    00000018     SeniorProjGPS_pem3.oem3 (.text:ti_sysbios_rom_cortexm_cc26xx_CC26xx_checkRevision__E)
                  0000989c    00000016     SeniorProjGPS_pem3.oem3 (.text:ti_sysbios_BIOS_exitFunc__I)
                  000098b2    00000016     scif_framework.obj (.text:ti_sysbios_family_arm_m3_Hwi_Params_init)
                  000098c8    00000016     NodeRFTask.obj (.text:ti_sysbios_knl_Event_Params_init)
                  000098de    00000016     NodeTask.obj (.text:ti_sysbios_knl_Event_Params_init)
                  000098f4    00000016     EasyLink.obj (.text:ti_sysbios_knl_Semaphore_Params_init)
                  0000990a    00000016     NodeRFTask.obj (.text:ti_sysbios_knl_Semaphore_Params_init)
                  00009920    00000016     scif_framework.obj (.text:ti_sysbios_knl_Semaphore_Params_init)
                  00009936    00000016     NodeRFTask.obj (.text:ti_sysbios_knl_Task_Params_init)
                  0000994c    00000016     NodeTask.obj (.text:ti_sysbios_knl_Task_Params_init)
                  00009962    00000016     TempHum.obj (.text:ti_sysbios_knl_Task_Params_init)
                  00009978    00000014     NodeRFTask.obj (.text:AONBatMonBatteryVoltageGet)
                  0000998c    00000014     driverlib.lib : aon_rtc.obj (.text:NOROM_AONRTCCurrent64BitValueGet)
                  000099a0    00000014                   : chipinfo.obj (.text:NOROM_ThisCodeIsBuiltForCC26xxHwRev22AndLater_HaltIfViolated)
                  000099b4    00000014     drivers_cc26xxware.aem3 : PINCC26XX.oem3 (.text:PINCC26XX_getInputValue)
                  000099c8    00000014                             : PINCC26XX.oem3 (.text:PINCC26XX_getOutputValue)
                  000099dc    00000014     rf_singleMode_cc26xxware.aem3 : RFCC26XX_singleMode.oem3 (.text:RF_Params_init)
                  000099f0    00000014     drivers_cc26xxware.aem3 : SPI.oem3 (.text:SPI_Params_init)
                  00009a04    00000014     SceAdc.obj (.text:SceAdc_registerAdcCallback)
                  00009a18    00000014     scif_framework.obj (.text:osalIndicateTaskAlert)
                  00009a2c    00000014     rtsv7M3_T_le_eabi.lib : _lock.obj (.text)
                  00009a40    00000014                           : strlen.obj (.text)
                  00009a54    00000014     scif_framework.obj (.text:scifOsalRegisterCtrlReadyCallback)
                  00009a68    00000014     scif_framework.obj (.text:scifOsalRegisterTaskAlertCallback)
                  00009a7c    00000014     SeniorProjGPS_pem3.oem3 (.text:ti_sysbios_knl_Clock_doTick__I)
                  00009a90    00000014     rom_sysbios.aem3 : rom_sysbios.obj (.text:ti_sysbios_knl_Event_Instance_init__E)
                  00009aa4    00000012     drivers_cc26xxware.aem3 : RingBuf.oem3 (.text:RingBuf_construct)
                  00009ab6    00000012     scif_framework.obj (.text:scifStartTasksNbl)
                  00009ac8    00000012     scif.obj (.text:scifTaskResourceInit)
                  00009ada    00000012     SeniorProjGPS_pem3.oem3 (.text:xdc_runtime_Startup_exec__I)
                  00009aec    00000010     rf_singleMode_cc26xxware.aem3 : RFCC26XX_singleMode.oem3 (.text:FsmDispatch)
                  00009afc    00000010     drivers_cc26xxware.aem3 : I2C.oem3 (.text:I2C_Params_init)
                  00009b0c    00000010     driverlib.lib : rfc.obj (.text:NOROM_RFCRfTrimSet)
                  00009b1c    00000010                   : setup_rom.obj (.text:NOROM_SetupGetTrimForXoscHfFastStart)
                  00009b2c    00000010                   : setup_rom.obj (.text:NOROM_SetupGetTrimForXoscHfIbiastherm)
                  00009b3c    00000010     smartrf_settings.obj (.text:applyGenfskPatch)
                  00009b4c    00000010     smartrf_settings_predefined.obj (.text:applyGenfskPatch)
                  00009b5c    00000010     NodeTask.obj (.text:fastReportTimeoutCallback)
                  00009b6c    00000010     drivers_cc26xxware.aem3 : I2CCC26XX.oem3 (.text:i2cPostNotify)
                  00009b7c    00000010     rom_sysbios.aem3 : rom_sysbios.obj (.text:ti_sysbios_family_arm_m3_Hwi_post__E)
                  00009b8c    00000010     drivers_cc26xxware.aem3 : UARTCC26XX.oem3 (.text:uartPostNotify)
                  00009b9c    00000010     rom_sysbios.aem3 : rom_sysbios.obj (.text:xdc_runtime_SysCallback_putch__E)
                  00009bac    00000010                      : rom_sysbios.obj (.text:xdc_runtime_SysCallback_ready__E)
                  00009bbc    00000010                      : rom_sysbios.obj (.text:xdc_runtime_System_vsnprintf__E)
                  00009bcc    0000000e     driverlib.lib : vims.obj (.text:NOROM_VIMSModeGet)
                  00009bda    0000000e     drivers_cc26xxware.aem3 : SPICC26XXDMA.oem3 (.text:SPICC26XXDMA_init)
                  00009be8    0000000e     rtsv7M3_T_le_eabi.lib : copy_decompress_none.obj (.text:decompress:none)
                  00009bf6    0000000e     scif_framework.obj (.text:osalCtrlReadyIsr)
                  00009c04    0000000e     scif_framework.obj (.text:osalTaskAlertIsr)
                  00009c12    0000000e     scif.obj (.text:scifTaskResourceUninit)
                  00009c20    0000000e     rom_sysbios.aem3 : rom_sysbios.obj (.text:ti_sysbios_family_arm_cc26xx_TimestampProvider_get32__E)
                  00009c2e    00000002                      : rom_sysbios.obj (.text:xdc_runtime_SysCallback_defaultPutch)
                  00009c30    0000000c     rf_singleMode_cc26xxware.aem3 : RFCC26XX_singleMode.oem3 (.text:FsmNextState)
                  00009c3c    0000000c     driverlib.lib : cpu.obj (.text:NOROM_CPUcpsid)
                  00009c48    0000000c                   : cpu.obj (.text:NOROM_CPUcpsie)
                  00009c54    0000000c     drivers_cc26xxware.aem3 : PINCC26XX.oem3 (.text:PIN_registerIntCb)
                  00009c60    0000000c                             : PowerCC26XX.oem3 (.text:Power_getConstraintMask)
                  00009c6c    0000000c                             : PowerCC26XX.oem3 (.text:Power_getDependencyCount)
                  00009c78    0000000c     NodeRFTask.obj (.text:TRNGDisable)
                  00009c84    0000000c     NodeRFTask.obj (.text:TRNGEnable)
                  00009c90    0000000c     NodeRFTask.obj (.text:TRNGStatusGet)
                  00009c9c    0000000c     rtsv7M3_T_le_eabi.lib : copy_zero_init.obj (.text:decompress:ZI)
                  00009ca8    0000000c     scif_framework.obj (.text:osalUnlockCtrlTaskNbl)
                  00009cb4    0000000c     scif_framework.obj (.text:scifGetAlertEvents)
                  00009cc0    0000000c     scif_framework.obj (.text:scifOsalLeaveCriticalSection)
                  00009ccc    0000000c     drivers_cc26xxware.aem3 : SPICC26XXDMA.oem3 (.text:spiPostNotify)
                  00009cd8    0000000c     NodeTask.obj (.text:ti_sysbios_knl_Clock_handle)
                  00009ce4    0000000c     SeniorProjGPS_pem3.oem3 (.text:ti_sysbios_knl_Event_Params__init__S)
                  00009cf0    0000000c     NodeRFTask.obj (.text:ti_sysbios_knl_Event_handle)
                  00009cfc    0000000c     NodeTask.obj (.text:ti_sysbios_knl_Event_handle)
                  00009d08    0000000c     NodeRFTask.obj (.text:ti_sysbios_knl_Semaphore_handle)
                  00009d14    0000000c     scif_framework.obj (.text:ti_sysbios_knl_Semaphore_handle)
                  00009d20    0000000c     rom_sysbios.aem3 : rom_sysbios.obj (.text:ti_sysbios_knl_Swi_getTrigger__E)
                  00009d2c    0000000c     SeniorProjGPS_pem3.oem3 (.text:xdc_runtime_Startup_reset__I)
                  00009d38    0000000c     rom_sysbios.aem3 : rom_sysbios.obj (.text:xdc_runtime_Startup_rtsDone__E)
                  00009d44    0000000a     drivers_cc26xxware.aem3 : I2CCC26XX.oem3 (.text:I2CCC26XX_init)
                  00009d4e    0000000a                             : I2C.oem3 (.text:I2C_transfer)
                  00009d58    0000000a                             : List.oem3 (.text:List_empty)
                  00009d62    0000000a                             : SPI.oem3 (.text:SPI_close)
                  00009d6c    0000000a                             : SPI.oem3 (.text:SPI_transfer)
                  00009d76    0000000a     SceAdc.obj (.text:SceAdc_start)
                  00009d80    0000000a     lcd.aem3 : SharpGrLib.oem3 (.text:SharpGrLib_colorTranslate)
                  00009d8a    0000000a     drivers_cc26xxware.aem3 : UART.oem3 (.text:UART_close)
                  00009d94    0000000a                             : UART.oem3 (.text:UART_write)
                  00009d9e    0000000a                             : UDMACC26XX.oem3 (.text:UDMACC26XX_hwiIntFxn)
                  00009da8    0000000a     scif_framework.obj (.text:osalClearCtrlReadyInt)
                  00009db2    0000000a     scif_framework.obj (.text:osalClearTaskAlertInt)
                  00009dbc    0000000a     scif_framework.obj (.text:osalDisableCtrlReadyInt)
                  00009dc6    0000000a     scif_framework.obj (.text:osalDisableTaskAlertInt)
                  00009dd0    0000000a     scif_framework.obj (.text:osalEnableCtrlReadyInt)
                  00009dda    0000000a     scif_framework.obj (.text:osalEnableTaskAlertInt)
                  00009de4    00000008     display.aem3 : DisplaySharp.oem3 (.text:DisplaySharp_getType)
                  00009dec    00000008     drivers_cc26xxware.aem3 : I2CCC26XX.oem3 (.text:I2CCC26XX_blockingCallback)
                  00009df4    00000008                             : SPICC26XXDMA.oem3 (.text:SPICC26XXDMA_transferCallback)
                  00009dfc    00000008                             : UARTCC26XX.oem3 (.text:readSemCallback)
                  00009e04    00000008     smartrf_settings.obj (.text:rf_patch_cpe_genfsk)
                  00009e0c    00000008     smartrf_settings_predefined.obj (.text:rf_patch_cpe_genfsk)
                  00009e14    00000008     scif_framework.obj (.text:scifOsalEnterCriticalSection)
                  00009e1c    00000008     drivers_cc26xxware.aem3 : UARTCC26XX.oem3 (.text:writeSemCallback)
                  00009e24    00000008     SeniorProjGPS_pem3.oem3 (.text:xdc_runtime_Text_visitRope__I)
                  00009e2c    00000006     display.aem3 : DisplayUart.oem3 (.text:DisplayUart_control)
                  00009e32    00000006                  : DisplayUart.oem3 (.text:DisplayUart_getType)
                  00009e38    00000006                  : Display.oem3 (.text:Display_doParamsInit)
                  00009e3e    00000006     drivers_cc26xxware.aem3 : I2CCC26XX.oem3 (.text:I2CCC26XX_control)
                  00009e44    00000006     driverlib.lib : cpu.obj (.text:NOROM_CPUdelay)
                  00009e4a    00000006     drivers_cc26xxware.aem3 : UARTCC26XX.oem3 (.text:UARTCC26XX_readPolling)
                  00009e50    00000006                             : UARTCC26XX.oem3 (.text:UARTCC26XX_writePolling)
                  00009e56    00000006     rf_singleMode_cc26xxware.aem3 : RFCC26XX_singleMode.oem3 (.text:clkInactivityFxn)
                  00009e5c    00000006     rom_sysbios.aem3 : rom_sysbios.obj (.text:ti_sysbios_family_arm_m3_Hwi_setFunc__E)
                  00009e62    00000004     tirtosport.aem3 : HwiP_tirtos.oem3 (.text:HwiP_disable)
                  00009e66    00000004     drivers_cc26xxware.aem3 : List.oem3 (.text:List_head)
                  00009e6a    00000004                             : List.oem3 (.text:List_next)
                  00009e6e    00000004     rf_singleMode_cc26xxware.aem3 : RFCC26XX_singleMode.oem3 (.text:Q_peek)
                  00009e72    00000004     drivers_cc26xxware.aem3 : PowerCC26XX.oem3 (.text:nopResourceHandler)
                  00009e76    00000004     rom_sysbios.aem3 : rom_sysbios.obj (.text:ti_sysbios_family_arm_cc26xx_Timer_getCount64__E)
                  00009e7a    00000004                      : rom_sysbios.obj (.text:xdc_runtime_SysCallback_defaultReady)
                  00009e7e    00000004                      : rom_sysbios.obj (.text:xdc_runtime_System_printf_va__F)
                  00009e82    00000004                      : rom_sysbios.obj (.text:xdc_runtime_System_snprintf_va__F)
                  00009e86    00000002     --HOLE-- [fill = 0]
                  00009e88    00000008     (.tramp.xdc_runtime_Core_assignParams__I.1)
                  00009e90    00000008     (.tramp.xdc_runtime_Startup_startMods__I.1)
                  00009e98    00000008     (.tramp.ti_sysbios_knl_Queue_construct.1)
                  00009ea0    00000008     (.tramp.ti_sysbios_knl_Clock_logTick__E.1)
                  00009ea8    00000008     (.tramp.ti_sysbios_knl_Task_Params__init__S.1)
                  00009eb0    00000008     (.tramp.ti_sysbios_BIOS_RtsGateProxy_leave__E.1)
                  00009eb8    00000008     (.tramp.xdc_runtime_Memory_free__E.1)
                  00009ec0    00000008     (.tramp.ti_sysbios_BIOS_RtsGateProxy_enter__E.1)
                  00009ec8    00000008     (.tramp.xdc_runtime_Core_constructObject__I.1)
                  00009ed0    00000008     (.tramp.xdc_runtime_Memory_alloc__E.1)
                  00009ed8    00000008     (.tramp.ti_sysbios_knl_Task_startup__E.1)
                  00009ee0    00000008     (.tramp.ti_sysbios_knl_Swi_startup__E.1)
                  00009ee8    00000008     (.tramp.ti_sysbios_hal_Hwi_startup__E.1)
                  00009ef0    00000008     (.tramp.ti_sysbios_family_arm_cc26xx_Timer_startup__E.1)
                  00009ef8    00000008     (.tramp.xdc_runtime_System_atexit__E.1)
                  00009f00    00000008     (.tramp.ti_sysbios_BIOS_setThreadType__E.1)
                  00009f08    00000008     (.tramp.xdc_runtime_System_exit__E.1)
                  00009f10    00000008     (.tramp.ti_sysbios_BIOS_start__E.1)
                  00009f18    00000008     (.tramp.ti_sysbios_knl_Task_unblockI__E.1)
                  00009f20    00000008     (.tramp.ti_sysbios_knl_Queue_remove__E.1)
                  00009f28    00000008     (.tramp.ti_sysbios_knl_Queue_head__E.1)
                  00009f30    00000008     (.tramp.ti_sysbios_knl_Queue_empty__E.1)
                  00009f38    00000008     (.tramp.ti_sysbios_knl_Clock_scheduleNextTick__E.1)
                  00009f40    00000008     (.tramp.ti_sysbios_knl_Clock_walkQueueDynamic__E.1)
                  00009f48    00000008     (.tramp.ti_sysbios_knl_Clock_TimerProxy_getCurrentTick__E.1)
                  00009f50    00000008     (.tramp.ti_sysbios_knl_Task_construct.1)
                  00009f58    00000008     (.tramp.ti_sysbios_family_arm_m3_Hwi_disableInterrupt__E.1)
                  00009f60    00000008     (.tramp.ti_sysbios_family_arm_m3_Hwi_enableInterrupt__E.1)
                  00009f68    00000008     (.tramp.ti_sysbios_BIOS_getCpuFreq__E.1)
                  00009f70    00000008     (.tramp.ti_sysbios_knl_Clock_removeI__E.1)
                  00009f78    00000008     (.tramp.ti_sysbios_knl_Clock_startI__E.1)
                  00009f80    00000008     (.tramp.ti_sysbios_knl_Task_blockI__E.1)
                  00009f88    00000008     (.tramp.ti_sysbios_knl_Queue_enqueue__E.1)
                  00009f90    00000008     (.tramp.ti_sysbios_knl_Task_self__E.1)
                  00009f98    00000008     (.tramp.ti_sysbios_knl_Clock_addI__E.1)
                  00009fa0    00000008     (.tramp.ti_sysbios_family_arm_m3_Hwi_destruct.1)
                  00009fa8    00000008     (.tramp.ti_sysbios_knl_Swi_destruct.1)
                  00009fb0    00000008     (.tramp.ti_sysbios_knl_Clock_destruct.1)
                  00009fb8    00000008     (.tramp.ti_sysbios_knl_Semaphore_destruct.1)
                  00009fc0    00000008     (.tramp.ti_sysbios_knl_Swi_post__E.1)
                  00009fc8    00000008     (.tramp.xdc_runtime_System_abortSpin__E.1)
                  00009fd0    00000008     (.tramp.ti_sysbios_knl_Clock_construct.1)
                  00009fd8    00000008     (.tramp.ti_sysbios_knl_Clock_Params__init__S.1)
                  00009fe0    00000008     (.tramp.ti_sysbios_knl_Swi_construct.1)
                  00009fe8    00000008     (.tramp.ti_sysbios_knl_Swi_Params__init__S.1)
                  00009ff0    00000008     (.tramp.ti_sysbios_family_arm_m3_Hwi_construct.1)
                  00009ff8    00000008     (.tramp.ti_sysbios_family_arm_m3_Hwi_Params__init__S.1)
                  0000a000    00000008     (.tramp.ti_sysbios_knl_Semaphore_construct.1)
                  0000a008    00000008     (.tramp.ti_sysbios_knl_Semaphore_Params__init__S.1)
                  0000a010    00000008     (.tramp.ti_sysbios_knl_Task_sleep__E.1)
                  0000a018    00000008     (.tramp.ti_sysbios_knl_Clock_getTicks__E.1)
                  0000a020    00000008     (.tramp.xdc_runtime_System_abort__E.1)
                  0000a028    00000008     (.tramp.ti_sysbios_knl_Task_restore__E.1)
                  0000a030    00000008     (.tramp.ti_sysbios_knl_Swi_restore__E.1)
                  0000a038    00000008     (.tramp.ti_sysbios_knl_Swi_disable__E.1)
                  0000a040    00000008     (.tramp.ti_sysbios_knl_Task_disable__E.1)
                  0000a048    00000008     (.tramp.ti_sysbios_knl_Semaphore_create.1)
                  0000a050    00000008     (.tramp.xdc_runtime_Error_init__E.1)
                  0000a058    00000008     (.tramp.ti_sysbios_knl_Semaphore_post__E.1)
                  0000a060    00000008     (.tramp.ti_sysbios_knl_Semaphore_pend__E.1)
                  0000a068    00000008     (.tramp.ti_sysbios_knl_Clock_start__E.1)
                  0000a070    00000008     (.tramp.ti_sysbios_knl_Clock_setTimeout__E.1)
                  0000a078    00000008     (.tramp.ti_sysbios_family_arm_m3_Hwi_restoreFxn__E.1)
                  0000a080    00000008     (.tramp.ti_sysbios_family_arm_m3_Hwi_disableFxn__E.1)

.const     0    0000a088    0000281a     
                  0000a088    00000730     smartrf_settings.obj (.const:patchGenfskMce)
                  0000a7b8    00000730     smartrf_settings_predefined.obj (.const:patchGenfskMce)
                  0000aee8    000006bc     smartrf_settings.obj (.const:patchGenfskRfe)
                  0000b5a4    000006bc     smartrf_settings_predefined.obj (.const:patchGenfskRfe)
                  0000bc60    000002f8     grlib.aem3 : fontfixed6x8.oem3 (.const:.string:g_pucFontFixed6x8Data)
                  0000bf58    000001ae     scif.obj (.const:pAuxRamImage)
                  0000c106    00000002     SeniorProjGPS_pem3.oem3 (.const:xdc_runtime_Text_registryModsLastId__C)
                  0000c108    00000118     smartrf_settings.obj (.const:patchImageGenfsk)
                  0000c220    00000118     smartrf_settings_predefined.obj (.const:patchImageGenfsk)
                  0000c338    000000c8     grlib.aem3 : fontfixed6x8.oem3 (.const:g_sFontFixed6x8)
                  0000c400    00000054     drivers_cc26xxware.aem3 : SPICC26XXDMA.oem3 (.const)
                  0000c454    0000004c                             : PowerCC26XX.oem3 (.const:resourceDB)
                  0000c4a0    00000048     SeniorProjGPS_pem3.oem3 (.const:.string)
                  0000c4e8    00000040     drivers_cc26xxware.aem3 : UARTCC26XX.oem3 (.const)
                  0000c528    00000038     CC2650_LAUNCHXL.obj (.const:spiCC26XXDMAHWAttrs)
                  0000c560    0000002c     CC2650_LAUNCHXL.obj (.const:BoardGpioInitTable)
                  0000c58c    00000028     drivers_cc26xxware.aem3 : UARTCC26XX.oem3 (.const:UARTCC26XX_fxnTable)
                  0000c5b4    00000024     CC2650_LAUNCHXL.obj (.const:Display_config)
                  0000c5d8    00000024     CC2650_LAUNCHXL.obj (.const:SPI_config)
                  0000c5fc    00000024     drivers_cc26xxware.aem3 : UART.oem3 (.const:UART_defaultParams)
                  0000c620    00000024     display.aem3 : DisplaySharp.oem3 (.const)
                  0000c644    00000024     scif.obj (.const:scifDriverSetup)
                  0000c668    00000024     SeniorProjGPS_pem3.oem3 (.const:xdc_runtime_Startup_sfxnTab__A)
                  0000c68c    00000020     drivers_cc26xxware.aem3 : I2CCC26XX.oem3 (.const)
                  0000c6ac    00000020                             : SPI.oem3 (.const)
                  0000c6cc    00000020     lcd.aem3 : SharpGrLib.oem3 (.const)
                  0000c6ec    00000020     SeniorProjGPS_pem3.oem3 (.const:ti_sysbios_knl_Event_Object__DESC__C)
                  0000c70c    00000020     CC2650_LAUNCHXL.obj (.const:uartCC26XXHWAttrs)
                  0000c72c    0000001c     display.aem3 : DisplayUart.oem3 (.const)
                  0000c748    00000018     CC2650_LAUNCHXL.obj (.const:I2C_config)
                  0000c760    00000018     CC2650_LAUNCHXL.obj (.const:UART_config)
                  0000c778    00000018     CC2650_LAUNCHXL.obj (.const:i2cCC26xxHWAttrs)
                  0000c790    00000018     SeniorProjGPS_pem3.oem3 (.const:ti_sysbios_knl_Event_Object__PARAMS__C)
                  0000c7a8    00000014     CC2650_LAUNCHXL.obj (.const:displayUartHWAttrs)
                  0000c7bc    00000014     rf_singleMode_cc26xxware.aem3 : RFCC26XX_singleMode.oem3 (.const)
                  0000c7d0    00000012     SeniorProjGPS_pem3.oem3 (.const:xdc_runtime_Startup_sfxnRts__A)
                  0000c7e2    00000010     lcd.aem3 : SharpGrLib.oem3 (.const:.string)
                  0000c7f2    00000010     scif.obj (.const:.string:pAuxIoIndexToMcuIocfgOffsetLut)
                  0000c802    00000002     SeniorProjGPS_pem3.oem3 (.const:xdc_runtime_Text_unnamedModsLastId__C)
                  0000c804    00000010     CC2650_LAUNCHXL.obj (.const:PowerCC26XX_config)
                  0000c814    00000010     CC2650_LAUNCHXL.obj (.const:UDMACC26XX_config)
                  0000c824    00000010     CC2650_LAUNCHXL.obj (.const:displaySharpHWattrs)
                  0000c834    00000010     drivers_cc26xxware.aem3 : I2C.oem3 (.const)
                  0000c844    00000010     scif.obj (.const:pScifTaskDataStructInfoLut)
                  0000c854    0000000c     TempHum.obj (.const)
                  0000c860    0000000c     SeniorProjGPS_pem3.oem3 (.const:xdc_runtime_Startup_firstFxns__A)
                  0000c86c    00000008     CC2650_LAUNCHXL.obj (.const:PINCC26XX_hwAttrs)
                  0000c874    00000008     CC2650_LAUNCHXL.obj (.const:udmaHWAttrs)
                  0000c87c    00000004     CC2650_LAUNCHXL.obj (.const:RFCC26XX_hwAttrs)
                  0000c880    00000004     SeniorProjGPS_pem3.oem3 (.const:ti_sysbios_knl_Clock_tickPeriod__C)
                  0000c884    00000004     SeniorProjGPS_pem3.oem3 (.const:ti_sysbios_knl_Clock_triggerClock__C)
                  0000c888    00000004     SeniorProjGPS_pem3.oem3 (.const:ti_sysbios_knl_Event_Instance_State_pendQ__O)
                  0000c88c    00000004     SeniorProjGPS_pem3.oem3 (.const:ti_sysbios_knl_Idle_funcList__A)
                  0000c890    00000004     SeniorProjGPS_pem3.oem3 (.const:xdc_runtime_SysCallback_putchFxn__C)
                  0000c894    00000004     SeniorProjGPS_pem3.oem3 (.const:xdc_runtime_SysCallback_readyFxn__C)
                  0000c898    00000004     SeniorProjGPS_pem3.oem3 (.const:xdc_runtime_System_extendFxn__C)
                  0000c89c    00000004     SeniorProjGPS_pem3.oem3 (.const:xdc_runtime_Text_visitRopeFxn__C)
                  0000c8a0    00000001     display.aem3 : Display.oem3 (.const)
                  0000c8a1    00000001     SeniorProjGPS_pem3.oem3 (.const:xdc_runtime_Text_charTab__A)

.cinit     0    0000c8a8    00000390     
                  0000c8a8    00000219     (.cinit..data.load) [load image, compression = lzss]
                  0000cac1    00000028     (.cinit..data:ti_sysbios_family_arm_m3_Hwi_Module__state__V.load) [load image, compression = lzss]
                  0000cae9    00000021     (.cinit..data:ti_sysbios_knl_Task_Module__state__V.load) [load image, compression = lzss]
                  0000cb0a    0000001f     (.cinit..data:ti_sysbios_BIOS_Module__state__V.load) [load image, compression = lzss]
                  0000cb29    0000001e     (.cinit..data:ti_sysbios_knl_Clock_Module__state__V.load) [load image, compression = lzss]
                  0000cb47    00000010     (.cinit..data:ti_sysbios_knl_Swi_Module__state__V.load) [load image, compression = lzss]
                  0000cb57    00000001     --HOLE-- [fill = 0]
                  0000cb58    0000000c     (__TI_handler_table)
                  0000cb64    0000000b     (.cinit..data:ti_sysbios_family_arm_cc26xx_Timer_Module__state__V.load) [load image, compression = lzss]
                  0000cb6f    00000001     --HOLE-- [fill = 0]
                  0000cb70    00000008     (.cinit..TI.bound:dmaSpi0RxControlTableEntry.load) [load image, compression = zero_init]
                  0000cb78    00000008     (.cinit..TI.bound:dmaSpi0TxControlTableEntry.load) [load image, compression = zero_init]
                  0000cb80    00000008     (.cinit..TI.bound:dmaSpi1RxControlTableEntry.load) [load image, compression = zero_init]
                  0000cb88    00000008     (.cinit..TI.bound:dmaSpi1TxControlTableEntry.load) [load image, compression = zero_init]
                  0000cb90    00000008     (.cinit..bss.load) [load image, compression = zero_init]
                  0000cb98    00000008     (.cinit..data:xdc_runtime_Memory_Module__state__V.load) [load image, compression = lzss]
                  0000cba0    00000007     (.cinit..data:ti_sysbios_family_arm_cc26xx_TimestampProvider_Module__state__V.load) [load image, compression = lzss]
                  0000cba7    00000007     (.cinit..data:xdc_runtime_Startup_Module__state__V.load) [load image, compression = lzss]
                  0000cbae    00000007     (.cinit..data:xdc_runtime_System_Module__state__V.load) [load image, compression = lzss]
                  0000cbb5    00000003     --HOLE-- [fill = 0]
                  0000cbb8    00000080     (__TI_cinit_table)

.init_array 
*          0    00000000    00000000     UNINITIALIZED

.ccfg      0    0001ffa8    00000058     
                  0001ffa8    00000058     ccfg.obj (.ccfg:retain)

.resetVecs 
*          0    00000000    0000003c     
                  00000000    0000003c     SeniorProjGPS_pem3.oem3 (.resetVecs)

.binit     0    00000000    00000000     

.const:ti_sysbios_knl_Task_Object__PARAMS__C 
*          0    00000100    0000003c     
                  00000100    0000003c     SeniorProjGPS_pem3.oem3 (.const:ti_sysbios_knl_Task_Object__PARAMS__C)

.const:ti_sysbios_knl_Mailbox_Object__PARAMS__C 
*          0    0000013c    00000034     
                  0000013c    00000034     SeniorProjGPS_pem3.oem3 (.const:ti_sysbios_knl_Mailbox_Object__PARAMS__C)

.const:ti_sysbios_family_arm_m3_Hwi_Object__PARAMS__C 
*          0    00000170    00000030     
                  00000170    00000030     SeniorProjGPS_pem3.oem3 (.const:ti_sysbios_family_arm_m3_Hwi_Object__PARAMS__C)

.const:ti_sysbios_hal_Hwi_Object__PARAMS__C 
*          0    000001a0    0000002c     
                  000001a0    0000002c     SeniorProjGPS_pem3.oem3 (.const:ti_sysbios_hal_Hwi_Object__PARAMS__C)

.const:ti_sysbios_heaps_HeapMem_Module__FXNS__C 
*          0    000001cc    00000028     
                  000001cc    00000028     SeniorProjGPS_pem3.oem3 (.const:ti_sysbios_heaps_HeapMem_Module__FXNS__C)

.const:ti_sysbios_knl_Swi_Object__PARAMS__C 
*          0    000001f4    00000028     
                  000001f4    00000028     SeniorProjGPS_pem3.oem3 (.const:ti_sysbios_knl_Swi_Object__PARAMS__C)

.const:ti_sysbios_gates_GateHwi_Module__FXNS__C 
*          0    0000021c    00000024     
                  0000021c    00000024     SeniorProjGPS_pem3.oem3 (.const:ti_sysbios_gates_GateHwi_Module__FXNS__C)

.const:ti_sysbios_gates_GateMutex_Module__FXNS__C 
*          0    00000240    00000024     
                  00000240    00000024     SeniorProjGPS_pem3.oem3 (.const:ti_sysbios_gates_GateMutex_Module__FXNS__C)

.const:ti_sysbios_heaps_HeapMem_Object__PARAMS__C 
*          0    00000264    00000024     
                  00000264    00000024     SeniorProjGPS_pem3.oem3 (.const:ti_sysbios_heaps_HeapMem_Object__PARAMS__C)

.const:ti_sysbios_knl_Clock_Object__PARAMS__C 
*          0    00000288    00000024     
                  00000288    00000024     SeniorProjGPS_pem3.oem3 (.const:ti_sysbios_knl_Clock_Object__PARAMS__C)

.const:ti_sysbios_knl_Semaphore_Object__PARAMS__C 
*          0    000002ac    00000024     
                  000002ac    00000024     SeniorProjGPS_pem3.oem3 (.const:ti_sysbios_knl_Semaphore_Object__PARAMS__C)

.const:ti_sysbios_family_arm_m3_Hwi_Object__DESC__C 
*          0    000002d0    00000020     
                  000002d0    00000020     SeniorProjGPS_pem3.oem3 (.const:ti_sysbios_family_arm_m3_Hwi_Object__DESC__C)

.const:ti_sysbios_gates_GateHwi_Object__DESC__C 
*          0    000002f0    00000020     
                  000002f0    00000020     SeniorProjGPS_pem3.oem3 (.const:ti_sysbios_gates_GateHwi_Object__DESC__C)

.const:ti_sysbios_gates_GateMutex_Object__DESC__C 
*          0    00000310    00000020     
                  00000310    00000020     SeniorProjGPS_pem3.oem3 (.const:ti_sysbios_gates_GateMutex_Object__DESC__C)

.const:ti_sysbios_hal_Hwi_Object__DESC__C 
*          0    00000330    00000020     
                  00000330    00000020     SeniorProjGPS_pem3.oem3 (.const:ti_sysbios_hal_Hwi_Object__DESC__C)

.const:ti_sysbios_heaps_HeapMem_Object__DESC__C 
*          0    00000350    00000020     
                  00000350    00000020     SeniorProjGPS_pem3.oem3 (.const:ti_sysbios_heaps_HeapMem_Object__DESC__C)

.const:ti_sysbios_knl_Clock_Object__DESC__C 
*          0    00000370    00000020     
                  00000370    00000020     SeniorProjGPS_pem3.oem3 (.const:ti_sysbios_knl_Clock_Object__DESC__C)

.const:ti_sysbios_knl_Mailbox_Object__DESC__C 
*          0    00000390    00000020     
                  00000390    00000020     SeniorProjGPS_pem3.oem3 (.const:ti_sysbios_knl_Mailbox_Object__DESC__C)

.const:ti_sysbios_knl_Queue_Object__DESC__C 
*          0    000003b0    00000020     
                  000003b0    00000020     SeniorProjGPS_pem3.oem3 (.const:ti_sysbios_knl_Queue_Object__DESC__C)

.const:ti_sysbios_knl_Semaphore_Object__DESC__C 
*          0    000003d0    00000020     
                  000003d0    00000020     SeniorProjGPS_pem3.oem3 (.const:ti_sysbios_knl_Semaphore_Object__DESC__C)

.const:ti_sysbios_knl_Swi_Object__DESC__C 
*          0    000003f0    00000020     
[...]
1001c281  ti_sysbios_hal_Hwi_HwiProxy_disableInterrupt__E                           
1001c281  ti_sysbios_hal_Hwi_disableInterrupt__E                                    
1001c285  ti_sysbios_hal_Hwi_HwiProxy_enableInterrupt__E                            
1001c285  ti_sysbios_hal_Hwi_enableInterrupt__E                                     
1001c289  ti_sysbios_hal_Hwi_HwiProxy_getStackInfo__E                               
1001c289  ti_sysbios_hal_Hwi_getStackInfo__E                                        
1001c28d  ti_sysbios_hal_Hwi_HwiProxy_startup__E                                    
1001c28d  ti_sysbios_hal_Hwi_startup__E                                             
1001c291  ti_sysbios_hal_Hwi_HwiProxy_switchFromBootStack__E                        
1001c295  ti_sysbios_hal_Hwi_delete                                                 
1001c299  ti_sysbios_hal_Hwi_switchFromBootStack__E                                 
1001c29d  ti_sysbios_heaps_HeapMem_Module_GateProxy_enter__E                        
1001c2a1  ti_sysbios_heaps_HeapMem_Module_GateProxy_leave__E                        
1001c2a5  ti_sysbios_heaps_HeapMem_isBlocking__E                                    
1001c2a9  ti_sysbios_knl_Clock_TimerProxy_Module__startupDone__S                    
1001c2ad  ti_sysbios_knl_Clock_TimerProxy_getExpiredTicks__E                        
1001c2b1  ti_sysbios_knl_Clock_TimerProxy_getPeriod__E                              
1001c2b5  ti_sysbios_knl_Clock_delete                                               
1001c2b9  ti_sysbios_knl_Clock_destruct                                             
1001c2bd  ti_sysbios_knl_Clock_removeI__E                                           
1001c2c1  ti_sysbios_knl_Clock_setTimeout__E                                        
1001c2c5  ti_sysbios_knl_Mailbox_delete                                             
1001c2c9  ti_sysbios_knl_Mailbox_destruct                                           
1001c2cd  ti_sysbios_knl_Queue_delete                                               
1001c2d1  ti_sysbios_knl_Queue_destruct                                             
1001c2d5  ti_sysbios_knl_Queue_head__E                                              
1001c2d9  ti_sysbios_knl_Queue_next__E                                              
1001c2dd  ti_sysbios_knl_Semaphore_delete                                           
1001c2e1  ti_sysbios_knl_Semaphore_destruct                                         
1001c2e5  ti_sysbios_knl_Swi_delete                                                 
1001c2e9  ti_sysbios_knl_Swi_destruct                                               
1001c2ed  ti_sysbios_knl_Swi_postInit__I                                            
1001c2f1  ti_sysbios_knl_Task_SupportProxy_Module__startupDone__S                   
1001c2f5  ti_sysbios_knl_Task_SupportProxy_getStackAlignment__E                     
1001c2f9  ti_sysbios_knl_Task_SupportProxy_start__E                                 
1001c2fd  ti_sysbios_knl_Task_SupportProxy_swap__E                                  
1001c301  ti_sysbios_knl_Task_delete                                                
1001c305  ti_sysbios_knl_Task_destruct                                              
1001c309  ti_sysbios_knl_Task_startup__E                                            
1001c30d  xdc_runtime_Startup_startMods__I                                          
1001c405  xdc_runtime_Core_createObject__I                                          
1001c487  xdc_runtime_Error_policySpin__E                                           
1001c489  xdc_runtime_Memory_alloc__E                                               
1001c4f9  xdc_runtime_Core_deleteObject__I                                          
1001c559  xdc_runtime_Startup_exec__E                                               
1001c5a9  xdc_runtime_Assert_raise__I                                               
1001c5f1  xdc_runtime_Core_assignParams__I                                          
1001c639  xdc_runtime_Core_constructObject__I                                       
1001c681  xdc_runtime_System_atexit__E                                              
1001c6b9  xdc_runtime_System_processAtExit__E                                       
1001c6ed  xdc_runtime_Core_assignLabel__I                                           
1001c71d  xdc_runtime_Text_cordText__E                                              
1001c749  xdc_runtime_System_abort__E                                               
1001c769  xdc_runtime_Error_raiseX__E                                               
1001c785  xdc_runtime_Memory_valloc__E                                              
1001c7a1  xdc_runtime_Core_destructObject__I                                        
1001c7b9  xdc_runtime_Error_check__E                                                
1001c7d1  xdc_runtime_System_exit__E                                                
1001c7e9  xdc_runtime_Text_ropeText__E                                              
1001c801  xdc_runtime_Memory_free__E                                                
1001c811  xdc_runtime_SysCallback_abort__E                                          
1001c821  xdc_runtime_SysCallback_exit__E                                           
1001c831  xdc_runtime_Timestamp_SupportProxy_get32__E                               
1001c831  xdc_runtime_Timestamp_get32__E                                            
1001c841  xdc_runtime_Error_init__E                                                 
1001c84d  xdc_runtime_Memory_calloc__E                                              
1001c859  xdc_runtime_Memory_getMaxDefaultTypeAlign__E                              
1001c879  xdc_runtime_Gate_leaveSystem__E                                           
1001c87f  xdc_runtime_System_Module_startup__E                                      
1001c885  xdc_runtime_Gate_enterSystem__E                                           
1001c889  xdc_runtime_Memory_HeapProxy_alloc__E                                     
1001c88d  xdc_runtime_Memory_HeapProxy_free__E                                      
1001c891  xdc_runtime_System_Module_GateProxy_enter__E                              
1001c895  xdc_runtime_System_Module_GateProxy_leave__E                              
1001c899  xdc_runtime_System_abortSpin__E                                           
1001c89b  xdc_runtime_System_exitSpin__E                                            
1001c89d  ti_sysbios_family_arm_m3_Hwi_dispatch__I                                  
1001c96d  ti_sysbios_family_arm_m3_TaskSupport_buildTaskStack                       
1001c9b9  ti_sysbios_family_arm_m3_Hwi_initStacks__E                                
1001ca01  ti_sysbios_family_arm_m3_Hwi_excHandlerAsm__I                             
1001ca21  ti_sysbios_family_xxx_Hwi_switchAndRunFunc                                
1001ca3f  ti_sysbios_family_arm_m3_Hwi_pendSV__I                                    
1001ca57  ti_sysbios_family_arm_m3_Hwi_return                                       
1001ca59  ti_sysbios_family_arm_m3_TaskSupport_glue                                 
1001ca69  ti_sysbios_family_arm_m3_TaskSupport_swap__E                              
1001ca71  ti_sysbios_knl_Task_swapReturn                                            
1001ca9b  ti_sysbios_rom_cortexm_cc26xx_CC26xx_getRevision__E                       
20000000  ti_sysbios_family_arm_m3_Hwi_ramVectors                                   
20000100  ti_sysbios_knl_Task_Module__state__V                                      
20000144  ti_sysbios_family_arm_m3_Hwi_Module__state__V                             
20000178  ti_sysbios_knl_Clock_Module__state__V                                     
200001a4  ti_sysbios_BIOS_Module__state__V                                          
200001c8  ti_sysbios_knl_Swi_Module__state__V                                       
200001e4  ti_sysbios_family_arm_cc26xx_Timer_Module__state__V                       
200001ec  ti_sysbios_family_arm_cc26xx_TimestampProvider_Module__state__V           
200001f0  xdc_runtime_Startup_Module__state__V                                      
200001f8  xdc_runtime_System_Module__state__V                                       
20000200  xdc_runtime_Memory_Module__state__V                                       
200011a0  ti_sysbios_heaps_HeapMem_Instance_State_0_buf__A                          
200015a0  task0Stack                                                                
200018a0  ti_sysbios_knl_Task_Instance_State_0_stack__A                             
20001aa0  spiCC26XXDMAObjects                                                       
20001c58  uartCC26XXObjects                                                         
20001e88  i2cCC26xxObjects                                                          
20001f68  ti_sysbios_family_arm_m3_Hwi_dispatchTable                                
200023c8  PIN_HandleTable                                                           
20002444  displaySharpObject                                                        
200024b0  nodeRadioTask                                                             
20002500  nodeTask                                                                  
20002550  task0Struct                                                               
2000272c  fastReportTimeoutClock                                                    
20002790  displayUartObject                                                         
200027b0  uartCC26XXRingBuffer                                                      
200027d0  udmaObjects                                                               
200028b4  radioAccessSem                                                            
200028d0  radioResultSem                                                            
20002998  nodeEvent                                                                 
200029c0  radioOperationEvent                                                       
20002a4c  test                                                                      
20002a54  PIN_NumPins                                                               
20002a85  driverlib_release_0_47020                                                 
20002a90  PowerCC26XX_module                                                        
20002ba0  pOverrides                                                                
20002c08  pOverrides_fsk                                                            
20002c70  ti_sysbios_knl_Task_Object__table__V                                      
20002cc0  ti_sysbios_family_arm_cc26xx_Timer_Object__table__V                       
20002d08  RF_pProp_2_4G_fsk                                                         
20002d0c  RF_pProp_fsk                                                              
20002d10  RF_pProp_lrm                                                              
20002d14  RF_pProp_ook                                                              
20002d18  RF_pProp_hsm                                                              
20002d1c  RF_pCmdPropRadioSetup_2_4G_fsk                                            
20002d20  RF_pCmdPropRadioDivSetup_fsk                                              
20002d24  RF_pCmdPropRadioDivSetup_lrm                                              
20002d28  RF_pCmdPropRadioDivSetup_ook                                              
20002d2c  RF_pCmdRadioSetup_hsm                                                     
20002d30  RF_pCmdFs_preDef                                                          
20002d34  RF_pCmdPropTx_preDef                                                      
20002d38  RF_pCmdPropRxAdv_preDef                                                   
20002d3c  RF_pCmdTxHS                                                               
20002d40  RF_pCmdRxHS                                                               
20002d44  ti_sysbios_gates_GateMutex_Object__table__V                               
20002d7c  RF_cmdPropRxAdv_preDef                                                    
20002dac  ti_sysbios_knl_Swi_Module_State_0_readyQ__A                               
20002ddc  ti_sysbios_knl_Swi_Object__table__V                                       
20002e0c  RF_cmdPropRadioDivSetup                                                   
20002e2c  RF_cmdPropRadioSetup_2_4G_fsk                                             
20002e4c  ti_sysbios_knl_Clock_Object__table__V                                     
20002e6c  ti_sysbios_knl_Task_Module_State_0_readyQ__A                              
20002ea8  RF_cmdFs                                                                  
20002ec0  RF_cmdFs_preDef                                                           
20002ed8  RF_cmdPropTx                                                              
20002ef0  RF_cmdPropTx_preDef                                                       
20002f20  shape                                                                     
20002f38  shape_preDef                                                              
20002f50  ti_sysbios_family_arm_m3_Hwi_Object__table__V                             
20002f68  ti_sysbios_heaps_HeapMem_Object__table__V                                 
20002f80  RF_prop                                                                   
20002f90  RF_prop_2_4G_fsk                                                          
20002fbc  _lock                                                                     
20002fc0  _unlock                                                                   
20002fc4  buttonPinTable                                                            
20002fcc  pinTable                                                                  
20002fd4  ti_sysbios_family_arm_m3_Hwi_Module__root__V                              
20002fdc  ti_sysbios_gates_GateHwi_Module__root__V                                  
20002fe4  ti_sysbios_gates_GateMutex_Module__root__V                                
20002fec  ti_sysbios_hal_Hwi_Module__root__V                                        
20002ff4  ti_sysbios_heaps_HeapMem_Module__root__V                                  
20002ffc  ti_sysbios_knl_Clock_Module__root__V                                      
20003004  ti_sysbios_knl_Event_Module__root__V                                      
2000300c  ti_sysbios_knl_Mailbox_Module__root__V                                    
20003014  ti_sysbios_knl_Queue_Module__root__V                                      
2000301c  ti_sysbios_knl_Semaphore_Module__root__V                                  
20003024  ti_sysbios_knl_Swi_Module__root__V                                        
2000302c  ti_sysbios_knl_Task_Module__root__V                                       
20003034  xdc_runtime_Registry_Module__state__V                                     
20003044  main_func_sp                                                              
20003048  ti_sysbios_family_arm_m3_Hwi_Module_State_0_excContext__A                 
2000304c  ti_sysbios_family_arm_m3_Hwi_Module_State_0_excStack__A                   
20003050  ti_sysbios_knl_Task_Module_State_0_idleTask__A                            
20003056  ti_sysbios_family_arm_m3_Hwi_Module_State_0_excActive__A                  
20004d00  __stack                                                                   
20005000  __STACK_END                                                               
e000e000  ti_sysbios_family_arm_m3_Hwi_nvic                                         
ffffffff  __TI_pprof_out_hndl                                                       
ffffffff  __TI_prof_data_size                                                       
ffffffff  __TI_prof_data_start                                                      
ffffffff  __binit__                                                                 
ffffffff  __c_args__                                                                
ffffffff  binit                                                                     
UNDEFED   HwiP_restore                                                              
UNDEFED   SHT$$INIT_ARRAY$$Base                                                     
UNDEFED   SHT$$INIT_ARRAY$$Limit                                                    
UNDEFED   ti_sysbios_BIOS_RtsGateProxy_Handle__label__S__mangled__                  
UNDEFED   ti_sysbios_BIOS_RtsGateProxy_Object__delete__S__mangled__                 
UNDEFED   ti_sysbios_BIOS_RtsGateProxy_Params__init__S__mangled__                   
UNDEFED   ti_sysbios_BIOS_RtsGateProxy_query__E__mangled__                          
UNDEFED   ti_sysbios_hal_Hwi_HwiProxy_Module__startupDone__S__mangled__             
UNDEFED   ti_sysbios_hal_Hwi_HwiProxy_Object__delete__S__mangled__                  
UNDEFED   ti_sysbios_hal_Hwi_HwiProxy_Params__init__S__mangled__                    
UNDEFED   ti_sysbios_hal_Hwi_HwiProxy_disableInterrupt__E__mangled__                
UNDEFED   ti_sysbios_hal_Hwi_HwiProxy_enableInterrupt__E__mangled__                 
UNDEFED   ti_sysbios_hal_Hwi_HwiProxy_getStackInfo__E__mangled__                    
UNDEFED   ti_sysbios_hal_Hwi_HwiProxy_startup__E__mangled__                         
UNDEFED   ti_sysbios_hal_Hwi_HwiProxy_switchFromBootStack__E__mangled__             
UNDEFED   ti_sysbios_hal_Hwi_disableInterrupt__E                                    
UNDEFED   ti_sysbios_hal_Hwi_enableInterrupt__E                                     
UNDEFED   ti_sysbios_hal_Hwi_getStackInfo__E                                        
UNDEFED   ti_sysbios_hal_Hwi_startup__E                                             
UNDEFED   ti_sysbios_hal_Hwi_switchFromBootStack__E                                 
UNDEFED   ti_sysbios_heaps_HeapMem_Module_GateProxy_Handle__label__S__mangled__     
UNDEFED   ti_sysbios_heaps_HeapMem_Module_GateProxy_Object__delete__S__mangled__    
UNDEFED   ti_sysbios_heaps_HeapMem_Module_GateProxy_Params__init__S__mangled__      
UNDEFED   ti_sysbios_heaps_HeapMem_Module_GateProxy_query__E__mangled__             
UNDEFED   ti_sysbios_knl_Clock_TimerProxy_Module__startupDone__S__mangled__         
UNDEFED   ti_sysbios_knl_Clock_TimerProxy_startup__E__mangled__                     
UNDEFED   ti_sysbios_knl_Task_SupportProxy_Module__startupDone__S__mangled__        
UNDEFED   ti_sysbios_knl_Task_SupportProxy_getStackAlignment__E__mangled__          
UNDEFED   ti_sysbios_knl_Task_SupportProxy_start__E__mangled__                      
UNDEFED   ti_sysbios_knl_Task_SupportProxy_swap__E__mangled__                       
UNDEFED   xdc_runtime_Main_Module_GateProxy_Handle__label__S                        
UNDEFED   xdc_runtime_Main_Module_GateProxy_Object__delete__S                       
UNDEFED   xdc_runtime_Main_Module_GateProxy_query__E                                
UNDEFED   xdc_runtime_Memory_HeapProxy_Handle__label__S__mangled__                  
UNDEFED   xdc_runtime_Memory_HeapProxy_Object__delete__S__mangled__                 
UNDEFED   xdc_runtime_System_Module_GateProxy_Handle__label__S__mangled__           
UNDEFED   xdc_runtime_System_Module_GateProxy_Object__delete__S__mangled__          
UNDEFED   xdc_runtime_System_Module_GateProxy_query__E__mangled__                   
UNDEFED   xdc_runtime_System_SupportProxy_abort__E                                  
UNDEFED   xdc_runtime_System_SupportProxy_exit__E                                   
UNDEFED   xdc_runtime_Timestamp_SupportProxy_get64__E__mangled__                    
UNDEFED   xdc_runtime_Timestamp_SupportProxy_getFreq__E__mangled__                  
UNDEFED   xdc_runtime_Timestamp_get32__E                                            
UNDEFED   xdc_runtime_Timestamp_get64__E                                            
UNDEFED   xdc_runtime_Timestamp_getFreq__E                                          

[942 symbols]
