******************************************************************************
                  TI ARM Linker PC v16.9.3                     
******************************************************************************
>> Linked Fri Dec 01 19:21:32 2017

OUTPUT FILE NAME:   <SeniorProjCoordinator.out>
ENTRY POINT SYMBOL: "ResetISR"  address: 00007689


MEMORY CONFIGURATION

         name            origin    length      used     unused   attr    fill
----------------------  --------  ---------  --------  --------  ----  --------
  FLASH                 00000000   00020000  0000b709  000148f7  R  X
  SRAM                  20000000   00005000  00002e2e  000021d2  RW X


SEGMENT ALLOCATION MAP

run origin  load origin   length   init length attrs members
----------  ----------- ---------- ----------- ----- -------
00000000    00000000    0000003c   0000003c    r--
  00000000    00000000    0000003c   0000003c    r-- .resetVecs
00000100    00000100    0000b688   0000b688    r-x
  00000100    00000100    0000003c   0000003c    r-- .const:ti_sysbios_knl_Task_Object__PARAMS__C
  0000013c    0000013c    00000034   00000034    r-- .const:ti_sysbios_knl_Mailbox_Object__PARAMS__C
  00000170    00000170    00000030   00000030    r-- .const:ti_sysbios_family_arm_m3_Hwi_Object__PARAMS__C
  000001a0    000001a0    0000002c   0000002c    r-- .const:ti_sysbios_hal_Hwi_Object__PARAMS__C
  000001cc    000001cc    00000028   00000028    r-- .const:ti_sysbios_heaps_HeapMem_Module__FXNS__C
  000001f4    000001f4    00000028   00000028    r-- .const:ti_sysbios_knl_Swi_Object__PARAMS__C
  0000021c    0000021c    00000024   00000024    r-- .const:ti_sysbios_gates_GateHwi_Module__FXNS__C
  00000240    00000240    00000024   00000024    r-- .const:ti_sysbios_gates_GateMutex_Module__FXNS__C
  00000264    00000264    00000024   00000024    r-- .const:ti_sysbios_heaps_HeapMem_Object__PARAMS__C
  00000288    00000288    00000024   00000024    r-- .const:ti_sysbios_knl_Clock_Object__PARAMS__C
  000002ac    000002ac    00000024   00000024    r-- .const:ti_sysbios_knl_Semaphore_Object__PARAMS__C
  000002d0    000002d0    00000020   00000020    r-- .const:ti_sysbios_family_arm_m3_Hwi_Object__DESC__C
  000002f0    000002f0    00000020   00000020    r-- .const:ti_sysbios_gates_GateHwi_Object__DESC__C
  00000310    00000310    00000020   00000020    r-- .const:ti_sysbios_gates_GateMutex_Object__DESC__C
  00000330    00000330    00000020   00000020    r-- .const:ti_sysbios_hal_Hwi_Object__DESC__C
  00000350    00000350    00000020   00000020    r-- .const:ti_sysbios_heaps_HeapMem_Object__DESC__C
  00000370    00000370    00000020   00000020    r-- .const:ti_sysbios_knl_Clock_Object__DESC__C
  00000390    00000390    00000020   00000020    r-- .const:ti_sysbios_knl_Mailbox_Object__DESC__C
  000003b0    000003b0    00000020   00000020    r-- .const:ti_sysbios_knl_Queue_Object__DESC__C
  000003d0    000003d0    00000020   00000020    r-- .const:ti_sysbios_knl_Semaphore_Object__DESC__C
  000003f0    000003f0    00000020   00000020    r-- .const:ti_sysbios_knl_Swi_Object__DESC__C
  00000410    00000410    00000020   00000020    r-- .const:ti_sysbios_knl_Task_Object__DESC__C
  00000430    00000430    00000018   00000018    r-- .const:ti_sysbios_gates_GateHwi_Object__PARAMS__C
  00000448    00000448    00000018   00000018    r-- .const:ti_sysbios_gates_GateMutex_Object__PARAMS__C
  00000460    00000460    00000018   00000018    r-- .const:ti_sysbios_knl_Queue_Object__PARAMS__C
  00000478    00000478    00000008   00000008    r-- .const:ti_sysbios_knl_Idle_funcList__C
  00000484    00000484    00000004   00000004    r-- .const:ti_sysbios_family_arm_cc26xx_Timer_startupNeeded__C
  00000488    00000488    00000004   00000004    r-- .const:ti_sysbios_family_arm_m3_Hwi_E_alreadyDefined__C
  0000048c    0000048c    00000004   00000004    r-- .const:ti_sysbios_family_arm_m3_Hwi_E_hwiLimitExceeded__C
  00000490    00000490    00000004   00000004    r-- .const:ti_sysbios_family_arm_m3_Hwi_NUM_INTERRUPTS__C
  00000494    00000494    00000004   00000004    r-- .const:ti_sysbios_family_arm_m3_Hwi_Object__count__C
  00000498    00000498    00000004   00000004    r-- .const:ti_sysbios_family_arm_m3_Hwi_Object__table__C
  0000049c    0000049c    00000004   00000004    r-- .const:ti_sysbios_family_arm_m3_Hwi_ccr__C
  000004a0    000004a0    00000004   00000004    r-- .const:ti_sysbios_family_arm_m3_Hwi_excHandlerFunc__C
  000004a4    000004a4    00000004   00000004    r-- .const:ti_sysbios_family_arm_m3_Hwi_nullIsrFunc__C
  000004a8    000004a8    00000004   00000004    r-- .const:ti_sysbios_family_arm_m3_Hwi_numSparseInterrupts__C
  000004ac    000004ac    00000004   00000004    r-- .const:ti_sysbios_family_arm_m3_Hwi_priGroup__C
  000004b0    000004b0    00000004   00000004    r-- .const:ti_sysbios_family_arm_m3_TaskSupport_stackAlignment__C
  000004b4    000004b4    00000004   00000004    r-- .const:ti_sysbios_heaps_HeapMem_E_memory__C
  000004b8    000004b8    00000004   00000004    r-- .const:ti_sysbios_heaps_HeapMem_Module__gateObj__C
  000004bc    000004bc    00000004   00000004    r-- .const:ti_sysbios_heaps_HeapMem_Object__count__C
  000004c0    000004c0    00000004   00000004    r-- .const:ti_sysbios_heaps_HeapMem_Object__table__C
  000004c4    000004c4    00000004   00000004    r-- .const:ti_sysbios_heaps_HeapMem_reqAlign__C
  000004c8    000004c8    00000004   00000004    r-- .const:ti_sysbios_knl_Clock_serviceMargin__C
  000004cc    000004cc    00000004   00000004    r-- .const:ti_sysbios_knl_Mailbox_Object__count__C
  000004d0    000004d0    00000004   00000004    r-- .const:ti_sysbios_knl_Mailbox_Object__table__C
  000004d4    000004d4    00000004   00000004    r-- .const:ti_sysbios_knl_Queue_Object__count__C
  000004d8    000004d8    00000004   00000004    r-- .const:ti_sysbios_knl_Queue_Object__table__C
  000004dc    000004dc    00000004   00000004    r-- .const:ti_sysbios_knl_Swi_Object__count__C
  000004e0    000004e0    00000004   00000004    r-- .const:ti_sysbios_knl_Swi_Object__table__C
  000004e4    000004e4    00000004   00000004    r-- .const:ti_sysbios_knl_Swi_numPriorities__C
  000004e8    000004e8    00000004   00000004    r-- .const:ti_sysbios_knl_Task_Object__count__C
  000004ec    000004ec    00000004   00000004    r-- .const:ti_sysbios_knl_Task_Object__table__C
  000004f0    000004f0    00000004   00000004    r-- .const:ti_sysbios_knl_Task_allBlockedFunc__C
  000004f4    000004f4    00000004   00000004    r-- .const:ti_sysbios_knl_Task_defaultStackHeap__C
  000004f8    000004f8    00000004   00000004    r-- .const:ti_sysbios_knl_Task_defaultStackSize__C
  000004fc    000004fc    00000004   00000004    r-- .const:ti_sysbios_knl_Task_numConstructedTasks__C
  00000502    00000502    00000002   00000002    r-- .const:ti_sysbios_family_arm_cc26xx_Timer_Module__id__C
  00000504    00000504    00000002   00000002    r-- .const:ti_sysbios_family_arm_cc26xx_TimestampProvider_useClockTimer__C
  00000506    00000506    00000002   00000002    r-- .const:ti_sysbios_family_arm_m3_Hwi_Module__id__C
  00000508    00000508    00000002   00000002    r-- .const:ti_sysbios_gates_GateHwi_Module__id__C
  0000050a    0000050a    00000002   00000002    r-- .const:ti_sysbios_gates_GateMutex_Module__id__C
  0000050c    0000050c    00000002   00000002    r-- .const:ti_sysbios_heaps_HeapMem_Module__id__C
  0000050e    0000050e    00000002   00000002    r-- .const:ti_sysbios_knl_Task_initStackFlag__C
  00000510    00000510    00000001   00000001    r-- .const:ti_sysbios_knl_Clock_tickMode__C
  00000514    00000514    00000008   00000008    r-- .const:xdc_runtime_Startup_firstFxns__C
  0000051c    0000051c    00000008   00000008    r-- .const:xdc_runtime_Startup_lastFxns__C
  00000524    00000524    00000004   00000004    r-- .const:xdc_runtime_Assert_E_assertFailed__C
  00000528    00000528    00000004   00000004    r-- .const:xdc_runtime_Error_E_memory__C
  0000052c    0000052c    00000004   00000004    r-- .const:xdc_runtime_Error_policyFxn__C
  00000530    00000530    00000004   00000004    r-- .const:xdc_runtime_IGateProvider_Interface__BASE__C
  00000534    00000534    00000004   00000004    r-- .const:xdc_runtime_IHeap_Interface__BASE__C
  00000538    00000538    00000004   00000004    r-- .const:xdc_runtime_IModule_Interface__BASE__C
  0000053c    0000053c    00000004   00000004    r-- .const:xdc_runtime_Main_Module__diagsEnabled__C
  00000540    00000540    00000004   00000004    r-- .const:xdc_runtime_Main_Module__diagsIncluded__C
  00000544    00000544    00000004   00000004    r-- .const:xdc_runtime_Main_Module__diagsMask__C
  00000548    00000548    00000004   00000004    r-- .const:xdc_runtime_Memory_defaultHeapInstance__C
  0000054c    0000054c    00000004   00000004    r-- .const:xdc_runtime_Startup_execImpl__C
  00000550    00000550    00000004   00000004    r-- .const:xdc_runtime_Startup_maxPasses__C
  00000554    00000554    00000004   00000004    r-- .const:xdc_runtime_Startup_sfxnRts__C
  00000558    00000558    00000004   00000004    r-- .const:xdc_runtime_Startup_sfxnTab__C
  0000055c    0000055c    00000004   00000004    r-- .const:xdc_runtime_Startup_startModsFxn__C
  00000560    00000560    00000004   00000004    r-- .const:xdc_runtime_SysCallback_abortFxn__C
  00000564    00000564    00000004   00000004    r-- .const:xdc_runtime_SysCallback_exitFxn__C
  00000568    00000568    00000004   00000004    r-- .const:xdc_runtime_System_abortFxn__C
  0000056c    0000056c    00000004   00000004    r-- .const:xdc_runtime_System_exitFxn__C
  00000570    00000570    00000004   00000004    r-- .const:xdc_runtime_System_maxAtexitHandlers__C
  00000574    00000574    00000004   00000004    r-- .const:xdc_runtime_Text_charTab__C
  00000578    00000578    00000004   00000004    r-- .const:xdc_runtime_Text_nameEmpty__C
  0000057c    0000057c    00000004   00000004    r-- .const:xdc_runtime_Text_nameStatic__C
  00000580    00000580    00000004   00000004    r-- .const:xdc_runtime_Text_nameUnknown__C
  00000584    00000584    00000002   00000002    r-- .const:xdc_runtime_Main_Module__id__C
  00000586    00000586    00000002   00000002    r-- .const:xdc_runtime_Memory_Module__id__C
  00000588    00000588    00000002   00000002    r-- .const:xdc_runtime_Text_charCnt__C
  0000058a    0000058a    00000002   00000002    r-- .const:xdc_runtime_Text_isLoaded__C
  0000058c    0000058c    00000001   00000001    r-- .const:xdc_runtime_Error_policy__C
  00000590    00000590    00000004   00000004    r-- .const:ti_sysbios_rom_ROM_AONRTCChannelEnable
  00000594    00000594    00000004   00000004    r-- .const:ti_sysbios_rom_ROM_AONRTCCompareValueSet
  00000598    00000598    00000004   00000004    r-- .const:ti_sysbios_rom_ROM_AONRTCCurrentCompareValueGet
  0000059c    0000059c    00000004   00000004    r-- .const:ti_sysbios_rom_ROM_AONRTCEventClear
  000005a0    000005a0    00000004   00000004    r-- .const:ti_sysbios_rom_ROM_ti_sysbios_family_arm_cc26xx_Timer_getCount64__E
  000005a4    000005a4    00000004   00000004    r-- .const:ti_sysbios_rom_ROM_ti_sysbios_family_arm_cc26xx_Timer_getCurrentTick__E
  000005a8    000005a8    00000004   00000004    r-- .const:ti_sysbios_rom_ROM_ti_sysbios_family_arm_cc26xx_Timer_getMaxTicks__E
  000005ac    000005ac    00000004   00000004    r-- .const:ti_sysbios_rom_ROM_ti_sysbios_family_arm_cc26xx_Timer_initDevice__I
  000005b0    000005b0    00000004   00000004    r-- .const:ti_sysbios_rom_ROM_ti_sysbios_family_arm_cc26xx_Timer_setNextTick__E
  000005b4    000005b4    00000004   00000004    r-- .const:ti_sysbios_rom_ROM_ti_sysbios_family_arm_cc26xx_Timer_setThreshold__I
  000005b8    000005b8    00000004   00000004    r-- .const:ti_sysbios_rom_ROM_ti_sysbios_family_arm_cc26xx_Timer_start__E
  000005bc    000005bc    00000004   00000004    r-- .const:ti_sysbios_rom_ROM_ti_sysbios_family_arm_cc26xx_TimestampProvider_get32__E
  000005c0    000005c0    00000004   00000004    r-- .const:ti_sysbios_rom_ROM_xdc_runtime_Startup_getState__I
  000005c4    000005c4    00000004   00000004    r-- .const:ti_sysbios_rom_ROM_xdc_runtime_System_SupportProxy_abort__E
  000005c8    000005c8    00000004   00000004    r-- .const:ti_sysbios_rom_ROM_xdc_runtime_System_SupportProxy_exit__E
  000005cc    000005cc    00000004   00000004    r-- .const:ti_sysbios_gates_GateMutex_Instance_State_sem__O
  000005d0    000005d0    00000004   00000004    r-- .const:ti_sysbios_knl_Clock_Module_State_clockQ__O
  000005d4    000005d4    00000004   00000004    r-- .const:ti_sysbios_knl_Mailbox_Instance_State_dataQue__O
  000005d8    000005d8    00000004   00000004    r-- .const:ti_sysbios_knl_Mailbox_Instance_State_dataSem__O
  000005dc    000005dc    00000004   00000004    r-- .const:ti_sysbios_knl_Mailbox_Instance_State_freeQue__O
  000005e0    000005e0    00000004   00000004    r-- .const:ti_sysbios_knl_Mailbox_Instance_State_freeSem__O
  000005e4    000005e4    00000004   00000004    r-- .const:ti_sysbios_knl_Semaphore_Instance_State_pendQ__O
  000005e8    000005e8    00000004   00000004    r-- .const:ti_sysbios_knl_Task_Module_State_inactiveQ__O
  000005ec    000005ec    0000884c   0000884c    r-x .text
  00008e38    00008e38    000025c1   000025c1    r-- .const
  0000b400    0000b400    00000388   00000388    r-- .cinit
0001ffa8    0001ffa8    00000058   00000058    r--
  0001ffa8    0001ffa8    00000058   00000058    r-- .ccfg
20000100    20000100    00000104   00000000    rw-
  20000100    20000100    00000044   00000000    rw- .data:ti_sysbios_knl_Task_Module__state__V
  20000144    20000144    00000034   00000000    rw- .data:ti_sysbios_family_arm_m3_Hwi_Module__state__V
  20000178    20000178    0000002c   00000000    rw- .data:ti_sysbios_knl_Clock_Module__state__V
  200001a4    200001a4    00000024   00000000    rw- .data:ti_sysbios_BIOS_Module__state__V
  200001c8    200001c8    0000001c   00000000    rw- .data:ti_sysbios_knl_Swi_Module__state__V
  200001e4    200001e4    00000008   00000000    rw- .data:ti_sysbios_family_arm_cc26xx_Timer_Module__state__V
  200001ec    200001ec    00000004   00000000    rw- .data:ti_sysbios_family_arm_cc26xx_TimestampProvider_Module__state__V
  200001f0    200001f0    00000008   00000000    rw- .data:xdc_runtime_Startup_Module__state__V
  200001f8    200001f8    00000008   00000000    rw- .data:xdc_runtime_System_Module__state__V
  20000200    20000200    00000004   00000000    rw- .data:xdc_runtime_Memory_Module__state__V
20000430    20000430    00000010   00000000    rw-
  20000430    20000430    00000010   00000000    rw- .TI.bound:dmaSpi0RxControlTableEntry
20000440    20000440    00000010   00000000    rw-
  20000440    20000440    00000010   00000000    rw- .TI.bound:dmaSpi0TxControlTableEntry
20000500    20000500    00000010   00000000    rw-
  20000500    20000500    00000010   00000000    rw- .TI.bound:dmaSpi1RxControlTableEntry
20000510    20000510    00002938   00000000    rw-
  20000510    20000510    00000010   00000000    rw- .TI.bound:dmaSpi1TxControlTableEntry
  20000520    20000520    0000238a   00000000    rw- .bss
  200028b0    200028b0    00000598   00000000    rw- .data
20004d00    20004d00    00000300   00000000    rw-
  20004d00    20004d00    00000300   00000000    rw- .stack


SECTION ALLOCATION MAP

 output                                  attributes/
section   page    origin      length       input sections
--------  ----  ----------  ----------   ----------------
.text      0    000005ec    0000884c     
                  000005ec    00000478     GPS.obj (.text:GPS)
                  00000a64    000003b8     rf_singleMode_cc26xxware.aem3 : RFCC26XX_singleMode.oem3 (.text:fsmActiveState)
                  00000e1c    0000033c     rom_sysbios.aem3 : rom_sysbios.obj (.text:xdc_runtime_System_doPrint__I)
                  00001158    00000324     EasyLink.obj (.text:EasyLink_init)
                  0000147c    000002e8     grlib.aem3 : string.oem3 (.text:GrStringDraw)
                  00001764    00000228     drivers_cc26xxware.aem3 : PowerCC26XX.oem3 (.text:Power_sleep)
                  0000198c    00000204     driverlib.lib : sys_ctrl.obj (.text:NOROM_SysCtrlSetRechargeBeforePowerDown)
                  00001b90    000001f4     rtsv7M3_T_le_eabi.lib : ull_div_t2.obj (.text)
                  00001d84    000001dc     rf_singleMode_cc26xxware.aem3 : RFCC26XX_singleMode.oem3 (.text:RF_postCmd)
                  00001f60    000001d0     drivers_cc26xxware.aem3 : PowerCC26XX_calibrateRCOSC.oem3 (.text:calibrateRcoscHf1)
                  00002130    000001c4                             : PINCC26XX.oem3 (.text:PIN_init)
                  000022f4    000001a0                             : UARTCC26XX.oem3 (.text:UARTCC26XX_open)
                  00002494    00000188     EasyLink.obj (.text:rxDoneCallback)
                  0000261c    00000184     drivers_cc26xxware.aem3 : PowerCC26XX_calibrateRCOSC.oem3 (.text:PowerCC26XX_doCalibrate)
                  000027a0    00000170     EasyLink.obj (.text:EasyLink_receiveAsync)
                  00002910    00000168     rf_singleMode_cc26xxware.aem3 : RFCC26XX_singleMode.oem3 (.text:fsmSetupState)
                  00002a78    00000160     drivers_cc26xxware.aem3 : SPICC26XXDMA.oem3 (.text:SPICC26XXDMA_initIO)
                  00002bd8    00000150     smartrf_settings.obj (.text:rf_patch_rfe_genfsk)
                  00002d28    00000150     smartrf_settings_predefined.obj (.text:rf_patch_rfe_genfsk)
                  00002e78    00000148     drivers_cc26xxware.aem3 : SPICC26XXDMA.oem3 (.text:SPICC26XXDMA_open)
                  00002fc0    00000140     display.aem3 : DisplaySharp.oem3 (.text:DisplaySharp_open)
                  00003100    0000013c     EasyLink.obj (.text:EasyLink_transmit)
                  0000323c    00000130     driverlib.lib : setup_rom.obj (.text:NOROM_SetupAfterColdResetWakeupFromShutDownCfg3)
                  0000336c    00000128     rf_singleMode_cc26xxware.aem3 : RFCC26XX_singleMode.oem3 (.text:rf_init)
                  00003494    0000011c     drivers_cc26xxware.aem3 : PowerCC26XX.oem3 (.text:Power_init)
                  000035b0    0000011c                             : UARTCC26XX.oem3 (.text:UARTCC26XX_read)
                  000036cc    00000118     rf_singleMode_cc26xxware.aem3 : RFCC26XX_singleMode.oem3 (.text:hwiFxnCpe0Active)
                  000037e4    00000114     smartrf_settings.obj (.text:rf_patch_mce_genfsk)
                  000038f8    00000114     smartrf_settings_predefined.obj (.text:rf_patch_mce_genfsk)
                  00003a0c    00000110     drivers_cc26xxware.aem3 : UARTCC26XX.oem3 (.text:UARTCC26XX_hwiIntFxn)
                  00003b1c    00000108     rf_singleMode_cc26xxware.aem3 : RFCC26XX_singleMode.oem3 (.text:RF_close)
                  00003c24    00000104     CoordinatorRFTask.obj (.text:coordinatorRFTaskFunction)
                  00003d28    00000100     lcd.aem3 : SharpGrLib.oem3 (.text:SharpGrLib_flush)
                  00003e28    000000fc     drivers_cc26xxware.aem3 : UARTCC26XX.oem3 (.text:UARTCC26XX_write)
                  00003f24    000000f8     SeniorProj_pem3.oem3 (.text:xdc_runtime_System_printfExtend__I)
                  0000401c    000000f4     drivers_cc26xxware.aem3 : SPICC26XXDMA.oem3 (.text:SPICC26XXDMA_configDMA)
                  00004110    000000f0                             : SPICC26XXDMA.oem3 (.text:SPICC26XXDMA_transferCancel)
                  00004200    000000e8     rom_sysbios.aem3 : rom_sysbios.obj (.text:ti_sysbios_knl_Event_pend__E)
                  000042e8    000000e6     lcd.aem3 : SharpGrLib.oem3 (.text:SharpGrLib_rectFill)
                  000043ce    00000002     display.aem3 : DisplayUart.oem3 (.text:DisplayUart_clear)
                  000043d0    000000e4     driverlib.lib : setup_rom.obj (.text:NOROM_SetupAfterColdResetWakeupFromShutDownCfg2)
                  000044b4    000000e0     display.aem3 : DisplaySharp.oem3 (.text:DisplaySharp_put5)
                  00004594    000000e0     drivers_cc26xxware.aem3 : PINCC26XX.oem3 (.text:PINCC26XX_setIoCfg)
                  00004674    000000d8     EasyLink.obj (.text:EasyLink_enableRxAddrFilter)
                  0000474c    000000d4     power_cc26xx_tirtos.aem3 : PowerCC26XX_tirtos.oem3 (.text:PowerCC26XX_standbyPolicy)
                  00004820    000000d4     drivers_cc26xxware.aem3 : PowerCC26XX.oem3 (.text:Power_releaseDependency)
                  000048f4    000000d4                             : SPICC26XXDMA.oem3 (.text:SPICC26XXDMA_control)
                  000049c8    000000d0     display.aem3 : DisplaySharp.oem3 (.text:DisplaySharp_control)
                  00004a98    000000d0     drivers_cc26xxware.aem3 : PowerCC26XX.oem3 (.text:Power_setDependency)
                  00004b68    000000cc     rf_singleMode_cc26xxware.aem3 : RFCC26XX_singleMode.oem3 (.text:RF_open)
                  00004c34    000000c8     drivers_cc26xxware.aem3 : UARTCC26XX.oem3 (.text:UARTCC26XX_initHw)
                  00004cfc    000000c4     rf_singleMode_cc26xxware.aem3 : RFCC26XX_singleMode.oem3 (.text:fsmPowerUpState)
                  00004dc0    000000bc     CoordinatorRFTask.obj (.text:CoordinatorRFTask_init)
                  00004e7c    000000bc     lcd.aem3 : SharpGrLib.oem3 (.text:SharpGrLib_clearScreen)
                  00004f38    000000bc     driverlib.lib : setup.obj (.text:TrimAfterColdResetWakeupFromShutDown)
                  00004ff4    000000b4     CoordinatorRFTask.obj (.text:rxDoneCallback)
                  000050a8    000000b0     drivers_cc26xxware.aem3 : SPICC26XXDMA.oem3 (.text:SPICC26XXDMA_transfer)
                  00005158    000000aa     lcd.aem3 : SharpGrLib.oem3 (.text:SharpGrLib_lineDrawH)
                  00005202    00000002     display.aem3 : DisplayUart.oem3 (.text:DisplayUart_clearLines)
                  00005204    000000a8     driverlib.lib : setup.obj (.text:NOROM_SetupTrimDevice)
                  000052ac    000000a2     drivers_cc26xxware.aem3 : SPICC26XXDMA.oem3 (.text:SPICC26XXDMA_hwiFxn)
                  0000534e    00000002     driverlib.lib : rfc.obj (.text:NOROM_RFCAdi3VcoLdoVoltageMode)
                  00005350    000000a0     auto_init.aem3 : auto_init.oem3 (.text)
                  000053f0    0000009e     rom_sysbios.aem3 : rom_sysbios.obj (.text:xdc_runtime_Text_putSite__E)
                  0000548e    0000009c     rtsv7M3_T_le_eabi.lib : memcpy_t2.obj (.text)
                  0000552a    00000002     driverlib.lib : rfc.obj (.text:NOROM_RFCRTrim)
                  0000552c    00000098     rom_sysbios.aem3 : rom_sysbios.obj (.text:ti_sysbios_knl_Clock_workFuncDynamic__E)
                  000055c4    00000094     drivers_cc26xxware.aem3 : PINCC26XX.oem3 (.text:PIN_open)
                  00005658    00000094                             : UARTCC26XX.oem3 (.text:writeFinishedDoCallback)
                  000056ec    00000094     rom_sysbios.aem3 : rom_sysbios.obj (.text:xdc_runtime_Text_putMod__E)
                  00005780    00000090     drivers_cc26xxware.aem3 : PowerCC26XX.oem3 (.text:switchXOSCHFclockFunc)
                  00005810    0000008e     GPS.obj (.text:Latitude)
                  0000589e    0000008e     GPS.obj (.text:Longitude)
                  0000592c    0000008c     drivers_cc26xxware.aem3 : UARTCC26XX.oem3 (.text:UARTCC26XX_initIO)
                  000059b8    0000008c                             : UARTCC26XX.oem3 (.text:UARTCC26XX_writeCancel)
                  00005a44    0000008c     CoordinatorTask.obj (.text:updateNode)
                  00005ad0    00000088     CoordinatorTask.obj (.text:CoordinatorTask_init)
                  00005b58    00000088     grlib.aem3 : rectangle.oem3 (.text:GrRectFill)
                  00005be0    00000084     CoordinatorTask.obj (.text:packetReceivedCallback)
                  00005c64    00000084     rf_singleMode_cc26xxware.aem3 : RFCC26XX_singleMode.oem3 (.text:swiFxnHw)
                  00005ce8    00000080                                   : RFCC26XX_singleMode.oem3 (.text:RF_pendCmd)
                  00005d68    0000007c     drivers_cc26xxware.aem3 : PowerCC26XX.oem3 (.text:disableLFClockQualifiers)
                  00005de4    0000007a     rtsv7M3_T_le_eabi.lib : memset_t2.obj (.text)
                  00005e5e    00000002     drivers_cc26xxware.aem3 : SPICC26XXDMA.oem3 (.text:SPICC26XXDMA_serviceISR)
                  00005e60    00000078     driverlib.lib : setup_rom.obj (.text:NOROM_SetupAfterColdResetWakeupFromShutDownCfg1)
                  00005ed8    00000078     drivers_cc26xxware.aem3 : UARTCC26XX.oem3 (.text:UARTCC26XX_close)
                  00005f50    00000074                             : PowerCC26XX_calibrateRCOSC.oem3 (.text:PowerCC26XX_auxISR)
                  00005fc4    00000074                             : PowerCC26XX_calibrateRCOSC.oem3 (.text:calibrateRcoscHf2)
                  00006038    00000074     rf_singleMode_cc26xxware.aem3 : RFCC26XX_singleMode.oem3 (.text:decActiveClientCnt)
                  000060ac    00000074                                   : RFCC26XX_singleMode.oem3 (.text:fsmPowerDownState)
                  00006120    00000074     rom_sysbios.aem3 : rom_sysbios.obj (.text:ti_sysbios_family_arm_cc26xx_Timer_start__E)
                  00006194    00000074     drivers_cc26xxware.aem3 : UARTCC26XX.oem3 (.text:writeTxFifoFlush)
                  00006208    00000070     driverlib.lib : chipinfo.obj (.text:NOROM_ChipInfo_GetHwRevision)
                  00006278    00000070     rom_sysbios.aem3 : rom_sysbios.obj (.text:ti_sysbios_knl_Event_post__E)
                  000062e8    0000006d                      : rom_sysbios.obj (.text:xdc_runtime_System_formatNum__I)
                  00006355    00000001     --HOLE-- [fill = 0]
                  00006356    00000002     rf_singleMode_cc26xxware.aem3 : RFCC26XX_singleMode.oem3 (.text:defaultErrCb)
                  00006358    0000006c     driverlib.lib : setup_rom.obj (.text:NOROM_SetupGetTrimForAmpcompCtrl)
                  000063c4    0000006c     drivers_cc26xxware.aem3 : PINCC26XX.oem3 (.text:PIN_add)
                  00006430    0000006c                             : PowerCC26XX.oem3 (.text:PowerCC26XX_calibrate)
                  0000649c    0000006c                             : UARTCC26XX.oem3 (.text:UARTCC26XX_readCancel)
                  00006508    00000068     driverlib.lib : setup_rom.obj (.text:NOROM_SetupGetTrimForAnabypassValue1)
                  00006570    00000068                   : sys_ctrl.obj (.text:NOROM_SysCtrl_DCDC_VoltageConditionalControl)
                  000065d8    00000068     rf_singleMode_cc26xxware.aem3 : RFCC26XX_singleMode.oem3 (.text:RF_getCurrentTime)
                  00006640    00000068     GPS.obj (.text:comparePackets)
                  000066a8    00000068     rtsv7M3_T_le_eabi.lib : copy_decompress_lzss.obj (.text:decompress:lzss)
                  00006710    00000064     drivers_cc26xxware.aem3 : UARTCC26XX.oem3 (.text:UARTCC26XX_control)
                  00006774    00000064     CoordinatorTask.obj (.text:coordinatorTaskFunction)
                  000067d8    00000060     display.aem3 : DisplaySharp.oem3 (.text:DisplaySharp_clearLines)
                  00006838    00000060     drivers_cc26xxware.aem3 : PowerCC26XX_calibrateRCOSC.oem3 (.text:PowerCC26XX_RCOSC_clockFunc)
                  00006898    00000060                             : SPICC26XXDMA.oem3 (.text:SPICC26XXDMA_initHw)
                  000068f8    00000060     rf_singleMode_cc26xxware.aem3 : RFCC26XX_singleMode.oem3 (.text:fsmXOSCState)
                  00006958    00000060     drivers_cc26xxware.aem3 : PowerCC26XX_calibrateRCOSC.oem3 (.text:updateSubSecInc)
                  000069b8    0000005c     driverlib.lib : osc.obj (.text:NOROM_OSCHF_AttemptToSwitchToXosc)
                  00006a14    0000005c                   : sys_ctrl.obj (.text:NOROM_SysCtrlAdjustRechargeAfterPowerDown)
                  00006a70    0000005c     drivers_cc26xxware.aem3 : PINCC26XX.oem3 (.text:PIN_remove)
                  00006acc    0000005c                             : UDMACC26XX.oem3 (.text:UDMACC26XX_open)
                  00006b28    0000005c     SeniorProj_pem3.oem3 (.text:xdc_runtime_Startup_getState__I)
                  00006b84    0000005b     rom_sysbios.aem3 : rom_sysbios.obj (.text:xdc_runtime_Text_putLab__E)
                  00006bdf    00000001     --HOLE-- [fill = 0]
                  00006be0    0000005a     drivers_cc26xxware.aem3 : SPICC26XXDMA.oem3 (.text:SPICC26XXDMA_close)
                  00006c3a    00000058     display.aem3 : DisplayUart.oem3 (.text:DisplayUart_put5)
                  00006c92    00000002     drivers_cc26xxware.aem3 : PowerCC26XX.oem3 (.text:emptyClockFunc)
                  00006c94    00000058                             : PowerCC26XX_calibrateRCOSC.oem3 (.text:PowerCC26XX_initiateCalibration)
                  00006cec    00000058     lcd.aem3 : SharpGrLib.oem3 (.text:SharpGrLib_lineDrawV)
                  00006d44    00000058     CoordinatorTask.obj (.text:isKnownNodeAddress)
                  00006d9c    00000058     CoordinatorRFTask.obj (.text:sendAck)
                  00006df4    00000054     drivers_cc26xxware.aem3 : SPICC26XXDMA.oem3 (.text:SPICC26XXDMA_swiFxn)
                  00006e48    00000054                             : PowerCC26XX.oem3 (.text:configureXOSCHF)
                  00006e9c    00000054     rf_singleMode_cc26xxware.aem3 : RFCC26XX_singleMode.oem3 (.text:hwiFxnHw)
                  00006ef0    00000054                                   : RFCC26XX_singleMode.oem3 (.text:ratChanFree)
                  00006f44    00000050     driverlib.lib : setup_rom.obj (.text:NOROM_SetupSetCacheModeAccordingToCcfgSetting)
                  00006f94    00000050     rf_singleMode_cc26xxware.aem3 : RFCC26XX_singleMode.oem3 (.text:dispatchOpWhen)
                  00006fe4    00000050                                   : RFCC26XX_singleMode.oem3 (.text:syncCb)
                  00007034    0000004e     grlib.aem3 : line.oem3 (.text:GrLineDrawH)
                  00007082    0000004c     display.aem3 : DisplayUart.oem3 (.text:DisplayUart_open)
                  000070ce    00000002     smartrf_settings.obj (.text:enterGenfskSysPatch)
                  000070d0    0000004c     driverlib.lib : chipinfo.obj (.text:NOROM_ChipInfo_GetChipType)
                  0000711c    0000004c                   : osc.obj (.text:NOROM_OSCClockSourceSet)
                  00007168    0000004c     rf_singleMode_cc26xxware.aem3 : RFCC26XX_singleMode.oem3 (.text:applyRfCorePatch)
                  000071b4    0000004c     rtsv7M3_T_le_eabi.lib : cpy_tbl.obj (.text)
                  00007200    0000004c     drivers_cc26xxware.aem3 : UARTCC26XX.oem3 (.text:startTxFifoEmptyClk)
                  0000724c    0000004a     display.aem3 : DisplaySharp.oem3 (.text:DisplaySharp_close)
                  00007296    0000004a     lcd.aem3 : SharpGrLib.oem3 (.text:SharpGrLib_drawMultiple)
                  000072e0    00000048     display.aem3 : Display.oem3 (.text:Display_doOpen)
                  00007328    00000048     GPS.obj (.text:EastWest)
                  00007370    00000048     driverlib.lib : chipinfo.obj (.text:NOROM_ChipInfo_GetChipFamily)
                  000073b8    00000048                   : ddi.obj (.text:NOROM_DDI16BitfieldWrite)
                  00007400    00000048     GPS.obj (.text:NorthSouth)
                  00007448    00000048     drivers_cc26xxware.aem3 : PINCC26XX.oem3 (.text:PIN_setOutputEnable)
                  00007490    00000048                             : PINCC26XX.oem3 (.text:PIN_swi)
                  000074d8    00000048     rf_singleMode_cc26xxware.aem3 : RFCC26XX_singleMode.oem3 (.text:RF_runCmd)
                  00007520    00000048     GPS.obj (.text:Status)
                  00007568    00000048     GPS.obj (.text:Time)
                  000075b0    00000048     SeniorProj.obj (.text:main)
                  000075f8    00000048     drivers_cc26xxware.aem3 : PowerCC26XX.oem3 (.text:notify)
                  00007640    00000046                             : RingBuf.oem3 (.text:RingBuf_put)
                  00007686    00000002     smartrf_settings_predefined.obj (.text:enterGenfskSysPatch)
                  00007688    00000044     boot.aem3 : boot.oem3 (.text)
                  000076cc    00000044     rom_sysbios.aem3 : rom_sysbios.obj (.text:xdc_runtime_Text_xprintf__I)
                  00007710    00000042     lcd.aem3 : SharpGrLib.oem3 (.text:SharpGrLib_pixelDraw)
                  00007752    00000002     rtsv7M3_T_le_eabi.lib : i_div0.obj (.text)
                  00007754    00000040     driverlib.lib : ddi.obj (.text:NOROM_DDI16BitfieldRead)
                  00007794    00000040     drivers_cc26xxware.aem3 : RingBuf.oem3 (.text:RingBuf_get)
                  000077d4    00000040     rtsv7M3_T_le_eabi.lib : u_divt2.obj (.text)
                  00007814    0000003c     driverlib.lib : osc.obj (.text:NOROM_OSC_HPOSCRelativeFrequencyOffsetGet)
                  00007850    0000003c                   : rfc.obj (.text:NOROM_RFCSynthPowerDown)
                  0000788c    0000003c     drivers_cc26xxware.aem3 : PINCC26XX.oem3 (.text:PINCC26XX_getConfig)
                  000078c8    0000003c                             : PINCC26XX.oem3 (.text:PIN_setOutputValue)
                  00007904    0000003c                             : SPICC26XXDMA.oem3 (.text:SPICC26XXDMA_csnCallback)
                  00007940    0000003c                             : UARTCC26XX.oem3 (.text:UARTCC26XX_swiIntFxn)
                  0000797c    0000003c     CoordinatorTask.obj (.text:addNewNode)
                  000079b8    0000003c     smartrf_settings.obj (.text:configureGenfskPatch)
                  000079f4    0000003c     smartrf_settings_predefined.obj (.text:configureGenfskPatch)
                  00007a30    00000038     drivers_cc26xxware.aem3 : PINCC26XX.oem3 (.text:PIN_setInterrupt)
                  00007a68    00000038                             : UART.oem3 (.text:UART_init)
                  00007aa0    00000038                             : UARTCC26XX.oem3 (.text:readData)
                  00007ad8    00000038     rom_sysbios.aem3 : rom_sysbios.obj (.text:ti_sysbios_family_arm_cc26xx_Timer_getCurrentTick__E)
                  00007b10    00000038     drivers_cc26xxware.aem3 : UARTCC26XX.oem3 (.text:writeData)
                  00007b48    00000036                             : UDMACC26XX.oem3 (.text:UDMACC26XX_close)
                  00007b7e    00000036     rf_singleMode_cc26xxware.aem3 : RFCC26XX_singleMode.oem3 (.text:updateImplicitState)
                  00007bb4    00000034     GPS.obj (.text:GPS_init)
                  00007be8    00000034     driverlib.lib : osc.obj (.text:NOROM_OSCHF_SwitchToRcOscTurnOffXosc)
                  00007c1c    00000034     drivers_cc26xxware.aem3 : PINCC26XX.oem3 (.text:PIN_setConfig)
                  00007c50    00000034     rf_singleMode_cc26xxware.aem3 : RFCC26XX_singleMode.oem3 (.text:Q_push)
                  00007c84    00000034     drivers_cc26xxware.aem3 : UARTCC26XX.oem3 (.text:readData2RingBuf)
                  00007cb8    00000034     rom_sysbios.aem3 : rom_sysbios.obj (.text:ti_sysbios_family_arm_cc26xx_Timer_initDevice__I)
                  00007cec    00000032     display.aem3 : DisplaySharp.oem3 (.text:DisplaySharp_clear)
                  00007d1e    00000032     rom_sysbios.aem3 : rom_sysbios.obj (.text:ti_sysbios_family_arm_cc26xx_Timer_setNextTick__E)
                  00007d50    00000030     driverlib.lib : setup_rom.obj (.text:NOROM_SetupSetAonRtcSubSecInc)
                  00007d80    00000030     drivers_cc26xxware.aem3 : PowerCC26XX.oem3 (.text:Power_releaseConstraint)
                  00007db0    00000030                             : PowerCC26XX.oem3 (.text:Power_setConstraint)
                  00007de0    00000030                             : SPI.oem3 (.text:SPI_open)
                  00007e10    00000030                             : UART.oem3 (.text:UART_open)
                  00007e40    00000030     rf_singleMode_cc26xxware.aem3 : RFCC26XX_singleMode.oem3 (.text:clkPowerUpFxn)
                  00007e70    00000030     SeniorProj_pem3.oem3 (.text:ti_sysbios_BIOS_atExitFunc__I)
                  00007ea0    00000030     SeniorProj_pem3.oem3 (.text:ti_sysbios_BIOS_startFunc__I)
                  00007ed0    00000030     rom_sysbios.aem3 : rom_sysbios.obj (.text:ti_sysbios_family_arm_cc26xx_Timer_setThreshold__I)
                  00007f00    0000002f                      : rom_sysbios.obj (.text:xdc_runtime_Text_printVisFxn__I)
                  00007f2f    00000001     --HOLE-- [fill = 0]
                  00007f30    0000002e     lcd.aem3 : SharpGrLib.oem3 (.text:SharpGrLib_initializeDisplayBuffer)
                  00007f5e    0000002e     SeniorProj_pem3.oem3 (.text:malloc)
                  00007f8c    0000002c     driverlib.lib : ddi.obj (.text:NOROM_DDI32RegWrite)
                  00007fb8    0000002c                   : setup_rom.obj (.text:NOROM_SetupGetTrimForRadcExtCfg)
                  00007fe4    0000002c     drivers_cc26xxware.aem3 : PINCC26XX.oem3 (.text:PINCC26XX_setMux)
                  00008010    0000002c     lcd.aem3 : SharpGrLib.oem3 (.text:SharpGrLib_init)
                  0000803c    0000002c     rf_singleMode_cc26xxware.aem3 : RFCC26XX_singleMode.oem3 (.text:getCmd)
                  00008068    0000002c     rom_sysbios.aem3 : rom_sysbios.obj (.text:ti_sysbios_knl_Clock_getTicksUntilInterrupt__E)
                  00008094    0000002c     SeniorProj_pem3.oem3 (.text:ti_sysbios_knl_Event_construct)
                  000080c0    0000002c     rom_sysbios.aem3 : rom_sysbios.obj (.text:ti_sysbios_knl_Event_pendTimeout__I)
                  000080ec    0000002a                      : rom_sysbios.obj (.text:xdc_runtime_System_putchar__I)
                  00008116    00000002                      : rom_sysbios.obj (.text:ti_sysbios_BIOS_linkedWithIncorrectBootLibrary__E)
                  00008118    00000028     driverlib.lib : aon_batmon.obj (.text:NOROM_AONBatMonTemperatureGetDegC)
                  00008140    00000028     drivers_cc26xxware.aem3 : PowerCC26XX.oem3 (.text:Power_registerNotify)
                  00008168    00000028     rf_singleMode_cc26xxware.aem3 : RFCC26XX_singleMode.oem3 (.text:Q_end)
                  00008190    00000028     drivers_cc26xxware.aem3 : SPICC26XXDMA.oem3 (.text:SPICC26XXDMA_flushFifos)
                  000081b8    00000028     driverlib.lib : adi.obj (.text:SafeHapiVoid)
                  000081e0    00000028     rtsv7M3_T_le_eabi.lib : strncmp.obj (.text)
                  00008208    00000026     display.aem3 : Display.oem3 (.text:Display_doPut5)
                  0000822e    00000026     drivers_cc26xxware.aem3 : List.oem3 (.text:List_put)
                  00008254    00000024                             : PINCC26XX.oem3 (.text:PINCC26XX_getPinCount)
                  00008278    00000024                             : PowerCC26XX_calibrateRCOSC.oem3 (.text:getTdcSemaphore)
                  0000829c    00000024     rf_singleMode_cc26xxware.aem3 : RFCC26XX_singleMode.oem3 (.text:hwiFxnCpe0PowerFsm)
                  000082c0    00000024     CoordinatorRFTask.obj (.text:notifyPacketReceived)
                  000082e4    00000024     SeniorProj_pem3.oem3 (.text:ti_sysbios_BIOS_registerRTSLock__I)
                  00008308    00000024     SeniorProj_pem3.oem3 (.text:ti_sysbios_BIOS_removeRTSLock__I)
                  0000832c    00000024     rom_sysbios.aem3 : rom_sysbios.obj (.text:ti_sysbios_family_arm_cc26xx_Timer_getMaxTicks__E)
                  00008350    00000022     grlib.aem3 : context.oem3 (.text:GrContextInit)
                  00008372    00000002     SeniorProj_pem3.oem3 (.text:ti_sysbios_BIOS_nullFunc__I)
                  00008374    00000020     driverlib.lib : rfc.obj (.text:NOROM_RFCDoorbellSendTo)
                  00008394    00000020                   : rfc.obj (.text:NOROM_RFCRfTrimRead)
                  000083b4    00000020                   : setup_rom.obj (.text:NOROM_SetupGetTrimForXoscHfCtl)
                  000083d4    00000020     drivers_cc26xxware.aem3 : PowerCC26XX.oem3 (.text:Power_unregisterNotify)
                  000083f4    00000020     rf_singleMode_cc26xxware.aem3 : RFCC26XX_singleMode.oem3 (.text:allocCmd)
                  00008414    00000020     SeniorProj_pem3.oem3 (.text:ti_sysbios_BIOS_rtsLock__I)
                  00008434    00000020     rom_sysbios.aem3 : rom_sysbios.obj (.text:ti_sysbios_family_arm_cc26xx_Timer_dynamicStub__E)
                  00008454    00000020                      : rom_sysbios.obj (.text:ti_sysbios_knl_Clock_stop__E)
                  00008474    00000020                      : rom_sysbios.obj (.text:ti_sysbios_knl_Event_checkEvents__I)
                  00008494    00000020                      : rom_sysbios.obj (.text:xdc_runtime_Registry_findById__E)
                  000084b4    0000001e     drivers_cc26xxware.aem3 : PINCC26XX.oem3 (.text:PIN_close)
                  000084d2    0000001e                             : PowerCC26XX.oem3 (.text:Power_getTransitionLatency)
                  000084f0    0000001c     driverlib.lib : osc.obj (.text:NOROM_OSCClockSourceGet)
                  0000850c    0000001c                   : setup_rom.obj (.text:NOROM_SetupGetTrimForAmpcompTh2)
                  00008528    0000001c                   : setup_rom.obj (.text:NOROM_SetupGetTrimForRcOscLfRtuneCtuneTrim)
                  00008544    0000001c     drivers_cc26xxware.aem3 : PINCC26XX.oem3 (.text:PINCC26XX_setIoCfgMux)
                  00008560    0000001c                             : PINCC26XX.oem3 (.text:PIN_hwi)
                  0000857c    0000001c                             : UDMACC26XX.oem3 (.text:UDMACC26XX_initHw)
                  00008598    0000001c     smartrf_settings.obj (.text:enterGenfskCpePatch)
                  000085b4    0000001c     smartrf_settings_predefined.obj (.text:enterGenfskCpePatch)
                  000085d0    0000001a     drivers_cc26xxware.aem3 : List.oem3 (.text:List_remove)
                  000085ea    0000001a     grlib.aem3 : string.oem3 (.text:NumLeadingZeros)
                  00008604    0000001a     rom_sysbios.aem3 : rom_sysbios_config.obj (.text:xdc_runtime_System_snprintf__E)
                  0000861e    00000018     display.aem3 : DisplayUart.oem3 (.text:DisplayUart_close)
                  00008636    00000002     rom_sysbios.aem3 : rom_sysbios.obj (.text:ti_sysbios_knl_Clock_triggerFunc__I)
                  00008638    00000018     driverlib.lib : aon_rtc.obj (.text:NOROM_AONRTCCurrentCompareValueGet)
                  00008650    00000018                   : chipinfo.obj (.text:NOROM_ChipInfo_GetPackageType)
                  00008668    00000018                   : osc.obj (.text:NOROM_OSCHF_TurnOnXosc)
                  00008680    00000018                   : rfc.obj (.text:NOROM_RFCCpeIntGetAndClear)
                  00008698    00000018                   : setup_rom.obj (.text:NOROM_SetupGetTrimForAdcShModeEn)
                  000086b0    00000018                   : setup_rom.obj (.text:NOROM_SetupGetTrimForAdcShVbufEn)
                  000086c8    00000018                   : setup_rom.obj (.text:NOROM_SetupGetTrimForAmpcompTh1)
                  000086e0    00000018                   : setup_rom.obj (.text:NOROM_SetupGetTrimForDblrLoopFilterResetVoltage)
                  000086f8    00000018                   : setup_rom.obj (.text:NOROM_SetupGetTrimForRcOscLfIBiasTrim)
                  00008710    00000018                   : setup_rom.obj (.text:NOROM_SetupGetTrimForXoscLfRegulatorAndCmirrwrRatio)
                  00008728    00000018     drivers_cc26xxware.aem3 : PINCC26XX.oem3 (.text:PIN_getConfig)
                  00008740    00000018                             : PowerCC26XX.oem3 (.text:Power_idleFunc)
                  00008758    00000018     rf_singleMode_cc26xxware.aem3 : RFCC26XX_singleMode.oem3 (.text:Q_pop)
                  00008770    00000018     drivers_cc26xxware.aem3 : UARTCC26XX.oem3 (.text:UARTCC26XX_init)
                  00008788    00000018                             : UART.oem3 (.text:UART_Params_init)
                  000087a0    00000018                             : PowerCC26XX.oem3 (.text:configureRFCoreClocks)
                  000087b8    00000018     lcd.aem3 : SharpGrLib.oem3 (.text:reverse)
                  000087d0    00000018     rtsv7M3_T_le_eabi.lib : args_main.obj (.text)
                  000087e8    00000018                           : ll_mul_t2.obj (.text)
                  00008800    00000018     rf_singleMode_cc26xxware.aem3 : RFCC26XX_singleMode.oem3 (.text:swiFxnFsm)
                  00008818    00000018     SeniorProj_pem3.oem3 (.text:ti_sysbios_BIOS_rtsUnlock__I)
                  00008830    00000018     rom_sysbios.aem3 : rom_sysbios.obj (.text:ti_sysbios_knl_Swi_or__E)
                  00008848    00000018     SeniorProj_pem3.oem3 (.text:ti_sysbios_rom_cortexm_cc26xx_CC26xx_checkRevision__E)
                  00008860    00000016     SeniorProj_pem3.oem3 (.text:ti_sysbios_BIOS_exitFunc__I)
                  00008876    00000016     CoordinatorRFTask.obj (.text:ti_sysbios_knl_Event_Params_init)
                  0000888c    00000016     CoordinatorTask.obj (.text:ti_sysbios_knl_Event_Params_init)
                  000088a2    00000016     EasyLink.obj (.text:ti_sysbios_knl_Semaphore_Params_init)
                  000088b8    00000016     CoordinatorRFTask.obj (.text:ti_sysbios_knl_Task_Params_init)
                  000088ce    00000016     CoordinatorTask.obj (.text:ti_sysbios_knl_Task_Params_init)
                  000088e4    00000016     GPS.obj (.text:ti_sysbios_knl_Task_Params_init)
                  000088fa    00000002     SeniorProj_pem3.oem3 (.text:ti_sysbios_rom_cortexm_cc26xx_CC26xx_badRomRevision__E)
                  000088fc    00000014     CoordinatorRFTask.obj (.text:CoordinatorRadioTask_registerPacketReceivedCallback)
                  00008910    00000014     driverlib.lib : aon_rtc.obj (.text:NOROM_AONRTCCurrent64BitValueGet)
                  00008924    00000014                   : chipinfo.obj (.text:NOROM_ThisCodeIsBuiltForCC26xxHwRev22AndLater_HaltIfViolated)
                  00008938    00000014     drivers_cc26xxware.aem3 : PINCC26XX.oem3 (.text:PINCC26XX_getOutputValue)
                  0000894c    00000014     rf_singleMode_cc26xxware.aem3 : RFCC26XX_singleMode.oem3 (.text:RF_Params_init)
                  00008960    00000014     drivers_cc26xxware.aem3 : SPI.oem3 (.text:SPI_Params_init)
                  00008974    00000014     rtsv7M3_T_le_eabi.lib : _lock.obj (.text)
                  00008988    00000014                           : strlen.obj (.text)
                  0000899c    00000014     SeniorProj_pem3.oem3 (.text:ti_sysbios_knl_Clock_doTick__I)
                  000089b0    00000014     rom_sysbios.aem3 : rom_sysbios.obj (.text:ti_sysbios_knl_Event_Instance_init__E)
                  000089c4    00000012     drivers_cc26xxware.aem3 : RingBuf.oem3 (.text:RingBuf_construct)
                  000089d6    00000012     SeniorProj_pem3.oem3 (.text:xdc_runtime_Startup_exec__I)
                  000089e8    00000010     rf_singleMode_cc26xxware.aem3 : RFCC26XX_singleMode.oem3 (.text:FsmDispatch)
                  000089f8    00000010     driverlib.lib : rfc.obj (.text:NOROM_RFCRfTrimSet)
                  00008a08    00000010                   : setup_rom.obj (.text:NOROM_SetupGetTrimForXoscHfFastStart)
                  00008a18    00000010                   : setup_rom.obj (.text:NOROM_SetupGetTrimForXoscHfIbiastherm)
                  00008a28    00000010     smartrf_settings.obj (.text:applyGenfskPatch)
                  00008a38    00000010     smartrf_settings_predefined.obj (.text:applyGenfskPatch)
                  00008a48    00000010     rom_sysbios.aem3 : rom_sysbios.obj (.text:ti_sysbios_family_arm_m3_Hwi_post__E)
                  00008a58    00000010     drivers_cc26xxware.aem3 : UARTCC26XX.oem3 (.text:uartPostNotify)
                  00008a68    00000010     rom_sysbios.aem3 : rom_sysbios.obj (.text:xdc_runtime_SysCallback_putch__E)
                  00008a78    00000010                      : rom_sysbios.obj (.text:xdc_runtime_SysCallback_ready__E)
                  00008a88    00000010                      : rom_sysbios.obj (.text:xdc_runtime_System_vsnprintf__E)
                  00008a98    0000000e     driverlib.lib : vims.obj (.text:NOROM_VIMSModeGet)
                  00008aa6    0000000e     drivers_cc26xxware.aem3 : SPICC26XXDMA.oem3 (.text:SPICC26XXDMA_init)
                  00008ab4    0000000e     rtsv7M3_T_le_eabi.lib : copy_decompress_none.obj (.text:decompress:none)
                  00008ac2    0000000e     rom_sysbios.aem3 : rom_sysbios.obj (.text:ti_sysbios_family_arm_cc26xx_TimestampProvider_get32__E)
                  00008ad0    0000000c     rf_singleMode_cc26xxware.aem3 : RFCC26XX_singleMode.oem3 (.text:FsmNextState)
                  00008adc    0000000c     driverlib.lib : cpu.obj (.text:NOROM_CPUcpsid)
                  00008ae8    0000000c                   : cpu.obj (.text:NOROM_CPUcpsie)
                  00008af4    0000000c     drivers_cc26xxware.aem3 : PINCC26XX.oem3 (.text:PIN_registerIntCb)
                  00008b00    0000000c                             : PowerCC26XX.oem3 (.text:Power_getConstraintMask)
                  00008b0c    0000000c                             : PowerCC26XX.oem3 (.text:Power_getDependencyCount)
                  00008b18    0000000c     rtsv7M3_T_le_eabi.lib : copy_zero_init.obj (.text:decompress:ZI)
                  00008b24    0000000c     drivers_cc26xxware.aem3 : SPICC26XXDMA.oem3 (.text:spiPostNotify)
                  00008b30    0000000c     SeniorProj_pem3.oem3 (.text:ti_sysbios_knl_Event_Params__init__S)
                  00008b3c    0000000c     CoordinatorRFTask.obj (.text:ti_sysbios_knl_Event_handle)
                  00008b48    0000000c     CoordinatorTask.obj (.text:ti_sysbios_knl_Event_handle)
                  00008b54    0000000c     rom_sysbios.aem3 : rom_sysbios.obj (.text:ti_sysbios_knl_Swi_getTrigger__E)
                  00008b60    0000000c     SeniorProj_pem3.oem3 (.text:xdc_runtime_Startup_reset__I)
                  00008b6c    0000000c     rom_sysbios.aem3 : rom_sysbios.obj (.text:xdc_runtime_Startup_rtsDone__E)
                  00008b78    0000000a     drivers_cc26xxware.aem3 : List.oem3 (.text:List_empty)
                  00008b82    0000000a                             : SPI.oem3 (.text:SPI_close)
                  00008b8c    0000000a                             : SPI.oem3 (.text:SPI_transfer)
                  00008b96    0000000a     lcd.aem3 : SharpGrLib.oem3 (.text:SharpGrLib_colorTranslate)
                  00008ba0    0000000a     drivers_cc26xxware.aem3 : UART.oem3 (.text:UART_close)
                  00008baa    0000000a                             : UART.oem3 (.text:UART_read)
                  00008bb4    0000000a                             : UART.oem3 (.text:UART_write)
                  00008bbe    0000000a                             : UDMACC26XX.oem3 (.text:UDMACC26XX_hwiIntFxn)
                  00008bc8    00000008     display.aem3 : DisplaySharp.oem3 (.text:DisplaySharp_getType)
                  00008bd0    00000008     drivers_cc26xxware.aem3 : SPICC26XXDMA.oem3 (.text:SPICC26XXDMA_transferCallback)
                  00008bd8    00000008                             : UARTCC26XX.oem3 (.text:readSemCallback)
                  00008be0    00000008     smartrf_settings.obj (.text:rf_patch_cpe_genfsk)
                  00008be8    00000008     smartrf_settings_predefined.obj (.text:rf_patch_cpe_genfsk)
                  00008bf0    00000008     drivers_cc26xxware.aem3 : UARTCC26XX.oem3 (.text:writeSemCallback)
                  00008bf8    00000008     SeniorProj_pem3.oem3 (.text:xdc_runtime_Text_visitRope__I)
                  00008c00    00000006     display.aem3 : DisplayUart.oem3 (.text:DisplayUart_control)
                  00008c06    00000006                  : DisplayUart.oem3 (.text:DisplayUart_getType)
                  00008c0c    00000006                  : Display.oem3 (.text:Display_doParamsInit)
                  00008c12    00000006     drivers_cc26xxware.aem3 : UARTCC26XX.oem3 (.text:UARTCC26XX_readPolling)
                  00008c18    00000006                             : UARTCC26XX.oem3 (.text:UARTCC26XX_writePolling)
                  00008c1e    00000006     rf_singleMode_cc26xxware.aem3 : RFCC26XX_singleMode.oem3 (.text:clkInactivityFxn)
                  00008c24    00000006     rom_sysbios.aem3 : rom_sysbios.obj (.text:ti_sysbios_family_arm_m3_Hwi_setFunc__E)
                  00008c2a    00000004     tirtosport.aem3 : HwiP_tirtos.oem3 (.text:HwiP_disable)
                  00008c2e    00000004     drivers_cc26xxware.aem3 : List.oem3 (.text:List_head)
                  00008c32    00000004                             : List.oem3 (.text:List_next)
                  00008c36    00000004     rf_singleMode_cc26xxware.aem3 : RFCC26XX_singleMode.oem3 (.text:Q_peek)
                  00008c3a    00000004     drivers_cc26xxware.aem3 : PowerCC26XX.oem3 (.text:nopResourceHandler)
                  00008c3e    00000004     rom_sysbios.aem3 : rom_sysbios.obj (.text:ti_sysbios_family_arm_cc26xx_Timer_getCount64__E)
                  00008c42    00000004                      : rom_sysbios.obj (.text:xdc_runtime_SysCallback_defaultReady)
                  00008c46    00000004                      : rom_sysbios.obj (.text:xdc_runtime_System_snprintf_va__F)
                  00008c4a    00000002                      : rom_sysbios.obj (.text:xdc_runtime_SysCallback_defaultAbort)
                  00008c4c    00000002                      : rom_sysbios.obj (.text:xdc_runtime_SysCallback_defaultExit)
                  00008c4e    00000002                      : rom_sysbios.obj (.text:xdc_runtime_SysCallback_defaultPutch)
                  00008c50    00000008     (.tramp.xdc_runtime_Core_assignParams__I.1)
                  00008c58    00000008     (.tramp.xdc_runtime_Startup_startMods__I.1)
                  00008c60    00000008     (.tramp.ti_sysbios_knl_Queue_construct.1)
                  00008c68    00000008     (.tramp.ti_sysbios_knl_Clock_logTick__E.1)
                  00008c70    00000008     (.tramp.ti_sysbios_knl_Task_Params__init__S.1)
                  00008c78    00000008     (.tramp.ti_sysbios_BIOS_RtsGateProxy_leave__E.1)
                  00008c80    00000008     (.tramp.ti_sysbios_BIOS_RtsGateProxy_enter__E.1)
                  00008c88    00000008     (.tramp.xdc_runtime_Core_constructObject__I.1)
                  00008c90    00000008     (.tramp.xdc_runtime_Memory_alloc__E.1)
                  00008c98    00000008     (.tramp.ti_sysbios_knl_Task_startup__E.1)
                  00008ca0    00000008     (.tramp.ti_sysbios_knl_Swi_startup__E.1)
                  00008ca8    00000008     (.tramp.ti_sysbios_hal_Hwi_startup__E.1)
                  00008cb0    00000008     (.tramp.ti_sysbios_family_arm_cc26xx_Timer_startup__E.1)
                  00008cb8    00000008     (.tramp.xdc_runtime_System_atexit__E.1)
                  00008cc0    00000008     (.tramp.ti_sysbios_BIOS_setThreadType__E.1)
                  00008cc8    00000008     (.tramp.xdc_runtime_System_exit__E.1)
                  00008cd0    00000008     (.tramp.ti_sysbios_BIOS_start__E.1)
                  00008cd8    00000008     (.tramp.ti_sysbios_knl_Task_unblockI__E.1)
                  00008ce0    00000008     (.tramp.ti_sysbios_knl_Queue_remove__E.1)
                  00008ce8    00000008     (.tramp.ti_sysbios_knl_Queue_head__E.1)
                  00008cf0    00000008     (.tramp.ti_sysbios_knl_Queue_empty__E.1)
                  00008cf8    00000008     (.tramp.ti_sysbios_knl_Clock_scheduleNextTick__E.1)
                  00008d00    00000008     (.tramp.ti_sysbios_knl_Clock_walkQueueDynamic__E.1)
                  00008d08    00000008     (.tramp.ti_sysbios_knl_Clock_TimerProxy_getCurrentTick__E.1)
                  00008d10    00000008     (.tramp.ti_sysbios_knl_Task_construct.1)
                  00008d18    00000008     (.tramp.ti_sysbios_family_arm_m3_Hwi_enableInterrupt__E.1)
                  00008d20    00000008     (.tramp.ti_sysbios_BIOS_getCpuFreq__E.1)
                  00008d28    00000008     (.tramp.ti_sysbios_knl_Clock_removeI__E.1)
                  00008d30    00000008     (.tramp.ti_sysbios_knl_Clock_startI__E.1)
                  00008d38    00000008     (.tramp.ti_sysbios_knl_Task_blockI__E.1)
                  00008d40    00000008     (.tramp.ti_sysbios_knl_Queue_enqueue__E.1)
                  00008d48    00000008     (.tramp.ti_sysbios_knl_Task_self__E.1)
                  00008d50    00000008     (.tramp.ti_sysbios_knl_Clock_addI__E.1)
                  00008d58    00000008     (.tramp.ti_sysbios_family_arm_m3_Hwi_destruct.1)
                  00008d60    00000008     (.tramp.ti_sysbios_knl_Swi_destruct.1)
                  00008d68    00000008     (.tramp.ti_sysbios_knl_Clock_destruct.1)
                  00008d70    00000008     (.tramp.ti_sysbios_knl_Semaphore_destruct.1)
                  00008d78    00000008     (.tramp.ti_sysbios_knl_Swi_post__E.1)
                  00008d80    00000008     (.tramp.xdc_runtime_System_abortSpin__E.1)
                  00008d88    00000008     (.tramp.ti_sysbios_knl_Clock_construct.1)
                  00008d90    00000008     (.tramp.ti_sysbios_knl_Clock_Params__init__S.1)
                  00008d98    00000008     (.tramp.ti_sysbios_knl_Swi_construct.1)
                  00008da0    00000008     (.tramp.ti_sysbios_knl_Swi_Params__init__S.1)
                  00008da8    00000008     (.tramp.ti_sysbios_family_arm_m3_Hwi_construct.1)
                  00008db0    00000008     (.tramp.ti_sysbios_family_arm_m3_Hwi_Params__init__S.1)
                  00008db8    00000008     (.tramp.ti_sysbios_knl_Semaphore_construct.1)
                  00008dc0    00000008     (.tramp.ti_sysbios_knl_Semaphore_Params__init__S.1)
                  00008dc8    00000008     (.tramp.ti_sysbios_knl_Task_restore__E.1)
                  00008dd0    00000008     (.tramp.ti_sysbios_knl_Swi_restore__E.1)
                  00008dd8    00000008     (.tramp.ti_sysbios_knl_Swi_disable__E.1)
                  00008de0    00000008     (.tramp.ti_sysbios_knl_Task_disable__E.1)
                  00008de8    00000008     (.tramp.ti_sysbios_knl_Semaphore_create.1)
                  00008df0    00000008     (.tramp.xdc_runtime_Error_init__E.1)
                  00008df8    00000008     (.tramp.ti_sysbios_knl_Semaphore_post__E.1)
                  00008e00    00000008     (.tramp.ti_sysbios_knl_Semaphore_pend__E.1)
                  00008e08    00000008     (.tramp.ti_sysbios_knl_Clock_start__E.1)
                  00008e10    00000008     (.tramp.ti_sysbios_knl_Clock_setTimeout__E.1)
                  00008e18    00000008     (.tramp.ti_sysbios_family_arm_m3_Hwi_restoreFxn__E.1)
                  00008e20    00000008     (.tramp.ti_sysbios_family_arm_m3_Hwi_disableFxn__E.1)
                  00008e28    00000008     (.tramp.ti_sysbios_knl_Task_sleep__E.1)
                  00008e30    00000008     (.tramp.xdc_runtime_System_abort__E.1)

.const     0    00008e38    000025c1     
                  00008e38    00000730     smartrf_settings.obj (.const:patchGenfskMce)
                  00009568    00000730     smartrf_settings_predefined.obj (.const:patchGenfskMce)
                  00009c98    000006bc     smartrf_settings.obj (.const:patchGenfskRfe)
                  0000a354    000006bc     smartrf_settings_predefined.obj (.const:patchGenfskRfe)
                  0000aa10    000002f8     grlib.aem3 : fontfixed6x8.oem3 (.const:.string:g_pucFontFixed6x8Data)
                  0000ad08    00000118     smartrf_settings.obj (.const:patchImageGenfsk)
                  0000ae20    00000118     smartrf_settings_predefined.obj (.const:patchImageGenfsk)
                  0000af38    000000c8     grlib.aem3 : fontfixed6x8.oem3 (.const:g_sFontFixed6x8)
                  0000b000    00000054     drivers_cc26xxware.aem3 : SPICC26XXDMA.oem3 (.const)
                  0000b054    0000004c                             : PowerCC26XX.oem3 (.const:resourceDB)
                  0000b0a0    00000048     SeniorProj_pem3.oem3 (.const:.string)
                  0000b0e8    00000040     drivers_cc26xxware.aem3 : UARTCC26XX.oem3 (.const)
                  0000b128    00000038     CC2650_LAUNCHXL.obj (.const:spiCC26XXDMAHWAttrs)
                  0000b160    0000002c     CC2650_LAUNCHXL.obj (.const:BoardGpioInitTable)
                  0000b18c    00000028     drivers_cc26xxware.aem3 : UARTCC26XX.oem3 (.const:UARTCC26XX_fxnTable)
                  0000b1b4    00000024     CC2650_LAUNCHXL.obj (.const:Display_config)
                  0000b1d8    00000024     CC2650_LAUNCHXL.obj (.const:SPI_config)
                  0000b1fc    00000024     drivers_cc26xxware.aem3 : UART.oem3 (.const:UART_defaultParams)
                  0000b220    00000024     display.aem3 : DisplaySharp.oem3 (.const)
                  0000b244    00000024     SeniorProj_pem3.oem3 (.const:xdc_runtime_Startup_sfxnTab__A)
                  0000b268    00000020     drivers_cc26xxware.aem3 : SPI.oem3 (.const)
                  0000b288    00000020     lcd.aem3 : SharpGrLib.oem3 (.const)
                  0000b2a8    00000020     SeniorProj_pem3.oem3 (.const:ti_sysbios_knl_Event_Object__DESC__C)
                  0000b2c8    00000020     CC2650_LAUNCHXL.obj (.const:uartCC26XXHWAttrs)
                  0000b2e8    0000001c     display.aem3 : DisplayUart.oem3 (.const)
                  0000b304    00000018     CC2650_LAUNCHXL.obj (.const:UART_config)
                  0000b31c    00000018     SeniorProj_pem3.oem3 (.const:ti_sysbios_knl_Event_Object__PARAMS__C)
                  0000b334    00000014     CC2650_LAUNCHXL.obj (.const:displayUartHWAttrs)
                  0000b348    00000014     rf_singleMode_cc26xxware.aem3 : RFCC26XX_singleMode.oem3 (.const)
                  0000b35c    00000012     SeniorProj_pem3.oem3 (.const:xdc_runtime_Startup_sfxnRts__A)
                  0000b36e    00000010     lcd.aem3 : SharpGrLib.oem3 (.const:.string)
                  0000b37e    00000002     SeniorProj_pem3.oem3 (.const:xdc_runtime_Text_registryModsLastId__C)
                  0000b380    00000010     CC2650_LAUNCHXL.obj (.const:PowerCC26XX_config)
                  0000b390    00000010     CC2650_LAUNCHXL.obj (.const:UDMACC26XX_config)
                  0000b3a0    00000010     CC2650_LAUNCHXL.obj (.const:displaySharpHWattrs)
                  0000b3b0    0000000c     SeniorProj_pem3.oem3 (.const:xdc_runtime_Startup_firstFxns__A)
                  0000b3bc    00000008     CC2650_LAUNCHXL.obj (.const:PINCC26XX_hwAttrs)
                  0000b3c4    00000008     CC2650_LAUNCHXL.obj (.const:udmaHWAttrs)
                  0000b3cc    00000005     GPS.obj (.const:.string:$P$T0$1)
                  0000b3d1    00000004     CC2650_LAUNCHXL.obj (.const:RFCC26XX_hwAttrs)
                  0000b3d5    00000001     display.aem3 : Display.oem3 (.const)
                  0000b3d6    00000002     SeniorProj_pem3.oem3 (.const:xdc_runtime_Text_unnamedModsLastId__C)
                  0000b3d8    00000004     SeniorProj_pem3.oem3 (.const:ti_sysbios_knl_Clock_tickPeriod__C)
                  0000b3dc    00000004     SeniorProj_pem3.oem3 (.const:ti_sysbios_knl_Clock_triggerClock__C)
                  0000b3e0    00000004     SeniorProj_pem3.oem3 (.const:ti_sysbios_knl_Event_Instance_State_pendQ__O)
                  0000b3e4    00000004     SeniorProj_pem3.oem3 (.const:ti_sysbios_knl_Idle_funcList__A)
                  0000b3e8    00000004     SeniorProj_pem3.oem3 (.const:xdc_runtime_SysCallback_putchFxn__C)
                  0000b3ec    00000004     SeniorProj_pem3.oem3 (.const:xdc_runtime_SysCallback_readyFxn__C)
                  0000b3f0    00000004     SeniorProj_pem3.oem3 (.const:xdc_runtime_System_extendFxn__C)
                  0000b3f4    00000004     SeniorProj_pem3.oem3 (.const:xdc_runtime_Text_visitRopeFxn__C)
                  0000b3f8    00000001     SeniorProj_pem3.oem3 (.const:xdc_runtime_Text_charTab__A)

.cinit     0    0000b400    00000388     
                  0000b400    00000211     (.cinit..data.load) [load image, compression = lzss]
                  0000b611    00000028     (.cinit..data:ti_sysbios_family_arm_m3_Hwi_Module__state__V.load) [load image, compression = lzss]
                  0000b639    00000021     (.cinit..data:ti_sysbios_knl_Task_Module__state__V.load) [load image, compression = lzss]
                  0000b65a    0000001f     (.cinit..data:ti_sysbios_BIOS_Module__state__V.load) [load image, compression = lzss]
                  0000b679    0000001e     (.cinit..data:ti_sysbios_knl_Clock_Module__state__V.load) [load image, compression = lzss]
                  0000b697    00000010     (.cinit..data:ti_sysbios_knl_Swi_Module__state__V.load) [load image, compression = lzss]
                  0000b6a7    00000001     --HOLE-- [fill = 0]
                  0000b6a8    0000000c     (__TI_handler_table)
                  0000b6b4    0000000b     (.cinit..data:ti_sysbios_family_arm_cc26xx_Timer_Module__state__V.load) [load image, compression = lzss]
                  0000b6bf    00000001     --HOLE-- [fill = 0]
                  0000b6c0    00000008     (.cinit..TI.bound:dmaSpi0RxControlTableEntry.load) [load image, compression = zero_init]
                  0000b6c8    00000008     (.cinit..TI.bound:dmaSpi0TxControlTableEntry.load) [load image, compression = zero_init]
                  0000b6d0    00000008     (.cinit..TI.bound:dmaSpi1RxControlTableEntry.load) [load image, compression = zero_init]
                  0000b6d8    00000008     (.cinit..TI.bound:dmaSpi1TxControlTableEntry.load) [load image, compression = zero_init]
                  0000b6e0    00000008     (.cinit..bss.load) [load image, compression = zero_init]
                  0000b6e8    00000008     (.cinit..data:xdc_runtime_Memory_Module__state__V.load) [load image, compression = lzss]
                  0000b6f0    00000007     (.cinit..data:ti_sysbios_family_arm_cc26xx_TimestampProvider_Module__state__V.load) [load image, compression = lzss]
                  0000b6f7    00000007     (.cinit..data:xdc_runtime_Startup_Module__state__V.load) [load image, compression = lzss]
                  0000b6fe    00000007     (.cinit..data:xdc_runtime_System_Module__state__V.load) [load image, compression = lzss]
                  0000b705    00000003     --HOLE-- [fill = 0]
                  0000b708    00000080     (__TI_cinit_table)

.init_array 
*          0    00000000    00000000     UNINITIALIZED

.ccfg      0    0001ffa8    00000058     
                  0001ffa8    00000058     ccfg.obj (.ccfg:retain)

.resetVecs 
*          0    00000000    0000003c     
                  00000000    0000003c     SeniorProj_pem3.oem3 (.resetVecs)

.binit     0    00000000    00000000     

.const:ti_sysbios_knl_Task_Object__PARAMS__C 
*          0    00000100    0000003c     
                  00000100    0000003c     SeniorProj_pem3.oem3 (.const:ti_sysbios_knl_Task_Object__PARAMS__C)

.const:ti_sysbios_knl_Mailbox_Object__PARAMS__C 
*          0    0000013c    00000034     
                  0000013c    00000034     SeniorProj_pem3.oem3 (.const:ti_sysbios_knl_Mailbox_Object__PARAMS__C)

.const:ti_sysbios_family_arm_m3_Hwi_Object__PARAMS__C 
*          0    00000170    00000030     
                  00000170    00000030     SeniorProj_pem3.oem3 (.const:ti_sysbios_family_arm_m3_Hwi_Object__PARAMS__C)

.const:ti_sysbios_hal_Hwi_Object__PARAMS__C 
*          0    000001a0    0000002c     
                  000001a0    0000002c     SeniorProj_pem3.oem3 (.const:ti_sysbios_hal_Hwi_Object__PARAMS__C)

.const:ti_sysbios_heaps_HeapMem_Module__FXNS__C 
*          0    000001cc    00000028     
                  000001cc    00000028     SeniorProj_pem3.oem3 (.const:ti_sysbios_heaps_HeapMem_Module__FXNS__C)

.const:ti_sysbios_knl_Swi_Object__PARAMS__C 
*          0    000001f4    00000028     
                  000001f4    00000028     SeniorProj_pem3.oem3 (.const:ti_sysbios_knl_Swi_Object__PARAMS__C)

.const:ti_sysbios_gates_GateHwi_Module__FXNS__C 
*          0    0000021c    00000024     
                  0000021c    00000024     SeniorProj_pem3.oem3 (.const:ti_sysbios_gates_GateHwi_Module__FXNS__C)

.const:ti_sysbios_gates_GateMutex_Module__FXNS__C 
*          0    00000240    00000024     
                  00000240    00000024     SeniorProj_pem3.oem3 (.const:ti_sysbios_gates_GateMutex_Module__FXNS__C)

.const:ti_sysbios_heaps_HeapMem_Object__PARAMS__C 
*          0    00000264    00000024     
                  00000264    00000024     SeniorProj_pem3.oem3 (.const:ti_sysbios_heaps_HeapMem_Object__PARAMS__C)

.const:ti_sysbios_knl_Clock_Object__PARAMS__C 
*          0    00000288    00000024     
                  00000288    00000024     SeniorProj_pem3.oem3 (.const:ti_sysbios_knl_Clock_Object__PARAMS__C)

.const:ti_sysbios_knl_Semaphore_Object__PARAMS__C 
*          0    000002ac    00000024     
                  000002ac    00000024     SeniorProj_pem3.oem3 (.const:ti_sysbios_knl_Semaphore_Object__PARAMS__C)

.const:ti_sysbios_family_arm_m3_Hwi_Object__DESC__C 
*          0    000002d0    00000020     
                  000002d0    00000020     SeniorProj_pem3.oem3 (.const:ti_sysbios_family_arm_m3_Hwi_Object__DESC__C)

.const:ti_sysbios_gates_GateHwi_Object__DESC__C 
*          0    000002f0    00000020     
                  000002f0    00000020     SeniorProj_pem3.oem3 (.const:ti_sysbios_gates_GateHwi_Object__DESC__C)

.const:ti_sysbios_gates_GateMutex_Object__DESC__C 
*          0    00000310    00000020     
                  00000310    00000020     SeniorProj_pem3.oem3 (.const:ti_sysbios_gates_GateMutex_Object__DESC__C)

.const:ti_sysbios_hal_Hwi_Object__DESC__C 
*          0    00000330    00000020     
                  00000330    00000020     SeniorProj_pem3.oem3 (.const:ti_sysbios_hal_Hwi_Object__DESC__C)

.const:ti_sysbios_heaps_HeapMem_Object__DESC__C 
*          0    00000350    00000020     
                  00000350    00000020     SeniorProj_pem3.oem3 (.const:ti_sysbios_heaps_HeapMem_Object__DESC__C)

.const:ti_sysbios_knl_Clock_Object__DESC__C 
*          0    00000370    00000020     
                  00000370    00000020     SeniorProj_pem3.oem3 (.const:ti_sysbios_knl_Clock_Object__DESC__C)

.const:ti_sysbios_knl_Mailbox_Object__DESC__C 
*          0    00000390    00000020     
                  00000390    00000020     SeniorProj_pem3.oem3 (.const:ti_sysbios_knl_Mailbox_Object__DESC__C)

.const:ti_sysbios_knl_Queue_Object__DESC__C 
*          0    000003b0    00000020     
                  000003b0    00000020     SeniorProj_pem3.oem3 (.const:ti_sysbios_knl_Queue_Object__DESC__C)

.const:ti_sysbios_knl_Semaphore_Object__DESC__C 
*          0    000003d0    00000020     
                  000003d0    00000020     SeniorProj_pem3.oem3 (.const:ti_sysbios_knl_Semaphore_Object__DESC__C)

.const:ti_sysbios_knl_Swi_Object__DESC__C 
*          0    000003f0    00000020     
                  000003f0    00000020     SeniorProj_pem3.oem3 (.const:ti_sysbios_knl_Swi_Object__DESC__C)

.const:ti_sysbios_knl_Task_Object__DESC__C 
*          0    00000410    00000020     
                  00000410    00000020     SeniorProj_pem3.oem3 (.const:ti_sysbios_knl_Task_Object__DESC__C)

.const:ti_sysbios_gates_GateHwi_Object__PARAMS__C 
*          0    00000430    00000018     
                  00000430    00000018     SeniorProj_pem3.oem3 (.const:ti_sysbios_gates_GateHwi_Object__PARAMS__C)

.const:ti_sysbios_gates_GateMutex_Object__PARAMS__C 
*          0    00000448    00000018     
                  00000448    00000018     SeniorProj_pem3.oem3 (.const:ti_sysbios_gates_GateMutex_Object__PARAMS__C)

.const:ti_sysbios_knl_Queue_Object__PARAMS__C 
*          0    00000460    00000018     
                  00000460    00000018     SeniorProj_pem3.oem3 (.const:ti_sysbios_knl_Queue_Object__PARAMS__C)

.const:ti_sysbios_knl_Idle_funcList__C 
*          0    00000478    00000008     
                  00000478    00000008     SeniorProj_pem3.oem3 (.const:ti_sysbios_knl_Idle_funcList__C)

.const:ti_sysbios_family_arm_cc26xx_Timer_startupNeeded__C 
*          0    00000484    00000004     
                  00000484    00000004     SeniorProj_pem3.oem3 (.const:ti_sysbios_family_arm_cc26xx_Timer_startupNeeded__C)

.const:ti_sysbios_family_arm_m3_Hwi_E_alreadyDefined__C 
*          0    00000488    00000004     
                  00000488    00000004     SeniorProj_pem3.oem3 (.const:ti_sysbios_family_arm_m3_Hwi_E_alreadyDefined__C)

.const:ti_sysbios_family_arm_m3_Hwi_E_hwiLimitExceeded__C 
*          0    0000048c    00000004     
                  0000048c    00000004     SeniorProj_pem3.oem3 (.const:ti_sysbios_family_arm_m3_Hwi_E_hwiLimitExceeded__C)

.const:ti_sysbios_family_arm_m3_Hwi_NUM_INTERRUPTS__C 
*          0    00000490    00000004     
                  00000490    00000004     SeniorProj_pem3.oem3 (.const:ti_sysbios_family_arm_m3_Hwi_NUM_INTERRUPTS__C)

.const:ti_sysbios_family_arm_m3_Hwi_Object__count__C 
*          0    00000494    00000004     
                  00000494    00000004     SeniorProj_pem3.oem3 (.const:ti_sysbios_family_arm_m3_Hwi_Object__count__C)

.const:ti_sysbios_family_arm_m3_Hwi_Object__table__C 
*          0    00000498    00000004     
                  00000498    00000004     SeniorProj_pem3.oem3 (.const:ti_sysbios_family_arm_m3_Hwi_Object__table__C)

.const:ti_sysbios_family_arm_m3_Hwi_ccr__C 
*          0    0000049c    00000004     
                  0000049c    00000004     SeniorProj_pem3.oem3 (.const:ti_sysbios_family_arm_m3_Hwi_ccr__C)

.const:ti_sysbios_family_arm_m3_Hwi_excHandlerFunc__C 
*          0    000004a0    00000004     
                  000004a0    00000004     SeniorProj_pem3.oem3 (.const:ti_sysbios_family_arm_m3_Hwi_excHandlerFunc__C)

.const:ti_sysbios_family_arm_m3_Hwi_nullIsrFunc__C 
*          0    000004a4    00000004     
                  000004a4    00000004     SeniorProj_pem3.oem3 (.const:ti_sysbios_family_arm_m3_Hwi_nullIsrFunc__C)

.const:ti_sysbios_family_arm_m3_Hwi_numSparseInterrupts__C 
*          0    000004a8    00000004     
                  000004a8    00000004     SeniorProj_pem3.oem3 (.const:ti_sysbios_family_arm_m3_Hwi_numSparseInterrupts__C)

.const:ti_sysbios_family_arm_m3_Hwi_priGroup__C 
*          0    000004ac    00000004     
                  000004ac    00000004     SeniorProj_pem3.oem3 (.const:ti_sysbios_family_arm_m3_Hwi_priGroup__C)

.const:ti_sysbios_family_arm_m3_TaskSupport_stackAlignment__C 
*          0    000004b0    00000004     
                  000004b0    00000004     SeniorProj_pem3.oem3 (.const:ti_sysbios_family_arm_m3_TaskSupport_stackAlignment__C)

.const:ti_sysbios_heaps_HeapMem_E_memory__C 
*          0    000004b4    00000004     
                  000004b4    00000004     SeniorProj_pem3.oem3 (.const:ti_sysbios_heaps_HeapMem_E_memory__C)

.const:ti_sysbios_heaps_HeapMem_Module__gateObj__C 
*          0    000004b8    00000004     
                  000004b8    00000004     SeniorProj_pem3.oem3 (.const:ti_sysbios_heaps_HeapMem_Module__gateObj__C)

.const:ti_sysbios_heaps_HeapMem_Object__count__C 
*          0    000004bc    00000004     
                  000004bc    00000004     SeniorProj_pem3.oem3 (.const:ti_sysbios_heaps_HeapMem_Object__count__C)

.const:ti_sysbios_heaps_HeapMem_Object__table__C 
*          0    000004c0    00000004     
                  000004c0    00000004     SeniorProj_pem3.oem3 (.const:ti_sysbios_heaps_HeapMem_Object__table__C)

.const:ti_sysbios_heaps_HeapMem_reqAlign__C 
*          0    000004c4    00000004     
                  000004c4    00000004     SeniorProj_pem3.oem3 (.const:ti_sysbios_heaps_HeapMem_reqAlign__C)

.const:ti_sysbios_knl_Clock_serviceMargin__C 
*          0    000004c8    00000004     
                  000004c8    00000004     SeniorProj_pem3.oem3 (.const:ti_sysbios_knl_Clock_serviceMargin__C)

.const:ti_sysbios_knl_Mailbox_Object__count__C 
*          0    000004cc    00000004     
                  000004cc    00000004     SeniorProj_pem3.oem3 (.const:ti_sysbios_knl_Mailbox_Object__count__C)

.const:ti_sysbios_knl_Mailbox_Object__table__C 
*          0    000004d0    00000004     
                  000004d0    00000004     SeniorProj_pem3.oem3 (.const:ti_sysbios_knl_Mailbox_Object__table__C)

.const:ti_sysbios_knl_Queue_Object__count__C 
*          0    000004d4    00000004     
                  000004d4    00000004     SeniorProj_pem3.oem3 (.const:ti_sysbios_knl_Queue_Object__count__C)

.const:ti_sysbios_knl_Queue_Object__table__C 
*          0    000004d8    00000004     
                  000004d8    00000004     SeniorProj_pem3.oem3 (.const:ti_sysbios_knl_Queue_Object__table__C)

.const:ti_sysbios_knl_Swi_Object__count__C 
*          0    000004dc    00000004     
                  000004dc    00000004     SeniorProj_pem3.oem3 (.const:ti_sysbios_knl_Swi_Object__count__C)

.const:ti_sysbios_knl_Swi_Object__table__C 
*          0    000004e0    00000004     
                  000004e0    00000004     SeniorProj_pem3.oem3 (.const:ti_sysbios_knl_Swi_Object__table__C)

.const:ti_sysbios_knl_Swi_numPriorities__C 
*          0    000004e4    00000004     
                  000004e4    00000004     SeniorProj_pem3.oem3 (.const:ti_sysbios_knl_Swi_numPriorities__C)

.const:ti_sysbios_knl_Task_Object__count__C 
*          0    000004e8    00000004     
                  000004e8    00000004     SeniorProj_pem3.oem3 (.const:ti_sysbios_knl_Task_Object__count__C)

.const:ti_sysbios_knl_Task_Object__table__C 
*          0    000004ec    00000004     
                  000004ec    00000004     SeniorProj_pem3.oem3 (.const:ti_sysbios_knl_Task_Object__table__C)

.const:ti_sysbios_knl_Task_allBlockedFunc__C 
*          0    000004f0    00000004     
                  000004f0    00000004     SeniorProj_pem3.oem3 (.const:ti_sysbios_knl_Task_allBlockedFunc__C)

.const:ti_sysbios_knl_Task_defaultStackHeap__C 
*          0    000004f4    00000004     
                  000004f4    00000004     SeniorProj_pem3.oem3 (.const:ti_sysbios_knl_Task_defaultStackHeap__C)

.const:ti_sysbios_knl_Task_defaultStackSize__C 
*          0    000004f8    00000004     
                  000004f8    00000004     SeniorProj_pem3.oem3 (.const:ti_sysbios_knl_Task_defaultStackSize__C)

.const:ti_sysbios_knl_Task_numConstructedTasks__C 
*          0    000004fc    00000004     
                  000004fc    00000004     SeniorProj_pem3.oem3 (.const:ti_sysbios_knl_Task_numConstructedTasks__C)

.const:ti_sysbios_family_arm_cc26xx_Timer_Module__id__C 
*          0    00000502    00000002     
                  00000502    00000002     SeniorProj_pem3.oem3 (.const:ti_sysbios_family_arm_cc26xx_Timer_Module__id__C)

.const:ti_sysbios_family_arm_cc26xx_TimestampProvider_useClockTimer__C 
*          0    00000504    00000002     
                  00000504    00000002     SeniorProj_pem3.oem3 (.const:ti_sysbios_family_arm_cc26xx_TimestampProvider_useClockTimer__C)

.const:ti_sysbios_family_arm_m3_Hwi_Module__id__C 
*          0    00000506    00000002     
                  00000506    00000002     SeniorProj_pem3.oem3 (.const:ti_sysbios_family_arm_m3_Hwi_Module__id__C)

.const:ti_sysbios_gates_GateHwi_Module__id__C 
*          0    00000508    00000002     
                  00000508    00000002     SeniorProj_pem3.oem3 (.const:ti_sysbios_gates_GateHwi_Module__id__C)

.const:ti_sysbios_gates_GateMutex_Module__id__C 
[...]
1001c275  ti_sysbios_gates_GateMutex_query__E                                       
1001c275  ti_sysbios_heaps_HeapMem_Module_GateProxy_query__E                        
1001c279  ti_sysbios_hal_Hwi_HwiProxy_Module__startupDone__S                        
1001c27d  ti_sysbios_hal_Hwi_HwiProxy_delete                                        
1001c281  ti_sysbios_hal_Hwi_HwiProxy_disableInterrupt__E                           
1001c281  ti_sysbios_hal_Hwi_disableInterrupt__E                                    
1001c285  ti_sysbios_hal_Hwi_HwiProxy_enableInterrupt__E                            
1001c285  ti_sysbios_hal_Hwi_enableInterrupt__E                                     
1001c289  ti_sysbios_hal_Hwi_HwiProxy_getStackInfo__E                               
1001c289  ti_sysbios_hal_Hwi_getStackInfo__E                                        
1001c28d  ti_sysbios_hal_Hwi_HwiProxy_startup__E                                    
1001c28d  ti_sysbios_hal_Hwi_startup__E                                             
1001c291  ti_sysbios_hal_Hwi_HwiProxy_switchFromBootStack__E                        
1001c295  ti_sysbios_hal_Hwi_delete                                                 
1001c299  ti_sysbios_hal_Hwi_switchFromBootStack__E                                 
1001c29d  ti_sysbios_heaps_HeapMem_Module_GateProxy_enter__E                        
1001c2a1  ti_sysbios_heaps_HeapMem_Module_GateProxy_leave__E                        
1001c2a5  ti_sysbios_heaps_HeapMem_isBlocking__E                                    
1001c2a9  ti_sysbios_knl_Clock_TimerProxy_Module__startupDone__S                    
1001c2ad  ti_sysbios_knl_Clock_TimerProxy_getExpiredTicks__E                        
1001c2b1  ti_sysbios_knl_Clock_TimerProxy_getPeriod__E                              
1001c2b5  ti_sysbios_knl_Clock_delete                                               
1001c2b9  ti_sysbios_knl_Clock_destruct                                             
1001c2bd  ti_sysbios_knl_Clock_removeI__E                                           
1001c2c1  ti_sysbios_knl_Clock_setTimeout__E                                        
1001c2c5  ti_sysbios_knl_Mailbox_delete                                             
1001c2c9  ti_sysbios_knl_Mailbox_destruct                                           
1001c2cd  ti_sysbios_knl_Queue_delete                                               
1001c2d1  ti_sysbios_knl_Queue_destruct                                             
1001c2d5  ti_sysbios_knl_Queue_head__E                                              
1001c2d9  ti_sysbios_knl_Queue_next__E                                              
1001c2dd  ti_sysbios_knl_Semaphore_delete                                           
1001c2e1  ti_sysbios_knl_Semaphore_destruct                                         
1001c2e5  ti_sysbios_knl_Swi_delete                                                 
1001c2e9  ti_sysbios_knl_Swi_destruct                                               
1001c2ed  ti_sysbios_knl_Swi_postInit__I                                            
1001c2f1  ti_sysbios_knl_Task_SupportProxy_Module__startupDone__S                   
1001c2f5  ti_sysbios_knl_Task_SupportProxy_getStackAlignment__E                     
1001c2f9  ti_sysbios_knl_Task_SupportProxy_start__E                                 
1001c2fd  ti_sysbios_knl_Task_SupportProxy_swap__E                                  
1001c301  ti_sysbios_knl_Task_delete                                                
1001c305  ti_sysbios_knl_Task_destruct                                              
1001c309  ti_sysbios_knl_Task_startup__E                                            
1001c30d  xdc_runtime_Startup_startMods__I                                          
1001c405  xdc_runtime_Core_createObject__I                                          
1001c487  xdc_runtime_Error_policySpin__E                                           
1001c489  xdc_runtime_Memory_alloc__E                                               
1001c4f9  xdc_runtime_Core_deleteObject__I                                          
1001c559  xdc_runtime_Startup_exec__E                                               
1001c5a9  xdc_runtime_Assert_raise__I                                               
1001c5f1  xdc_runtime_Core_assignParams__I                                          
1001c639  xdc_runtime_Core_constructObject__I                                       
1001c681  xdc_runtime_System_atexit__E                                              
1001c6b9  xdc_runtime_System_processAtExit__E                                       
1001c6ed  xdc_runtime_Core_assignLabel__I                                           
1001c71d  xdc_runtime_Text_cordText__E                                              
1001c749  xdc_runtime_System_abort__E                                               
1001c769  xdc_runtime_Error_raiseX__E                                               
1001c785  xdc_runtime_Memory_valloc__E                                              
1001c7a1  xdc_runtime_Core_destructObject__I                                        
1001c7b9  xdc_runtime_Error_check__E                                                
1001c7d1  xdc_runtime_System_exit__E                                                
1001c7e9  xdc_runtime_Text_ropeText__E                                              
1001c801  xdc_runtime_Memory_free__E                                                
1001c811  xdc_runtime_SysCallback_abort__E                                          
1001c821  xdc_runtime_SysCallback_exit__E                                           
1001c831  xdc_runtime_Timestamp_SupportProxy_get32__E                               
1001c831  xdc_runtime_Timestamp_get32__E                                            
1001c841  xdc_runtime_Error_init__E                                                 
1001c84d  xdc_runtime_Memory_calloc__E                                              
1001c859  xdc_runtime_Memory_getMaxDefaultTypeAlign__E                              
1001c879  xdc_runtime_Gate_leaveSystem__E                                           
1001c87f  xdc_runtime_System_Module_startup__E                                      
1001c885  xdc_runtime_Gate_enterSystem__E                                           
1001c889  xdc_runtime_Memory_HeapProxy_alloc__E                                     
1001c88d  xdc_runtime_Memory_HeapProxy_free__E                                      
1001c891  xdc_runtime_System_Module_GateProxy_enter__E                              
1001c895  xdc_runtime_System_Module_GateProxy_leave__E                              
1001c899  xdc_runtime_System_abortSpin__E                                           
1001c89b  xdc_runtime_System_exitSpin__E                                            
1001c89d  ti_sysbios_family_arm_m3_Hwi_dispatch__I                                  
1001c96d  ti_sysbios_family_arm_m3_TaskSupport_buildTaskStack                       
1001c9b9  ti_sysbios_family_arm_m3_Hwi_initStacks__E                                
1001ca01  ti_sysbios_family_arm_m3_Hwi_excHandlerAsm__I                             
1001ca21  ti_sysbios_family_xxx_Hwi_switchAndRunFunc                                
1001ca3f  ti_sysbios_family_arm_m3_Hwi_pendSV__I                                    
1001ca57  ti_sysbios_family_arm_m3_Hwi_return                                       
1001ca59  ti_sysbios_family_arm_m3_TaskSupport_glue                                 
1001ca69  ti_sysbios_family_arm_m3_TaskSupport_swap__E                              
1001ca71  ti_sysbios_knl_Task_swapReturn                                            
1001ca9b  ti_sysbios_rom_cortexm_cc26xx_CC26xx_getRevision__E                       
20000000  ti_sysbios_family_arm_m3_Hwi_ramVectors                                   
20000100  ti_sysbios_knl_Task_Module__state__V                                      
20000144  ti_sysbios_family_arm_m3_Hwi_Module__state__V                             
20000178  ti_sysbios_knl_Clock_Module__state__V                                     
200001a4  ti_sysbios_BIOS_Module__state__V                                          
200001c8  ti_sysbios_knl_Swi_Module__state__V                                       
200001e4  ti_sysbios_family_arm_cc26xx_Timer_Module__state__V                       
200001ec  ti_sysbios_family_arm_cc26xx_TimestampProvider_Module__state__V           
200001f0  xdc_runtime_Startup_Module__state__V                                      
200001f8  xdc_runtime_System_Module__state__V                                       
20000200  xdc_runtime_Memory_Module__state__V                                       
200011a0  ti_sysbios_heaps_HeapMem_Instance_State_0_buf__A                          
200015a0  task0Stack                                                                
200018a0  ti_sysbios_knl_Task_Instance_State_0_stack__A                             
20001aa0  spiCC26XXDMAObjects                                                       
20001c58  uartCC26XXObjects                                                         
20001e88  ti_sysbios_family_arm_m3_Hwi_dispatchTable                                
200022dc  PIN_HandleTable                                                           
20002358  displaySharpObject                                                        
200023c4  coordinatorRFTask                                                         
20002414  coordinatorTask                                                           
20002464  task0Struct                                                               
200025bc  knownSensorNodes                                                          
2000264c  displayUartObject                                                         
2000266c  uartCC26XXRingBuffer                                                      
2000268c  udmaObjects                                                               
200027b4  coordinatorEvent                                                          
200027dc  radioOperationEvent                                                       
20002834  test                                                                      
20002874  PIN_NumPins                                                               
200028a5  driverlib_release_0_47020                                                 
200028b0  PowerCC26XX_module                                                        
200029c0  pOverrides                                                                
20002a28  pOverrides_fsk                                                            
20002a90  ti_sysbios_knl_Task_Object__table__V                                      
20002ae0  ti_sysbios_family_arm_cc26xx_Timer_Object__table__V                       
20002b28  RF_pProp_2_4G_fsk                                                         
20002b2c  RF_pProp_fsk                                                              
20002b30  RF_pProp_lrm                                                              
20002b34  RF_pProp_ook                                                              
20002b38  RF_pProp_hsm                                                              
20002b3c  RF_pCmdPropRadioSetup_2_4G_fsk                                            
20002b40  RF_pCmdPropRadioDivSetup_fsk                                              
20002b44  RF_pCmdPropRadioDivSetup_lrm                                              
20002b48  RF_pCmdPropRadioDivSetup_ook                                              
20002b4c  RF_pCmdRadioSetup_hsm                                                     
20002b50  RF_pCmdFs_preDef                                                          
20002b54  RF_pCmdPropTx_preDef                                                      
20002b58  RF_pCmdPropRxAdv_preDef                                                   
20002b5c  RF_pCmdTxHS                                                               
20002b60  RF_pCmdRxHS                                                               
20002b64  ti_sysbios_gates_GateMutex_Object__table__V                               
20002b9c  RF_cmdPropRxAdv_preDef                                                    
20002bcc  ti_sysbios_knl_Swi_Module_State_0_readyQ__A                               
20002bfc  ti_sysbios_knl_Swi_Object__table__V                                       
20002c2c  RF_cmdPropRadioDivSetup                                                   
20002c4c  RF_cmdPropRadioSetup_2_4G_fsk                                             
20002c6c  ti_sysbios_knl_Clock_Object__table__V                                     
20002c8c  ti_sysbios_knl_Task_Module_State_0_readyQ__A                              
20002cac  RF_cmdFs                                                                  
20002cc4  RF_cmdFs_preDef                                                           
20002cdc  RF_cmdPropTx                                                              
20002cf4  RF_cmdPropTx_preDef                                                       
20002d24  shape                                                                     
20002d3c  shape_preDef                                                              
20002d54  ti_sysbios_family_arm_m3_Hwi_Object__table__V                             
20002d6c  ti_sysbios_heaps_HeapMem_Object__table__V                                 
20002d84  RF_prop                                                                   
20002d94  RF_prop_2_4G_fsk                                                          
20002db4  _lock                                                                     
20002db8  _unlock                                                                   
20002dbc  ledPinTable                                                               
20002dc4  ti_sysbios_family_arm_m3_Hwi_Module__root__V                              
20002dcc  ti_sysbios_gates_GateHwi_Module__root__V                                  
20002dd4  ti_sysbios_gates_GateMutex_Module__root__V                                
20002ddc  ti_sysbios_hal_Hwi_Module__root__V                                        
20002de4  ti_sysbios_heaps_HeapMem_Module__root__V                                  
20002dec  ti_sysbios_knl_Clock_Module__root__V                                      
20002df4  ti_sysbios_knl_Event_Module__root__V                                      
20002dfc  ti_sysbios_knl_Mailbox_Module__root__V                                    
20002e04  ti_sysbios_knl_Queue_Module__root__V                                      
20002e0c  ti_sysbios_knl_Semaphore_Module__root__V                                  
20002e14  ti_sysbios_knl_Swi_Module__root__V                                        
20002e1c  ti_sysbios_knl_Task_Module__root__V                                       
20002e24  xdc_runtime_Registry_Module__state__V                                     
20002e34  main_func_sp                                                              
20002e38  ti_sysbios_family_arm_m3_Hwi_Module_State_0_excContext__A                 
20002e3c  ti_sysbios_family_arm_m3_Hwi_Module_State_0_excStack__A                   
20002e40  ti_sysbios_knl_Task_Module_State_0_idleTask__A                            
20002e46  ti_sysbios_family_arm_m3_Hwi_Module_State_0_excActive__A                  
20004d00  __stack                                                                   
20005000  __STACK_END                                                               
e000e000  ti_sysbios_family_arm_m3_Hwi_nvic                                         
ffffffff  __TI_pprof_out_hndl                                                       
ffffffff  __TI_prof_data_size                                                       
ffffffff  __TI_prof_data_start                                                      
ffffffff  __binit__                                                                 
ffffffff  __c_args__                                                                
ffffffff  binit                                                                     
UNDEFED   HwiP_restore                                                              
UNDEFED   SHT$$INIT_ARRAY$$Base                                                     
UNDEFED   SHT$$INIT_ARRAY$$Limit                                                    
UNDEFED   ti_sysbios_BIOS_RtsGateProxy_Handle__label__S__mangled__                  
UNDEFED   ti_sysbios_BIOS_RtsGateProxy_Object__delete__S__mangled__                 
UNDEFED   ti_sysbios_BIOS_RtsGateProxy_Params__init__S__mangled__                   
UNDEFED   ti_sysbios_BIOS_RtsGateProxy_query__E__mangled__                          
UNDEFED   ti_sysbios_hal_Hwi_HwiProxy_Module__startupDone__S__mangled__             
UNDEFED   ti_sysbios_hal_Hwi_HwiProxy_Object__delete__S__mangled__                  
UNDEFED   ti_sysbios_hal_Hwi_HwiProxy_Params__init__S__mangled__                    
UNDEFED   ti_sysbios_hal_Hwi_HwiProxy_disableInterrupt__E__mangled__                
UNDEFED   ti_sysbios_hal_Hwi_HwiProxy_enableInterrupt__E__mangled__                 
UNDEFED   ti_sysbios_hal_Hwi_HwiProxy_getStackInfo__E__mangled__                    
UNDEFED   ti_sysbios_hal_Hwi_HwiProxy_startup__E__mangled__                         
UNDEFED   ti_sysbios_hal_Hwi_HwiProxy_switchFromBootStack__E__mangled__             
UNDEFED   ti_sysbios_hal_Hwi_disableInterrupt__E                                    
UNDEFED   ti_sysbios_hal_Hwi_enableInterrupt__E                                     
UNDEFED   ti_sysbios_hal_Hwi_getStackInfo__E                                        
UNDEFED   ti_sysbios_hal_Hwi_startup__E                                             
UNDEFED   ti_sysbios_hal_Hwi_switchFromBootStack__E                                 
UNDEFED   ti_sysbios_heaps_HeapMem_Module_GateProxy_Handle__label__S__mangled__     
UNDEFED   ti_sysbios_heaps_HeapMem_Module_GateProxy_Object__delete__S__mangled__    
UNDEFED   ti_sysbios_heaps_HeapMem_Module_GateProxy_Params__init__S__mangled__      
UNDEFED   ti_sysbios_heaps_HeapMem_Module_GateProxy_query__E__mangled__             
UNDEFED   ti_sysbios_knl_Clock_TimerProxy_Module__startupDone__S__mangled__         
UNDEFED   ti_sysbios_knl_Clock_TimerProxy_startup__E__mangled__                     
UNDEFED   ti_sysbios_knl_Task_SupportProxy_Module__startupDone__S__mangled__        
UNDEFED   ti_sysbios_knl_Task_SupportProxy_getStackAlignment__E__mangled__          
UNDEFED   ti_sysbios_knl_Task_SupportProxy_start__E__mangled__                      
UNDEFED   ti_sysbios_knl_Task_SupportProxy_swap__E__mangled__                       
UNDEFED   xdc_runtime_Main_Module_GateProxy_Handle__label__S                        
UNDEFED   xdc_runtime_Main_Module_GateProxy_Object__delete__S                       
UNDEFED   xdc_runtime_Main_Module_GateProxy_query__E                                
UNDEFED   xdc_runtime_Memory_HeapProxy_Handle__label__S__mangled__                  
UNDEFED   xdc_runtime_Memory_HeapProxy_Object__delete__S__mangled__                 
UNDEFED   xdc_runtime_System_Module_GateProxy_Handle__label__S__mangled__           
UNDEFED   xdc_runtime_System_Module_GateProxy_Object__delete__S__mangled__          
UNDEFED   xdc_runtime_System_Module_GateProxy_query__E__mangled__                   
UNDEFED   xdc_runtime_System_SupportProxy_abort__E                                  
UNDEFED   xdc_runtime_System_SupportProxy_exit__E                                   
UNDEFED   xdc_runtime_Timestamp_SupportProxy_get64__E__mangled__                    
UNDEFED   xdc_runtime_Timestamp_SupportProxy_getFreq__E__mangled__                  
UNDEFED   xdc_runtime_Timestamp_get32__E                                            
UNDEFED   xdc_runtime_Timestamp_get64__E                                            
UNDEFED   xdc_runtime_Timestamp_getFreq__E                                          

[884 symbols]
